Component: ARM Compiler 5.05 update 1 (build 106) Tool: armlink [4d0efa]

==============================================================================

Section Cross References

    startup_stm32f103xe.o(RESET) refers to startup_stm32f103xe.o(STACK) for __initial_sp
    startup_stm32f103xe.o(RESET) refers to startup_stm32f103xe.o(.text) for Reset_Handler
    startup_stm32f103xe.o(RESET) refers to stm32f1xx_it.o(i.NMI_Handler) for NMI_Handler
    startup_stm32f103xe.o(RESET) refers to stm32f1xx_it.o(i.HardFault_Handler) for HardFault_Handler
    startup_stm32f103xe.o(RESET) refers to stm32f1xx_it.o(i.MemManage_Handler) for MemManage_Handler
    startup_stm32f103xe.o(RESET) refers to stm32f1xx_it.o(i.BusFault_Handler) for BusFault_Handler
    startup_stm32f103xe.o(RESET) refers to stm32f1xx_it.o(i.UsageFault_Handler) for UsageFault_Handler
    startup_stm32f103xe.o(RESET) refers to stm32f1xx_it.o(i.SVC_Handler) for SVC_Handler
    startup_stm32f103xe.o(RESET) refers to stm32f1xx_it.o(i.DebugMon_Handler) for DebugMon_Handler
    startup_stm32f103xe.o(RESET) refers to stm32f1xx_it.o(i.PendSV_Handler) for PendSV_Handler
    startup_stm32f103xe.o(RESET) refers to stm32f1xx_it.o(i.SysTick_Handler) for SysTick_Handler
    startup_stm32f103xe.o(RESET) refers to stm32f1xx_it.o(i.EXTI0_IRQHandler) for EXTI0_IRQHandler
    startup_stm32f103xe.o(RESET) refers to stm32f1xx_it.o(i.EXTI1_IRQHandler) for EXTI1_IRQHandler
    startup_stm32f103xe.o(RESET) refers to stm32f1xx_it.o(i.TIM1_UP_IRQHandler) for TIM1_UP_IRQHandler
    startup_stm32f103xe.o(RESET) refers to stm32f1xx_it.o(i.USART1_IRQHandler) for USART1_IRQHandler
    startup_stm32f103xe.o(RESET) refers to stm32f1xx_it.o(i.USART2_IRQHandler) for USART2_IRQHandler
    startup_stm32f103xe.o(RESET) refers to stm32f1xx_it.o(i.USART3_IRQHandler) for USART3_IRQHandler
    startup_stm32f103xe.o(.text) refers to system_stm32f1xx.o(i.SystemInit) for SystemInit
    startup_stm32f103xe.o(.text) refers to entry.o(.ARM.Collect$$$$00000000) for __main
    system_stm32f1xx.o(i.SystemCoreClockUpdate) refers to system_stm32f1xx.o(.data) for .data
    system_stm32f1xx.o(i.SystemCoreClockUpdate) refers to system_stm32f1xx.o(.constdata) for .constdata
    stm32f1xx_it.o(i.EXTI0_IRQHandler) refers to stm32f1xx_hal_gpio.o(i.HAL_GPIO_EXTI_IRQHandler) for HAL_GPIO_EXTI_IRQHandler
    stm32f1xx_it.o(i.EXTI1_IRQHandler) refers to stm32f1xx_hal_gpio.o(i.HAL_GPIO_EXTI_IRQHandler) for HAL_GPIO_EXTI_IRQHandler
    stm32f1xx_it.o(i.SysTick_Handler) refers to stm32f1xx_hal.o(i.HAL_IncTick) for HAL_IncTick
    stm32f1xx_it.o(i.SysTick_Handler) refers to stm32f1xx_hal_cortex.o(i.HAL_SYSTICK_IRQHandler) for HAL_SYSTICK_IRQHandler
    stm32f1xx_it.o(i.TIM1_UP_IRQHandler) refers to stm32f1xx_hal_tim.o(i.HAL_TIM_IRQHandler) for HAL_TIM_IRQHandler
    stm32f1xx_it.o(i.TIM1_UP_IRQHandler) refers to main.o(.bss) for htim1
    stm32f1xx_it.o(i.USART1_IRQHandler) refers to stm32f1xx_hal_uart.o(i.HAL_UART_IRQHandler) for HAL_UART_IRQHandler
    stm32f1xx_it.o(i.USART1_IRQHandler) refers to main.o(.bss) for huart1
    stm32f1xx_it.o(i.USART2_IRQHandler) refers to stm32f1xx_hal_uart.o(i.HAL_UART_IRQHandler) for HAL_UART_IRQHandler
    stm32f1xx_it.o(i.USART2_IRQHandler) refers to main.o(.bss) for huart2
    stm32f1xx_it.o(i.USART3_IRQHandler) refers to stm32f1xx_hal_uart.o(i.HAL_UART_IRQHandler) for HAL_UART_IRQHandler
    stm32f1xx_it.o(i.USART3_IRQHandler) refers to main.o(.bss) for huart3
    stm32f1xx_hal_msp.o(i.HAL_I2C_MspDeInit) refers to stm32f1xx_hal_gpio.o(i.HAL_GPIO_DeInit) for HAL_GPIO_DeInit
    stm32f1xx_hal_msp.o(i.HAL_I2C_MspInit) refers to stm32f1xx_hal_gpio.o(i.HAL_GPIO_Init) for HAL_GPIO_Init
    stm32f1xx_hal_msp.o(i.HAL_MspInit) refers to stm32f1xx_hal_cortex.o(i.HAL_NVIC_SetPriorityGrouping) for HAL_NVIC_SetPriorityGrouping
    stm32f1xx_hal_msp.o(i.HAL_MspInit) refers to stm32f1xx_hal_cortex.o(i.HAL_NVIC_SetPriority) for HAL_NVIC_SetPriority
    stm32f1xx_hal_msp.o(i.HAL_TIM_Base_MspDeInit) refers to stm32f1xx_hal_cortex.o(i.HAL_NVIC_DisableIRQ) for HAL_NVIC_DisableIRQ
    stm32f1xx_hal_msp.o(i.HAL_TIM_Base_MspInit) refers to stm32f1xx_hal_cortex.o(i.HAL_NVIC_SetPriority) for HAL_NVIC_SetPriority
    stm32f1xx_hal_msp.o(i.HAL_TIM_Base_MspInit) refers to stm32f1xx_hal_cortex.o(i.HAL_NVIC_EnableIRQ) for HAL_NVIC_EnableIRQ
    stm32f1xx_hal_msp.o(i.HAL_TIM_Encoder_MspDeInit) refers to stm32f1xx_hal_gpio.o(i.HAL_GPIO_DeInit) for HAL_GPIO_DeInit
    stm32f1xx_hal_msp.o(i.HAL_TIM_Encoder_MspInit) refers to stm32f1xx_hal_gpio.o(i.HAL_GPIO_Init) for HAL_GPIO_Init
    stm32f1xx_hal_msp.o(i.HAL_TIM_MspPostInit) refers to stm32f1xx_hal_gpio.o(i.HAL_GPIO_Init) for HAL_GPIO_Init
    stm32f1xx_hal_msp.o(i.HAL_UART_MspDeInit) refers to stm32f1xx_hal_gpio.o(i.HAL_GPIO_DeInit) for HAL_GPIO_DeInit
    stm32f1xx_hal_msp.o(i.HAL_UART_MspDeInit) refers to stm32f1xx_hal_cortex.o(i.HAL_NVIC_DisableIRQ) for HAL_NVIC_DisableIRQ
[...]
    ../clib/microlib/longlong.c              0x00000000   Number         0  llushr.o ABSOLUTE
    ../clib/microlib/longlong.c              0x00000000   Number         0  llsshr.o ABSOLUTE
    ../clib/microlib/longlong.c              0x00000000   Number         0  llshl.o ABSOLUTE
    ../clib/microlib/malloc/malloc.c         0x00000000   Number         0  mallocr.o ABSOLUTE
    ../clib/microlib/malloc/malloc.c         0x00000000   Number         0  mallocra.o ABSOLUTE
    ../clib/microlib/malloc/malloc.c         0x00000000   Number         0  malloc.o ABSOLUTE
    ../clib/microlib/malloc/malloc.c         0x00000000   Number         0  malloca.o ABSOLUTE
    ../clib/microlib/malloc/mvars.c          0x00000000   Number         0  mvars.o ABSOLUTE
    ../clib/microlib/printf/printf.c         0x00000000   Number         0  printf1.o ABSOLUTE
    ../clib/microlib/printf/printf.c         0x00000000   Number         0  printf0.o ABSOLUTE
    ../clib/microlib/printf/printf.c         0x00000000   Number         0  printf7.o ABSOLUTE
    ../clib/microlib/printf/printf.c         0x00000000   Number         0  printfb.o ABSOLUTE
    ../clib/microlib/printf/printf.c         0x00000000   Number         0  printf8.o ABSOLUTE
    ../clib/microlib/printf/printf.c         0x00000000   Number         0  printfa.o ABSOLUTE
    ../clib/microlib/printf/printf.c         0x00000000   Number         0  printf3.o ABSOLUTE
    ../clib/microlib/printf/printf.c         0x00000000   Number         0  printf2.o ABSOLUTE
    ../clib/microlib/printf/printf.c         0x00000000   Number         0  printf6.o ABSOLUTE
    ../clib/microlib/printf/printf.c         0x00000000   Number         0  printf4.o ABSOLUTE
    ../clib/microlib/printf/printf.c         0x00000000   Number         0  printf5.o ABSOLUTE
    ../clib/microlib/printf/stubs.s          0x00000000   Number         0  stubs.o ABSOLUTE
    ../clib/microlib/stdio/streams.c         0x00000000   Number         0  stdout.o ABSOLUTE
    ../clib/microlib/string/memcpy.c         0x00000000   Number         0  memcpyb.o ABSOLUTE
    ../clib/microlib/string/memcpy.c         0x00000000   Number         0  memcpya.o ABSOLUTE
    ../clib/microlib/string/memset.c         0x00000000   Number         0  memseta.o ABSOLUTE
    ../clib/microlib/stubs.s                 0x00000000   Number         0  iusefp.o ABSOLUTE
    ../fplib/microlib/d2f.c                  0x00000000   Number         0  d2f.o ABSOLUTE
    ../fplib/microlib/f2d.c                  0x00000000   Number         0  f2d.o ABSOLUTE
    ../fplib/microlib/fpadd.c                0x00000000   Number         0  fadd.o ABSOLUTE
    ../fplib/microlib/fpadd.c                0x00000000   Number         0  dadd.o ABSOLUTE
    ../fplib/microlib/fpdiv.c                0x00000000   Number         0  ddiv.o ABSOLUTE
    ../fplib/microlib/fpdiv.c                0x00000000   Number         0  fdiv.o ABSOLUTE
    ../fplib/microlib/fpepilogue.c           0x00000000   Number         0  fepilogue.o ABSOLUTE
    ../fplib/microlib/fpepilogue.c           0x00000000   Number         0  depilogue.o ABSOLUTE
    ../fplib/microlib/fpfix.c                0x00000000   Number         0  dfixul.o ABSOLUTE
    ../fplib/microlib/fpfix.c                0x00000000   Number         0  ffixi.o ABSOLUTE
    ../fplib/microlib/fpfix.c                0x00000000   Number         0  dfixi.o ABSOLUTE
    ../fplib/microlib/fpflt.c                0x00000000   Number         0  dflti.o ABSOLUTE
    ../fplib/microlib/fpflt.c                0x00000000   Number         0  ffltui.o ABSOLUTE
    ../fplib/microlib/fpflt.c                0x00000000   Number         0  fflti.o ABSOLUTE
    ../fplib/microlib/fpmul.c                0x00000000   Number         0  dmul.o ABSOLUTE
    ../fplib/microlib/fpmul.c                0x00000000   Number         0  fmul.o ABSOLUTE
    ../fplib/microlib/fprnd.c                0x00000000   Number         0  frnd.o ABSOLUTE
    ../fplib/microlib/fpscalb.c              0x00000000   Number         0  dscalb.o ABSOLUTE
    ../fplib/microlib/fpscalb.c              0x00000000   Number         0  fscalb.o ABSOLUTE
    ../fplib/microlib/fpsqrt.c               0x00000000   Number         0  dsqrt.o ABSOLUTE
    ../fplib/microlib/fpsqrt.c               0x00000000   Number         0  fsqrt.o ABSOLUTE
    ../mathlib/atan.c                        0x00000000   Number         0  atan.o ABSOLUTE
    ../mathlib/atan.c                        0x00000000   Number         0  atan_x.o ABSOLUTE
    ../mathlib/cosf.c                        0x00000000   Number         0  cosf.o ABSOLUTE
    ../mathlib/cosf.c                        0x00000000   Number         0  cosf_x.o ABSOLUTE
    ../mathlib/dunder.c                      0x00000000   Number         0  dunder.o ABSOLUTE
    ../mathlib/fpclassify.c                  0x00000000   Number         0  fpclassify.o ABSOLUTE
    ../mathlib/fpclassifyf.c                 0x00000000   Number         0  fpclassifyf.o ABSOLUTE
    ../mathlib/funder.c                      0x00000000   Number         0  funder.o ABSOLUTE
    ../mathlib/poly.c                        0x00000000   Number         0  poly.o ABSOLUTE
    ../mathlib/rredf.c                       0x00000000   Number         0  rredf.o ABSOLUTE
    ../mathlib/sinf.c                        0x00000000   Number         0  sinf_x.o ABSOLUTE
    ../mathlib/sinf.c                        0x00000000   Number         0  sinf.o ABSOLUTE
    ../mathlib/sqrt.c                        0x00000000   Number         0  sqrt.o ABSOLUTE
    ../mathlib/sqrt.c                        0x00000000   Number         0  sqrt_x.o ABSOLUTE
    ../mathlib/sqrtf.c                       0x00000000   Number         0  sqrtf.o ABSOLUTE
    ../mathlib/sqrtf.c                       0x00000000   Number         0  sqrtf_x.o ABSOLUTE
    ..\Car-Pilot-master\FindRoad.c           0x00000000   Number         0  findroad.o ABSOLUTE
    ..\Car-Pilot-master\index_map.c          0x00000000   Number         0  index_map.o ABSOLUTE
    ..\Drivers\STM32F1xx_HAL_Driver\Src\stm32f1xx_hal.c 0x00000000   Number         0  stm32f1xx_hal.o ABSOLUTE
    ..\Drivers\STM32F1xx_HAL_Driver\Src\stm32f1xx_hal_cortex.c 0x00000000   Number         0  stm32f1xx_hal_cortex.o ABSOLUTE
    ..\Drivers\STM32F1xx_HAL_Driver\Src\stm32f1xx_hal_dma.c 0x00000000   Number         0  stm32f1xx_hal_dma.o ABSOLUTE
    ..\Drivers\STM32F1xx_HAL_Driver\Src\stm32f1xx_hal_flash.c 0x00000000   Number         0  stm32f1xx_hal_flash.o ABSOLUTE
    ..\Drivers\STM32F1xx_HAL_Driver\Src\stm32f1xx_hal_flash_ex.c 0x00000000   Number         0  stm32f1xx_hal_flash_ex.o ABSOLUTE
    ..\Drivers\STM32F1xx_HAL_Driver\Src\stm32f1xx_hal_gpio.c 0x00000000   Number         0  stm32f1xx_hal_gpio.o ABSOLUTE
    ..\Drivers\STM32F1xx_HAL_Driver\Src\stm32f1xx_hal_gpio_ex.c 0x00000000   Number         0  stm32f1xx_hal_gpio_ex.o ABSOLUTE
    ..\Drivers\STM32F1xx_HAL_Driver\Src\stm32f1xx_hal_i2c.c 0x00000000   Number         0  stm32f1xx_hal_i2c.o ABSOLUTE
    ..\Drivers\STM32F1xx_HAL_Driver\Src\stm32f1xx_hal_pwr.c 0x00000000   Number         0  stm32f1xx_hal_pwr.o ABSOLUTE
    ..\Drivers\STM32F1xx_HAL_Driver\Src\stm32f1xx_hal_rcc.c 0x00000000   Number         0  stm32f1xx_hal_rcc.o ABSOLUTE
    ..\Drivers\STM32F1xx_HAL_Driver\Src\stm32f1xx_hal_rcc_ex.c 0x00000000   Number         0  stm32f1xx_hal_rcc_ex.o ABSOLUTE
    ..\Drivers\STM32F1xx_HAL_Driver\Src\stm32f1xx_hal_tim.c 0x00000000   Number         0  stm32f1xx_hal_tim.o ABSOLUTE
    ..\Drivers\STM32F1xx_HAL_Driver\Src\stm32f1xx_hal_tim_ex.c 0x00000000   Number         0  stm32f1xx_hal_tim_ex.o ABSOLUTE
    ..\Drivers\STM32F1xx_HAL_Driver\Src\stm32f1xx_hal_uart.c 0x00000000   Number         0  stm32f1xx_hal_uart.o ABSOLUTE
    ..\Src\main.c                            0x00000000   Number         0  main.o ABSOLUTE
    ..\Src\stm32f1xx_hal_msp.c               0x00000000   Number         0  stm32f1xx_hal_msp.o ABSOLUTE
    ..\Src\stm32f1xx_it.c                    0x00000000   Number         0  stm32f1xx_it.o ABSOLUTE
    ..\Src\system_stm32f1xx.c                0x00000000   Number         0  system_stm32f1xx.o ABSOLUTE
    ..\Src\utils.c                           0x00000000   Number         0  utils.o ABSOLUTE
    ..\\Src\\utils.c                         0x00000000   Number         0  utils.o ABSOLUTE
    cdcmple.s                                0x00000000   Number         0  cdcmple.o ABSOLUTE
    cdrcmple.s                               0x00000000   Number         0  cdrcmple.o ABSOLUTE
    dc.s                                     0x00000000   Number         0  dc.o ABSOLUTE
    handlers.s                               0x00000000   Number         0  handlers.o ABSOLUTE
    init.s                                   0x00000000   Number         0  init.o ABSOLUTE
    startup_stm32f103xe.s                    0x00000000   Number         0  startup_stm32f103xe.o ABSOLUTE
    RESET                                    0x08000000   Section      304  startup_stm32f103xe.o(RESET)
    .ARM.Collect$$$$00000000                 0x08000130   Section        0  entry.o(.ARM.Collect$$$$00000000)
    .ARM.Collect$$$$00000001                 0x08000130   Section        4  entry2.o(.ARM.Collect$$$$00000001)
    .ARM.Collect$$$$00000004                 0x08000134   Section        4  entry5.o(.ARM.Collect$$$$00000004)
    .ARM.Collect$$$$00000008                 0x08000138   Section        0  entry7b.o(.ARM.Collect$$$$00000008)
    .ARM.Collect$$$$0000000A                 0x08000138   Section        0  entry8b.o(.ARM.Collect$$$$0000000A)
    .ARM.Collect$$$$0000000B                 0x08000138   Section        8  entry9a.o(.ARM.Collect$$$$0000000B)
    .ARM.Collect$$$$0000000D                 0x08000140   Section        0  entry10a.o(.ARM.Collect$$$$0000000D)
    .ARM.Collect$$$$0000000F                 0x08000140   Section        0  entry11a.o(.ARM.Collect$$$$0000000F)
    .ARM.Collect$$$$00002712                 0x08000140   Section        4  entry2.o(.ARM.Collect$$$$00002712)
    __lit__00000000                          0x08000140   Data           4  entry2.o(.ARM.Collect$$$$00002712)
    .text                                    0x08000144   Section       36  startup_stm32f103xe.o(.text)
    .text                                    0x08000168   Section        0  llushr.o(.text)
    .text                                    0x08000188   Section        0  memcpya.o(.text)
    .text                                    0x080001ac   Section        0  memseta.o(.text)
    .text                                    0x080001d0   Section        0  fadd.o(.text)
    .text                                    0x08000280   Section        0  fmul.o(.text)
    .text                                    0x080002e4   Section        0  fdiv.o(.text)
    .text                                    0x08000360   Section        0  fscalb.o(.text)
    .text                                    0x08000378   Section        0  dadd.o(.text)
    .text                                    0x080004c6   Section        0  dmul.o(.text)
    .text                                    0x080005aa   Section        0  ddiv.o(.text)
    .text                                    0x08000688   Section        0  fflti.o(.text)
    .text                                    0x0800069a   Section        0  dflti.o(.text)
    .text                                    0x080006bc   Section        0  ffixi.o(.text)
    .text                                    0x080006ee   Section        0  dfixi.o(.text)
    .text                                    0x0800072c   Section        0  f2d.o(.text)
    .text                                    0x08000752   Section        0  uidiv.o(.text)
    .text                                    0x0800077e   Section        0  uldiv.o(.text)
    .text                                    0x080007e0   Section        0  llshl.o(.text)
    .text                                    0x080007fe   Section        0  llsshr.o(.text)
    .text                                    0x08000822   Section        0  iusefp.o(.text)
    .text                                    0x08000822   Section        0  fepilogue.o(.text)
    .text                                    0x08000890   Section        0  fsqrt.o(.text)
    .text                                    0x080008ee   Section        0  frnd.o(.text)
    .text                                    0x0800092a   Section        0  depilogue.o(.text)
    .text                                    0x080009e4   Section        0  dsqrt.o(.text)
    .text                                    0x08000a86   Section        0  dfixul.o(.text)
    .text                                    0x08000ab8   Section       48  cdrcmple.o(.text)
    .text                                    0x08000ae8   Section       36  init.o(.text)
    .text                                    0x08000b0c   Section        0  ffltui.o(.text)
    i.BusFault_Handler                       0x08000b16   Section        0  stm32f1xx_it.o(i.BusFault_Handler)
    i.DebugMon_Handler                       0x08000b18   Section        0  stm32f1xx_it.o(i.DebugMon_Handler)
    i.EXTI0_IRQHandler                       0x08000b1a   Section        0  stm32f1xx_it.o(i.EXTI0_IRQHandler)
    i.EXTI1_IRQHandler                       0x08000b20   Section        0  stm32f1xx_it.o(i.EXTI1_IRQHandler)
    i.EuclideanDis                           0x08000b26   Section        0  findroad.o(i.EuclideanDis)
    i.GetNextMove                            0x08000b40   Section        0  findroad.o(i.GetNextMove)
    i.HAL_DMA_Abort_IT                       0x08000c28   Section        0  stm32f1xx_hal_dma.o(i.HAL_DMA_Abort_IT)
    i.HAL_GPIO_EXTI_Callback                 0x08000d58   Section        0  main.o(i.HAL_GPIO_EXTI_Callback)
    i.HAL_GPIO_EXTI_IRQHandler               0x08000d5c   Section        0  stm32f1xx_hal_gpio.o(i.HAL_GPIO_EXTI_IRQHandler)
    i.HAL_GPIO_Init                          0x08000d74   Section        0  stm32f1xx_hal_gpio.o(i.HAL_GPIO_Init)
    i.HAL_GPIO_ReadPin                       0x08000f5c   Section        0  stm32f1xx_hal_gpio.o(i.HAL_GPIO_ReadPin)
    i.HAL_GPIO_WritePin                      0x08000f66   Section        0  stm32f1xx_hal_gpio.o(i.HAL_GPIO_WritePin)
    i.HAL_GetTick                            0x08000f70   Section        0  stm32f1xx_hal.o(i.HAL_GetTick)
    i.HAL_I2C_Init                           0x08000f7c   Section        0  stm32f1xx_hal_i2c.o(i.HAL_I2C_Init)
    i.HAL_I2C_MspInit                        0x08001084   Section        0  stm32f1xx_hal_msp.o(i.HAL_I2C_MspInit)
    i.HAL_IncTick                            0x080010d8   Section        0  stm32f1xx_hal.o(i.HAL_IncTick)
    i.HAL_Init                               0x080010e8   Section        0  stm32f1xx_hal.o(i.HAL_Init)
    i.HAL_InitTick                           0x0800110c   Section        0  stm32f1xx_hal.o(i.HAL_InitTick)
    i.HAL_MspInit                            0x08001134   Section        0  stm32f1xx_hal_msp.o(i.HAL_MspInit)
    i.HAL_NVIC_EnableIRQ                     0x080011b8   Section        0  stm32f1xx_hal_cortex.o(i.HAL_NVIC_EnableIRQ)
    i.HAL_NVIC_SetPriority                   0x080011d0   Section        0  stm32f1xx_hal_cortex.o(i.HAL_NVIC_SetPriority)
    i.HAL_NVIC_SetPriorityGrouping           0x08001210   Section        0  stm32f1xx_hal_cortex.o(i.HAL_NVIC_SetPriorityGrouping)
    i.HAL_RCC_ClockConfig                    0x08001234   Section        0  stm32f1xx_hal_rcc.o(i.HAL_RCC_ClockConfig)
    i.HAL_RCC_GetHCLKFreq                    0x08001388   Section        0  stm32f1xx_hal_rcc.o(i.HAL_RCC_GetHCLKFreq)
    i.HAL_RCC_GetPCLK1Freq                   0x08001394   Section        0  stm32f1xx_hal_rcc.o(i.HAL_RCC_GetPCLK1Freq)
    i.HAL_RCC_GetPCLK2Freq                   0x080013b4   Section        0  stm32f1xx_hal_rcc.o(i.HAL_RCC_GetPCLK2Freq)
    i.HAL_RCC_GetSysClockFreq                0x080013d4   Section        0  stm32f1xx_hal_rcc.o(i.HAL_RCC_GetSysClockFreq)
    i.HAL_RCC_OscConfig                      0x08001440   Section        0  stm32f1xx_hal_rcc.o(i.HAL_RCC_OscConfig)
    i.HAL_SYSTICK_CLKSourceConfig            0x08001744   Section        0  stm32f1xx_hal_cortex.o(i.HAL_SYSTICK_CLKSourceConfig)
    i.HAL_SYSTICK_Callback                   0x0800175c   Section        0  stm32f1xx_hal_cortex.o(i.HAL_SYSTICK_Callback)
    i.HAL_SYSTICK_Config                     0x0800175e   Section        0  stm32f1xx_hal_cortex.o(i.HAL_SYSTICK_Config)
    i.HAL_SYSTICK_IRQHandler                 0x08001786   Section        0  stm32f1xx_hal_cortex.o(i.HAL_SYSTICK_IRQHandler)
    i.HAL_TIMEx_BreakCallback                0x0800178e   Section        0  stm32f1xx_hal_tim_ex.o(i.HAL_TIMEx_BreakCallback)
    i.HAL_TIMEx_CommutationCallback          0x08001790   Section        0  stm32f1xx_hal_tim_ex.o(i.HAL_TIMEx_CommutationCallback)
    i.HAL_TIMEx_MasterConfigSynchronization  0x08001792   Section        0  stm32f1xx_hal_tim_ex.o(i.HAL_TIMEx_MasterConfigSynchronization)
    i.HAL_TIM_Base_Init                      0x080017e2   Section        0  stm32f1xx_hal_tim.o(i.HAL_TIM_Base_Init)
    i.HAL_TIM_Base_MspInit                   0x08001818   Section        0  stm32f1xx_hal_msp.o(i.HAL_TIM_Base_MspInit)
    i.HAL_TIM_Base_Start_IT                  0x08001854   Section        0  stm32f1xx_hal_tim.o(i.HAL_TIM_Base_Start_IT)
    i.HAL_TIM_ConfigClockSource              0x0800186c   Section        0  stm32f1xx_hal_tim.o(i.HAL_TIM_ConfigClockSource)
    i.HAL_TIM_Encoder_Init                   0x0800195e   Section        0  stm32f1xx_hal_tim.o(i.HAL_TIM_Encoder_Init)
    i.HAL_TIM_Encoder_MspInit                0x080019f4   Section        0  stm32f1xx_hal_msp.o(i.HAL_TIM_Encoder_MspInit)
    i.HAL_TIM_Encoder_Start                  0x08001a50   Section        0  stm32f1xx_hal_tim.o(i.HAL_TIM_Encoder_Start)
    i.HAL_TIM_IC_CaptureCallback             0x08001a84   Section        0  stm32f1xx_hal_tim.o(i.HAL_TIM_IC_CaptureCallback)
    i.HAL_TIM_IRQHandler                     0x08001a86   Section        0  stm32f1xx_hal_tim.o(i.HAL_TIM_IRQHandler)
    i.HAL_TIM_MspPostInit                    0x08001bec   Section        0  stm32f1xx_hal_msp.o(i.HAL_TIM_MspPostInit)
    i.HAL_TIM_OC_DelayElapsedCallback        0x08001c14   Section        0  stm32f1xx_hal_tim.o(i.HAL_TIM_OC_DelayElapsedCallback)
    i.HAL_TIM_PWM_ConfigChannel              0x08001c16   Section        0  stm32f1xx_hal_tim.o(i.HAL_TIM_PWM_ConfigChannel)
    i.HAL_TIM_PWM_Init                       0x08001ce6   Section        0  stm32f1xx_hal_tim.o(i.HAL_TIM_PWM_Init)
    i.HAL_TIM_PWM_MspInit                    0x08001d1c   Section        0  stm32f1xx_hal_msp.o(i.HAL_TIM_PWM_MspInit)
    i.HAL_TIM_PWM_PulseFinishedCallback      0x08001d44   Section        0  stm32f1xx_hal_tim.o(i.HAL_TIM_PWM_PulseFinishedCallback)
    i.HAL_TIM_PWM_Start                      0x08001d48   Section        0  stm32f1xx_hal_tim.o(i.HAL_TIM_PWM_Start)
    i.HAL_TIM_PeriodElapsedCallback          0x08001d80   Section        0  main.o(i.HAL_TIM_PeriodElapsedCallback)
    i.HAL_TIM_TriggerCallback                0x08001de4   Section        0  stm32f1xx_hal_tim.o(i.HAL_TIM_TriggerCallback)
    i.HAL_UART_ErrorCallback                 0x08001de6   Section        0  stm32f1xx_hal_uart.o(i.HAL_UART_ErrorCallback)
    i.HAL_UART_IRQHandler                    0x08001de8   Section        0  stm32f1xx_hal_uart.o(i.HAL_UART_IRQHandler)
    i.HAL_UART_Init                          0x08001ef8   Section        0  stm32f1xx_hal_uart.o(i.HAL_UART_Init)
    i.HAL_UART_MspInit                       0x08001f5c   Section        0  stm32f1xx_hal_msp.o(i.HAL_UART_MspInit)
    i.HAL_UART_Receive_IT                    0x0800206c   Section        0  stm32f1xx_hal_uart.o(i.HAL_UART_Receive_IT)
    i.HAL_UART_RxCpltCallback                0x080020c0   Section        0  main.o(i.HAL_UART_RxCpltCallback)
    i.HAL_UART_Transmit                      0x0800215c   Section        0  stm32f1xx_hal_uart.o(i.HAL_UART_Transmit)
    i.HAL_UART_TxCpltCallback                0x08002216   Section        0  stm32f1xx_hal_uart.o(i.HAL_UART_TxCpltCallback)
    i.HardFault_Handler                      0x08002218   Section        0  stm32f1xx_it.o(i.HardFault_Handler)
    i.MX_GPIO_Init                           0x0800221c   Section        0  main.o(i.MX_GPIO_Init)
    MX_GPIO_Init                             0x0800221d   Thumb Code   174  main.o(i.MX_GPIO_Init)
    i.MX_I2C1_Init                           0x080022dc   Section        0  main.o(i.MX_I2C1_Init)
    MX_I2C1_Init                             0x080022dd   Thumb Code    44  main.o(i.MX_I2C1_Init)
    i.MX_TIM1_Init                           0x08002314   Section        0  main.o(i.MX_TIM1_Init)
    MX_TIM1_Init                             0x08002315   Thumb Code    80  main.o(i.MX_TIM1_Init)
    i.MX_TIM2_Init                           0x0800236c   Section        0  main.o(i.MX_TIM2_Init)
    MX_TIM2_Init                             0x0800236d   Thumb Code    84  main.o(i.MX_TIM2_Init)
    i.MX_TIM3_Init                           0x080023c4   Section        0  main.o(i.MX_TIM3_Init)
    MX_TIM3_Init                             0x080023c5   Thumb Code    82  main.o(i.MX_TIM3_Init)
    i.MX_TIM4_Init                           0x08002420   Section        0  main.o(i.MX_TIM4_Init)
    MX_TIM4_Init                             0x08002421   Thumb Code    98  main.o(i.MX_TIM4_Init)
    i.MemManage_Handler                      0x0800248c   Section        0  stm32f1xx_it.o(i.MemManage_Handler)
    i.NMI_Handler                            0x0800248e   Section        0  stm32f1xx_it.o(i.NMI_Handler)
    i.NVIC_SetPriority                       0x08002490   Section        0  stm32f1xx_hal_cortex.o(i.NVIC_SetPriority)
    NVIC_SetPriority                         0x08002491   Thumb Code    32  stm32f1xx_hal_cortex.o(i.NVIC_SetPriority)
    i.PIDInit                                0x080024b0   Section        0  main.o(i.PIDInit)
    i.PendSV_Handler                         0x080024c8   Section        0  stm32f1xx_it.o(i.PendSV_Handler)
    i.SVC_Handler                            0x080024ca   Section        0  stm32f1xx_it.o(i.SVC_Handler)
    i.SysTick_Handler                        0x080024cc   Section        0  stm32f1xx_it.o(i.SysTick_Handler)
    i.SystemClock_Config                     0x080024da   Section        0  main.o(i.SystemClock_Config)
    i.SystemInit                             0x08002534   Section        0  system_stm32f1xx.o(i.SystemInit)
    i.TIM1_UP_IRQHandler                     0x0800257c   Section        0  stm32f1xx_it.o(i.TIM1_UP_IRQHandler)
    i.TIM_Base_SetConfig                     0x08002588   Section        0  stm32f1xx_hal_tim.o(i.TIM_Base_SetConfig)
    i.TIM_CCxChannelCmd                      0x08002614   Section        0  stm32f1xx_hal_tim.o(i.TIM_CCxChannelCmd)
    i.TIM_ETR_SetConfig                      0x0800262a   Section        0  stm32f1xx_hal_tim.o(i.TIM_ETR_SetConfig)
    TIM_ETR_SetConfig                        0x0800262b   Thumb Code    20  stm32f1xx_hal_tim.o(i.TIM_ETR_SetConfig)
    i.TIM_ITRx_SetConfig                     0x0800263e   Section        0  stm32f1xx_hal_tim.o(i.TIM_ITRx_SetConfig)
    TIM_ITRx_SetConfig                       0x0800263f   Thumb Code    16  stm32f1xx_hal_tim.o(i.TIM_ITRx_SetConfig)
    i.TIM_OC1_SetConfig                      0x08002650   Section        0  stm32f1xx_hal_tim.o(i.TIM_OC1_SetConfig)
    TIM_OC1_SetConfig                        0x08002651   Thumb Code    88  stm32f1xx_hal_tim.o(i.TIM_OC1_SetConfig)
    i.TIM_OC2_SetConfig                      0x080026b0   Section        0  stm32f1xx_hal_tim.o(i.TIM_OC2_SetConfig)
    i.TIM_OC3_SetConfig                      0x0800271c   Section        0  stm32f1xx_hal_tim.o(i.TIM_OC3_SetConfig)
    TIM_OC3_SetConfig                        0x0800271d   Thumb Code    96  stm32f1xx_hal_tim.o(i.TIM_OC3_SetConfig)
    i.TIM_OC4_SetConfig                      0x08002784   Section        0  stm32f1xx_hal_tim.o(i.TIM_OC4_SetConfig)
    TIM_OC4_SetConfig                        0x08002785   Thumb Code    70  stm32f1xx_hal_tim.o(i.TIM_OC4_SetConfig)
    i.TIM_TI1_ConfigInputStage               0x080027d4   Section        0  stm32f1xx_hal_tim.o(i.TIM_TI1_ConfigInputStage)
    TIM_TI1_ConfigInputStage                 0x080027d5   Thumb Code    34  stm32f1xx_hal_tim.o(i.TIM_TI1_ConfigInputStage)
    i.TIM_TI2_ConfigInputStage               0x080027f6   Section        0  stm32f1xx_hal_tim.o(i.TIM_TI2_ConfigInputStage)
    TIM_TI2_ConfigInputStage                 0x080027f7   Thumb Code    36  stm32f1xx_hal_tim.o(i.TIM_TI2_ConfigInputStage)
    i.UART_DMAAbortOnError                   0x0800281a   Section        0  stm32f1xx_hal_uart.o(i.UART_DMAAbortOnError)
    UART_DMAAbortOnError                     0x0800281b   Thumb Code    16  stm32f1xx_hal_uart.o(i.UART_DMAAbortOnError)
    i.UART_EndRxTransfer                     0x0800282a   Section        0  stm32f1xx_hal_uart.o(i.UART_EndRxTransfer)
    UART_EndRxTransfer                       0x0800282b   Thumb Code    28  stm32f1xx_hal_uart.o(i.UART_EndRxTransfer)
    i.UART_Receive_IT                        0x08002846   Section        0  stm32f1xx_hal_uart.o(i.UART_Receive_IT)
    UART_Receive_IT                          0x08002847   Thumb Code   150  stm32f1xx_hal_uart.o(i.UART_Receive_IT)
    i.UART_SetConfig                         0x080028dc   Section        0  stm32f1xx_hal_uart.o(i.UART_SetConfig)
    UART_SetConfig                           0x080028dd   Thumb Code   364  stm32f1xx_hal_uart.o(i.UART_SetConfig)
    i.UART_Transmit_IT                       0x08002a4c   Section        0  stm32f1xx_hal_uart.o(i.UART_Transmit_IT)
    UART_Transmit_IT                         0x08002a4d   Thumb Code    98  stm32f1xx_hal_uart.o(i.UART_Transmit_IT)
    i.UART_WaitOnFlagUntilTimeout            0x08002aae   Section        0  stm32f1xx_hal_uart.o(i.UART_WaitOnFlagUntilTimeout)
    UART_WaitOnFlagUntilTimeout              0x08002aaf   Thumb Code   100  stm32f1xx_hal_uart.o(i.UART_WaitOnFlagUntilTimeout)
    i.USART1_IRQHandler                      0x08002b14   Section        0  stm32f1xx_it.o(i.USART1_IRQHandler)
    i.USART2_IRQHandler                      0x08002b20   Section        0  stm32f1xx_it.o(i.USART2_IRQHandler)
    i.USART3_IRQHandler                      0x08002b2c   Section        0  stm32f1xx_it.o(i.USART3_IRQHandler)
    i.UsageFault_Handler                     0x08002b38   Section        0  stm32f1xx_it.o(i.UsageFault_Handler)
    i.__0printf                              0x08002b3c   Section        0  printfa.o(i.__0printf)
    i.__ARM_fpclassifyf                      0x08002b5c   Section        0  fpclassifyf.o(i.__ARM_fpclassifyf)
    i.__mathlib_flt_infnan                   0x08002b82   Section        0  funder.o(i.__mathlib_flt_infnan)
    i.__mathlib_flt_invalid                  0x08002b88   Section        0  funder.o(i.__mathlib_flt_invalid)
    i.__mathlib_flt_underflow                0x08002b90   Section        0  funder.o(i.__mathlib_flt_underflow)
    i.__mathlib_rredf2                       0x08002b9c   Section        0  rredf.o(i.__mathlib_rredf2)
    i.__scatterload_copy                     0x08002d04   Section       14  handlers.o(i.__scatterload_copy)
    i.__scatterload_null                     0x08002d12   Section        2  handlers.o(i.__scatterload_null)
    i.__scatterload_zeroinit                 0x08002d14   Section       14  handlers.o(i.__scatterload_zeroinit)
    i.__set_errno                            0x08002d24   Section        0  errno.o(i.__set_errno)
    i._fp_digits                             0x08002d30   Section        0  printfa.o(i._fp_digits)
    _fp_digits                               0x08002d31   Thumb Code   334  printfa.o(i._fp_digits)
    i._printf_core                           0x08002e94   Section        0  printfa.o(i._printf_core)
    _printf_core                             0x08002e95   Thumb Code  1744  printfa.o(i._printf_core)
    i._printf_post_padding                   0x08003570   Section        0  printfa.o(i._printf_post_padding)
    _printf_post_padding                     0x08003571   Thumb Code    36  printfa.o(i._printf_post_padding)
    i._printf_pre_padding                    0x08003594   Section        0  printfa.o(i._printf_pre_padding)
    _printf_pre_padding                      0x08003595   Thumb Code    46  printfa.o(i._printf_pre_padding)
    i.computeIntersection                    0x080035c2   Section        0  findroad.o(i.computeIntersection)
    i.coreGetCarMove                         0x08003630   Section        0  findroad.o(i.coreGetCarMove)
    i.cosf                                   0x08003770   Section        0  cosf.o(i.cosf)
    i.crossProduct                           0x080038ec   Section        0  findroad.o(i.crossProduct)
    i.deleteEdgeList                         0x0800390c   Section        0  findroad.o(i.deleteEdgeList)
    i.deleteMoveList                         0x08003924   Section        0  findroad.o(i.deleteMoveList)
    i.dijkstra                               0x08003940   Section        0  findroad.o(i.dijkstra)
    i.find_road                              0x08003a6c   Section        0  findroad.o(i.find_road)
    i.fputc                                  0x08003d90   Section        0  utils.o(i.fputc)
    i.free                                   0x08003db0   Section        0  malloc.o(i.free)
    i.getCarMoveFromPoints                   0x08003e00   Section        0  findroad.o(i.getCarMoveFromPoints)
    i.getDis                                 0x08003e54   Section        0  findroad.o(i.getDis)
    i.get_next_move                          0x08003e70   Section        0  findroad.o(i.get_next_move)
    i.initDis                                0x08003f20   Section        0  findroad.o(i.initDis)
    i.initEdgeList                           0x08003fbc   Section        0  findroad.o(i.initEdgeList)
    i.initMoveList                           0x08004008   Section        0  findroad.o(i.initMoveList)
    i.main                                   0x08004054   Section        0  main.o(i.main)
    i.malloc                                 0x080042f8   Section        0  malloc.o(i.malloc)
    i.myCos                                  0x08004364   Section        0  findroad.o(i.myCos)
    i.mySin                                  0x08004384   Section        0  findroad.o(i.mySin)
    i.setInitHandle                          0x080043a4   Section        0  utils.o(i.setInitHandle)
    i.sinf                                   0x080043b0   Section        0  sinf.o(i.sinf)
    i.sqrt                                   0x08004538   Section        0  sqrt.o(i.sqrt)
    i.sqrtf                                  0x08004584   Section        0  sqrtf.o(i.sqrtf)
    .constdata                               0x080045b0   Section       16  system_stm32f1xx.o(.constdata)
    .constdata                               0x080045c0   Section        8  system_stm32f1xx.o(.constdata)
    .constdata                               0x080045c8   Section      224  index_map.o(.constdata)
    .constdata                               0x080046a8   Section      224  index_map.o(.constdata)
    .constdata                               0x08004788   Section       85  index_map.o(.constdata)
    .constdata                               0x080047dd   Section       85  index_map.o(.constdata)
    .constdata                               0x08004832   Section      112  index_map.o(.constdata)
    .constdata                               0x080048a2   Section    72900  index_map.o(.constdata)
    .constdata                               0x08016568   Section       32  rredf.o(.constdata)
    twooverpi                                0x08016568   Data          32  rredf.o(.constdata)
    .data                                    0x20000000   Section        4  system_stm32f1xx.o(.data)
    .data                                    0x20000004   Section       16  main.o(.data)
    .data                                    0x20000014   Section        4  findroad.o(.data)
    carMovePoolTop                           0x20000014   Data           4  findroad.o(.data)
    .data                                    0x20000018   Section        4  utils.o(.data)
    .data                                    0x2000001c   Section        4  stm32f1xx_hal.o(.data)
    .data                                    0x20000020   Section        4  stdout.o(.data)
    .data                                    0x20000024   Section        4  mvars.o(.data)
    .data                                    0x20000028   Section        4  mvars.o(.data)
    .data                                    0x2000002c   Section        4  errno.o(.data)
    _errno                                   0x2000002c   Data           4  errno.o(.data)
    .bss                                     0x20000030   Section      761  main.o(.bss)
    a                                        0x20000030   Data          64  main.o(.bss)
    .bss                                     0x2000032c   Section     9700  findroad.o(.bss)
    HEAP                                     0x20002910   Section     1024  startup_stm32f103xe.o(HEAP)
    STACK                                    0x20002d10   Section     1024  startup_stm32f103xe.o(STACK)

    Global Symbols

    Symbol Name                              Value     Ov Type        Size  Object(Section)

    BuildAttributes$$THM_ISAv4$P$D$K$B$S$PE$A:L22UL41UL21$X:L11$S22US41US21$IEEE1$IW$USESV6$~STKCKD$USESV7$~SHL$OTIME$ROPI$IEEEX$EBA8$MICROLIB$REQ8$PRES8$EABIv2 0x00000000   Number         0  anon$$obj.o ABSOLUTE
    __ARM_use_no_argv                        0x00000000   Number         0  main.o ABSOLUTE
    _printf_a                                0x00000000   Number         0  stubs.o ABSOLUTE
    _printf_c                                0x00000000   Number         0  stubs.o ABSOLUTE
    _printf_charcount                        0x00000000   Number         0  stubs.o ABSOLUTE
    _printf_d                                0x00000000   Number         0  stubs.o ABSOLUTE
    _printf_e                                0x00000000   Number         0  stubs.o ABSOLUTE
    _printf_f                                0x00000000   Number         0  stubs.o ABSOLUTE
    _printf_flags                            0x00000000   Number         0  stubs.o ABSOLUTE
    _printf_fp_dec                           0x00000000   Number         0  stubs.o ABSOLUTE
    _printf_fp_hex                           0x00000000   Number         0  stubs.o ABSOLUTE
    _printf_g                                0x00000000   Number         0  stubs.o ABSOLUTE
    _printf_i                                0x00000000   Number         0  stubs.o ABSOLUTE
    _printf_int_dec                          0x00000000   Number         0  stubs.o ABSOLUTE
    _printf_l                                0x00000000   Number         0  stubs.o ABSOLUTE
    _printf_lc                               0x00000000   Number         0  stubs.o ABSOLUTE
    _printf_ll                               0x00000000   Number         0  stubs.o ABSOLUTE
    _printf_lld                              0x00000000   Number         0  stubs.o ABSOLUTE
    _printf_lli                              0x00000000   Number         0  stubs.o ABSOLUTE
    _printf_llo                              0x00000000   Number         0  stubs.o ABSOLUTE
    _printf_llu                              0x00000000   Number         0  stubs.o ABSOLUTE
    _printf_llx                              0x00000000   Number         0  stubs.o ABSOLUTE
    _printf_longlong_dec                     0x00000000   Number         0  stubs.o ABSOLUTE
    _printf_longlong_hex                     0x00000000   Number         0  stubs.o ABSOLUTE
    _printf_longlong_oct                     0x00000000   Number         0  stubs.o ABSOLUTE
    _printf_ls                               0x00000000   Number         0  stubs.o ABSOLUTE
    _printf_mbtowc                           0x00000000   Number         0  stubs.o ABSOLUTE
    _printf_n                                0x00000000   Number         0  stubs.o ABSOLUTE
    _printf_o                                0x00000000   Number         0  stubs.o ABSOLUTE
    _printf_p                                0x00000000   Number         0  stubs.o ABSOLUTE
    _printf_percent                          0x00000000   Number         0  stubs.o ABSOLUTE
    _printf_pre_padding                      0x00000000   Number         0  stubs.o ABSOLUTE
    _printf_return_value                     0x00000000   Number         0  stubs.o ABSOLUTE
    _printf_s                                0x00000000   Number         0  stubs.o ABSOLUTE
    _printf_sizespec                         0x00000000   Number         0  stubs.o ABSOLUTE
    _printf_str                              0x00000000   Number         0  stubs.o ABSOLUTE
    _printf_truncate_signed                  0x00000000   Number         0  stubs.o ABSOLUTE
    _printf_truncate_unsigned                0x00000000   Number         0  stubs.o ABSOLUTE
    _printf_u                                0x00000000   Number         0  stubs.o ABSOLUTE
    _printf_wc                               0x00000000   Number         0  stubs.o ABSOLUTE
    _printf_wctomb                           0x00000000   Number         0  stubs.o ABSOLUTE
    _printf_widthprec                        0x00000000   Number         0  stubs.o ABSOLUTE
    _printf_x                                0x00000000   Number         0  stubs.o ABSOLUTE
    __cpp_initialize__aeabi_                  - Undefined Weak Reference
    __cxa_finalize                            - Undefined Weak Reference
    __decompress                              - Undefined Weak Reference
    _clock_init                               - Undefined Weak Reference
    _microlib_exit                            - Undefined Weak Reference
    __Vectors_Size                           0x00000130   Number         0  startup_stm32f103xe.o ABSOLUTE
    __Vectors                                0x08000000   Data           4  startup_stm32f103xe.o(RESET)
    __Vectors_End                            0x08000130   Data           0  startup_stm32f103xe.o(RESET)
    __main                                   0x08000131   Thumb Code     0  entry.o(.ARM.Collect$$$$00000000)
    _main_stk                                0x08000131   Thumb Code     0  entry2.o(.ARM.Collect$$$$00000001)
    _main_scatterload                        0x08000135   Thumb Code     0  entry5.o(.ARM.Collect$$$$00000004)
    __main_after_scatterload                 0x08000139   Thumb Code     0  entry5.o(.ARM.Collect$$$$00000004)
    _main_clock                              0x08000139   Thumb Code     0  entry7b.o(.ARM.Collect$$$$00000008)
    _main_cpp_init                           0x08000139   Thumb Code     0  entry8b.o(.ARM.Collect$$$$0000000A)
    _main_init                               0x08000139   Thumb Code     0  entry9a.o(.ARM.Collect$$$$0000000B)
    __rt_final_cpp                           0x08000141   Thumb Code     0  entry10a.o(.ARM.Collect$$$$0000000D)
    __rt_final_exit                          0x08000141   Thumb Code     0  entry11a.o(.ARM.Collect$$$$0000000F)
    Reset_Handler                            0x08000145   Thumb Code     8  startup_stm32f103xe.o(.text)
    ADC1_2_IRQHandler                        0x0800015f   Thumb Code     0  startup_stm32f103xe.o(.text)
    ADC3_IRQHandler                          0x0800015f   Thumb Code     0  startup_stm32f103xe.o(.text)
    CAN1_RX1_IRQHandler                      0x0800015f   Thumb Code     0  startup_stm32f103xe.o(.text)
    CAN1_SCE_IRQHandler                      0x0800015f   Thumb Code     0  startup_stm32f103xe.o(.text)
    DMA1_Channel1_IRQHandler                 0x0800015f   Thumb Code     0  startup_stm32f103xe.o(.text)
    DMA1_Channel2_IRQHandler                 0x0800015f   Thumb Code     0  startup_stm32f103xe.o(.text)
    DMA1_Channel3_IRQHandler                 0x0800015f   Thumb Code     0  startup_stm32f103xe.o(.text)
    DMA1_Channel4_IRQHandler                 0x0800015f   Thumb Code     0  startup_stm32f103xe.o(.text)
    DMA1_Channel5_IRQHandler                 0x0800015f   Thumb Code     0  startup_stm32f103xe.o(.text)
    DMA1_Channel6_IRQHandler                 0x0800015f   Thumb Code     0  startup_stm32f103xe.o(.text)
    DMA1_Channel7_IRQHandler                 0x0800015f   Thumb Code     0  startup_stm32f103xe.o(.text)
    DMA2_Channel1_IRQHandler                 0x0800015f   Thumb Code     0  startup_stm32f103xe.o(.text)
    DMA2_Channel2_IRQHandler                 0x0800015f   Thumb Code     0  startup_stm32f103xe.o(.text)
    DMA2_Channel3_IRQHandler                 0x0800015f   Thumb Code     0  startup_stm32f103xe.o(.text)
    DMA2_Channel4_5_IRQHandler               0x0800015f   Thumb Code     0  startup_stm32f103xe.o(.text)
    EXTI15_10_IRQHandler                     0x0800015f   Thumb Code     0  startup_stm32f103xe.o(.text)
    EXTI2_IRQHandler                         0x0800015f   Thumb Code     0  startup_stm32f103xe.o(.text)
    EXTI3_IRQHandler                         0x0800015f   Thumb Code     0  startup_stm32f103xe.o(.text)
    EXTI4_IRQHandler                         0x0800015f   Thumb Code     0  startup_stm32f103xe.o(.text)
    EXTI9_5_IRQHandler                       0x0800015f   Thumb Code     0  startup_stm32f103xe.o(.text)
    FLASH_IRQHandler                         0x0800015f   Thumb Code     0  startup_stm32f103xe.o(.text)
    FSMC_IRQHandler                          0x0800015f   Thumb Code     0  startup_stm32f103xe.o(.text)
    I2C1_ER_IRQHandler                       0x0800015f   Thumb Code     0  startup_stm32f103xe.o(.text)
    I2C1_EV_IRQHandler                       0x0800015f   Thumb Code     0  startup_stm32f103xe.o(.text)
    I2C2_ER_IRQHandler                       0x0800015f   Thumb Code     0  startup_stm32f103xe.o(.text)
    I2C2_EV_IRQHandler                       0x0800015f   Thumb Code     0  startup_stm32f103xe.o(.text)
    PVD_IRQHandler                           0x0800015f   Thumb Code     0  startup_stm32f103xe.o(.text)
    RCC_IRQHandler                           0x0800015f   Thumb Code     0  startup_stm32f103xe.o(.text)
    RTC_Alarm_IRQHandler                     0x0800015f   Thumb Code     0  startup_stm32f103xe.o(.text)
    RTC_IRQHandler                           0x0800015f   Thumb Code     0  startup_stm32f103xe.o(.text)
    SDIO_IRQHandler                          0x0800015f   Thumb Code     0  startup_stm32f103xe.o(.text)
    SPI1_IRQHandler                          0x0800015f   Thumb Code     0  startup_stm32f103xe.o(.text)
    SPI2_IRQHandler                          0x0800015f   Thumb Code     0  startup_stm32f103xe.o(.text)
    SPI3_IRQHandler                          0x0800015f   Thumb Code     0  startup_stm32f103xe.o(.text)
    TAMPER_IRQHandler                        0x0800015f   Thumb Code     0  startup_stm32f103xe.o(.text)
    TIM1_BRK_IRQHandler                      0x0800015f   Thumb Code     0  startup_stm32f103xe.o(.text)
    TIM1_CC_IRQHandler                       0x0800015f   Thumb Code     0  startup_stm32f103xe.o(.text)
    TIM1_TRG_COM_IRQHandler                  0x0800015f   Thumb Code     0  startup_stm32f103xe.o(.text)
    TIM2_IRQHandler                          0x0800015f   Thumb Code     0  startup_stm32f103xe.o(.text)
    TIM3_IRQHandler                          0x0800015f   Thumb Code     0  startup_stm32f103xe.o(.text)
    TIM4_IRQHandler                          0x0800015f   Thumb Code     0  startup_stm32f103xe.o(.text)
    TIM5_IRQHandler                          0x0800015f   Thumb Code     0  startup_stm32f103xe.o(.text)
    TIM6_IRQHandler                          0x0800015f   Thumb Code     0  startup_stm32f103xe.o(.text)
    TIM7_IRQHandler                          0x0800015f   Thumb Code     0  startup_stm32f103xe.o(.text)
    TIM8_BRK_IRQHandler                      0x0800015f   Thumb Code     0  startup_stm32f103xe.o(.text)
    TIM8_CC_IRQHandler                       0x0800015f   Thumb Code     0  startup_stm32f103xe.o(.text)
    TIM8_TRG_COM_IRQHandler                  0x0800015f   Thumb Code     0  startup_stm32f103xe.o(.text)
    TIM8_UP_IRQHandler                       0x0800015f   Thumb Code     0  startup_stm32f103xe.o(.text)
    UART4_IRQHandler                         0x0800015f   Thumb Code     0  startup_stm32f103xe.o(.text)
    UART5_IRQHandler                         0x0800015f   Thumb Code     0  startup_stm32f103xe.o(.text)
    USBWakeUp_IRQHandler                     0x0800015f   Thumb Code     0  startup_stm32f103xe.o(.text)
    USB_HP_CAN1_TX_IRQHandler                0x0800015f   Thumb Code     0  startup_stm32f103xe.o(.text)
    USB_LP_CAN1_RX0_IRQHandler               0x0800015f   Thumb Code     0  startup_stm32f103xe.o(.text)
    WWDG_IRQHandler                          0x0800015f   Thumb Code     0  startup_stm32f103xe.o(.text)
    __aeabi_llsr                             0x08000169   Thumb Code    32  llushr.o(.text)
    _ll_ushift_r                             0x08000169   Thumb Code     0  llushr.o(.text)
    __aeabi_memcpy                           0x08000189   Thumb Code    36  memcpya.o(.text)
    __aeabi_memcpy4                          0x08000189   Thumb Code     0  memcpya.o(.text)
    __aeabi_memcpy8                          0x08000189   Thumb Code     0  memcpya.o(.text)
    __aeabi_memset                           0x080001ad   Thumb Code    14  memseta.o(.text)
    __aeabi_memset4                          0x080001ad   Thumb Code     0  memseta.o(.text)
    __aeabi_memset8                          0x080001ad   Thumb Code     0  memseta.o(.text)
    __aeabi_memclr                           0x080001bb   Thumb Code     4  memseta.o(.text)
    __aeabi_memclr4                          0x080001bb   Thumb Code     0  memseta.o(.text)
    __aeabi_memclr8                          0x080001bb   Thumb Code     0  memseta.o(.text)
    _memset$wrapper                          0x080001bf   Thumb Code    18  memseta.o(.text)
    __aeabi_fadd                             0x080001d1   Thumb Code   164  fadd.o(.text)
    __aeabi_fsub                             0x08000275   Thumb Code     6  fadd.o(.text)
    __aeabi_frsub                            0x0800027b   Thumb Code     6  fadd.o(.text)
    __aeabi_fmul                             0x08000281   Thumb Code   100  fmul.o(.text)
    __aeabi_fdiv                             0x080002e5   Thumb Code   124  fdiv.o(.text)
    __ARM_scalbnf                            0x08000361   Thumb Code    24  fscalb.o(.text)
    scalbnf                                  0x08000361   Thumb Code     0  fscalb.o(.text)
    __aeabi_dadd                             0x08000379   Thumb Code   322  dadd.o(.text)
    __aeabi_dsub                             0x080004bb   Thumb Code     6  dadd.o(.text)
    __aeabi_drsub                            0x080004c1   Thumb Code     6  dadd.o(.text)
    __aeabi_dmul                             0x080004c7   Thumb Code   228  dmul.o(.text)
    __aeabi_ddiv                             0x080005ab   Thumb Code   222  ddiv.o(.text)
    __aeabi_i2f                              0x08000689   Thumb Code    18  fflti.o(.text)
    __aeabi_i2d                              0x0800069b   Thumb Code    34  dflti.o(.text)
    __aeabi_f2iz                             0x080006bd   Thumb Code    50  ffixi.o(.text)
    __aeabi_d2iz                             0x080006ef   Thumb Code    62  dfixi.o(.text)
    __aeabi_f2d                              0x0800072d   Thumb Code    38  f2d.o(.text)
    __aeabi_uidiv                            0x08000753   Thumb Code     0  uidiv.o(.text)
    __aeabi_uidivmod                         0x08000753   Thumb Code    44  uidiv.o(.text)
    __aeabi_uldivmod                         0x0800077f   Thumb Code    98  uldiv.o(.text)
    __aeabi_llsl                             0x080007e1   Thumb Code    30  llshl.o(.text)
    _ll_shift_l                              0x080007e1   Thumb Code     0  llshl.o(.text)
    __aeabi_lasr                             0x080007ff   Thumb Code    36  llsshr.o(.text)
    _ll_sshift_r                             0x080007ff   Thumb Code     0  llsshr.o(.text)
    __I$use$fp                               0x08000823   Thumb Code     0  iusefp.o(.text)
    _float_round                             0x08000823   Thumb Code    18  fepilogue.o(.text)
    _float_epilogue                          0x08000835   Thumb Code    92  fepilogue.o(.text)
    _fsqrt                                   0x08000891   Thumb Code    94  fsqrt.o(.text)
    _frnd                                    0x080008ef   Thumb Code    60  frnd.o(.text)
    _double_round                            0x0800092b   Thumb Code    30  depilogue.o(.text)
    _double_epilogue                         0x08000949   Thumb Code   156  depilogue.o(.text)
    _dsqrt                                   0x080009e5   Thumb Code   162  dsqrt.o(.text)
    __aeabi_d2ulz                            0x08000a87   Thumb Code    48  dfixul.o(.text)
    __aeabi_cdrcmple                         0x08000ab9   Thumb Code    48  cdrcmple.o(.text)
    __scatterload                            0x08000ae9   Thumb Code    28  init.o(.text)
    __scatterload_rt2                        0x08000ae9   Thumb Code     0  init.o(.text)
    __aeabi_ui2f                             0x08000b0d   Thumb Code    10  ffltui.o(.text)
    BusFault_Handler                         0x08000b17   Thumb Code     2  stm32f1xx_it.o(i.BusFault_Handler)
    DebugMon_Handler                         0x08000b19   Thumb Code     2  stm32f1xx_it.o(i.DebugMon_Handler)
    EXTI0_IRQHandler                         0x08000b1b   Thumb Code     6  stm32f1xx_it.o(i.EXTI0_IRQHandler)
    EXTI1_IRQHandler                         0x08000b21   Thumb Code     6  stm32f1xx_it.o(i.EXTI1_IRQHandler)
    EuclideanDis                             0x08000b27   Thumb Code    24  findroad.o(i.EuclideanDis)
    GetNextMove                              0x08000b41   Thumb Code   188  findroad.o(i.GetNextMove)
    HAL_DMA_Abort_IT                         0x08000c29   Thumb Code   296  stm32f1xx_hal_dma.o(i.HAL_DMA_Abort_IT)
    HAL_GPIO_EXTI_Callback                   0x08000d59   Thumb Code     2  main.o(i.HAL_GPIO_EXTI_Callback)
    HAL_GPIO_EXTI_IRQHandler                 0x08000d5d   Thumb Code    18  stm32f1xx_hal_gpio.o(i.HAL_GPIO_EXTI_IRQHandler)
    HAL_GPIO_Init                            0x08000d75   Thumb Code   446  stm32f1xx_hal_gpio.o(i.HAL_GPIO_Init)
    HAL_GPIO_ReadPin                         0x08000f5d   Thumb Code    10  stm32f1xx_hal_gpio.o(i.HAL_GPIO_ReadPin)
    HAL_GPIO_WritePin                        0x08000f67   Thumb Code    10  stm32f1xx_hal_gpio.o(i.HAL_GPIO_WritePin)
    HAL_GetTick                              0x08000f71   Thumb Code     6  stm32f1xx_hal.o(i.HAL_GetTick)
    HAL_I2C_Init                             0x08000f7d   Thumb Code   254  stm32f1xx_hal_i2c.o(i.HAL_I2C_Init)
    HAL_I2C_MspInit                          0x08001085   Thumb Code    66  stm32f1xx_hal_msp.o(i.HAL_I2C_MspInit)
    HAL_IncTick                              0x080010d9   Thumb Code    10  stm32f1xx_hal.o(i.HAL_IncTick)
    HAL_Init                                 0x080010e9   Thumb Code    32  stm32f1xx_hal.o(i.HAL_Init)
    HAL_InitTick                             0x0800110d   Thumb Code    34  stm32f1xx_hal.o(i.HAL_InitTick)
    HAL_MspInit                              0x08001135   Thumb Code   122  stm32f1xx_hal_msp.o(i.HAL_MspInit)
    HAL_NVIC_EnableIRQ                       0x080011b9   Thumb Code    22  stm32f1xx_hal_cortex.o(i.HAL_NVIC_EnableIRQ)
    HAL_NVIC_SetPriority                     0x080011d1   Thumb Code    60  stm32f1xx_hal_cortex.o(i.HAL_NVIC_SetPriority)
    HAL_NVIC_SetPriorityGrouping             0x08001211   Thumb Code    26  stm32f1xx_hal_cortex.o(i.HAL_NVIC_SetPriorityGrouping)
    HAL_RCC_ClockConfig                      0x08001235   Thumb Code   322  stm32f1xx_hal_rcc.o(i.HAL_RCC_ClockConfig)
    HAL_RCC_GetHCLKFreq                      0x08001389   Thumb Code     6  stm32f1xx_hal_rcc.o(i.HAL_RCC_GetHCLKFreq)
    HAL_RCC_GetPCLK1Freq                     0x08001395   Thumb Code    20  stm32f1xx_hal_rcc.o(i.HAL_RCC_GetPCLK1Freq)
    HAL_RCC_GetPCLK2Freq                     0x080013b5   Thumb Code    20  stm32f1xx_hal_rcc.o(i.HAL_RCC_GetPCLK2Freq)
    HAL_RCC_GetSysClockFreq                  0x080013d5   Thumb Code    74  stm32f1xx_hal_rcc.o(i.HAL_RCC_GetSysClockFreq)
    HAL_RCC_OscConfig                        0x08001441   Thumb Code   750  stm32f1xx_hal_rcc.o(i.HAL_RCC_OscConfig)
    HAL_SYSTICK_CLKSourceConfig              0x08001745   Thumb Code    24  stm32f1xx_hal_cortex.o(i.HAL_SYSTICK_CLKSourceConfig)
    HAL_SYSTICK_Callback                     0x0800175d   Thumb Code     2  stm32f1xx_hal_cortex.o(i.HAL_SYSTICK_Callback)
    HAL_SYSTICK_Config                       0x0800175f   Thumb Code    40  stm32f1xx_hal_cortex.o(i.HAL_SYSTICK_Config)
    HAL_SYSTICK_IRQHandler                   0x08001787   Thumb Code     8  stm32f1xx_hal_cortex.o(i.HAL_SYSTICK_IRQHandler)
    HAL_TIMEx_BreakCallback                  0x0800178f   Thumb Code     2  stm32f1xx_hal_tim_ex.o(i.HAL_TIMEx_BreakCallback)
    HAL_TIMEx_CommutationCallback            0x08001791   Thumb Code     2  stm32f1xx_hal_tim_ex.o(i.HAL_TIMEx_CommutationCallback)
    HAL_TIMEx_MasterConfigSynchronization    0x08001793   Thumb Code    80  stm32f1xx_hal_tim_ex.o(i.HAL_TIMEx_MasterConfigSynchronization)
    HAL_TIM_Base_Init                        0x080017e3   Thumb Code    54  stm32f1xx_hal_tim.o(i.HAL_TIM_Base_Init)
    HAL_TIM_Base_MspInit                     0x08001819   Thumb Code    50  stm32f1xx_hal_msp.o(i.HAL_TIM_Base_MspInit)
    HAL_TIM_Base_Start_IT                    0x08001855   Thumb Code    24  stm32f1xx_hal_tim.o(i.HAL_TIM_Base_Start_IT)
    HAL_TIM_ConfigClockSource                0x0800186d   Thumb Code   242  stm32f1xx_hal_tim.o(i.HAL_TIM_ConfigClockSource)
    HAL_TIM_Encoder_Init                     0x0800195f   Thumb Code   150  stm32f1xx_hal_tim.o(i.HAL_TIM_Encoder_Init)
    HAL_TIM_Encoder_MspInit                  0x080019f5   Thumb Code    80  stm32f1xx_hal_msp.o(i.HAL_TIM_Encoder_MspInit)
    HAL_TIM_Encoder_Start                    0x08001a51   Thumb Code    52  stm32f1xx_hal_tim.o(i.HAL_TIM_Encoder_Start)
    HAL_TIM_IC_CaptureCallback               0x08001a85   Thumb Code     2  stm32f1xx_hal_tim.o(i.HAL_TIM_IC_CaptureCallback)
    HAL_TIM_IRQHandler                       0x08001a87   Thumb Code   358  stm32f1xx_hal_tim.o(i.HAL_TIM_IRQHandler)
    HAL_TIM_MspPostInit                      0x08001bed   Thumb Code    30  stm32f1xx_hal_msp.o(i.HAL_TIM_MspPostInit)
    HAL_TIM_OC_DelayElapsedCallback          0x08001c15   Thumb Code     2  stm32f1xx_hal_tim.o(i.HAL_TIM_OC_DelayElapsedCallback)
    HAL_TIM_PWM_ConfigChannel                0x08001c17   Thumb Code   208  stm32f1xx_hal_tim.o(i.HAL_TIM_PWM_ConfigChannel)
    HAL_TIM_PWM_Init                         0x08001ce7   Thumb Code    54  stm32f1xx_hal_tim.o(i.HAL_TIM_PWM_Init)
    HAL_TIM_PWM_MspInit                      0x08001d1d   Thumb Code    30  stm32f1xx_hal_msp.o(i.HAL_TIM_PWM_MspInit)
    HAL_TIM_PWM_PulseFinishedCallback        0x08001d45   Thumb Code     2  stm32f1xx_hal_tim.o(i.HAL_TIM_PWM_PulseFinishedCallback)
    HAL_TIM_PWM_Start                        0x08001d49   Thumb Code    48  stm32f1xx_hal_tim.o(i.HAL_TIM_PWM_Start)
    HAL_TIM_PeriodElapsedCallback            0x08001d81   Thumb Code    82  main.o(i.HAL_TIM_PeriodElapsedCallback)
    HAL_TIM_TriggerCallback                  0x08001de5   Thumb Code     2  stm32f1xx_hal_tim.o(i.HAL_TIM_TriggerCallback)
    HAL_UART_ErrorCallback                   0x08001de7   Thumb Code     2  stm32f1xx_hal_uart.o(i.HAL_UART_ErrorCallback)
    HAL_UART_IRQHandler                      0x08001de9   Thumb Code   266  stm32f1xx_hal_uart.o(i.HAL_UART_IRQHandler)
    HAL_UART_Init                            0x08001ef9   Thumb Code    98  stm32f1xx_hal_uart.o(i.HAL_UART_Init)
    HAL_UART_MspInit                         0x08001f5d   Thumb Code   244  stm32f1xx_hal_msp.o(i.HAL_UART_MspInit)
    HAL_UART_Receive_IT                      0x0800206d   Thumb Code    82  stm32f1xx_hal_uart.o(i.HAL_UART_Receive_IT)
    HAL_UART_RxCpltCallback                  0x080020c1   Thumb Code   138  main.o(i.HAL_UART_RxCpltCallback)
    HAL_UART_Transmit                        0x0800215d   Thumb Code   186  stm32f1xx_hal_uart.o(i.HAL_UART_Transmit)
    HAL_UART_TxCpltCallback                  0x08002217   Thumb Code     2  stm32f1xx_hal_uart.o(i.HAL_UART_TxCpltCallback)
    HardFault_Handler                        0x08002219   Thumb Code     2  stm32f1xx_it.o(i.HardFault_Handler)
    MemManage_Handler                        0x0800248d   Thumb Code     2  stm32f1xx_it.o(i.MemManage_Handler)
    NMI_Handler                              0x0800248f   Thumb Code     2  stm32f1xx_it.o(i.NMI_Handler)
    PIDInit                                  0x080024b1   Thumb Code    18  main.o(i.PIDInit)
    PendSV_Handler                           0x080024c9   Thumb Code     2  stm32f1xx_it.o(i.PendSV_Handler)
    SVC_Handler                              0x080024cb   Thumb Code     2  stm32f1xx_it.o(i.SVC_Handler)
    SysTick_Handler                          0x080024cd   Thumb Code    14  stm32f1xx_it.o(i.SysTick_Handler)
    SystemClock_Config                       0x080024db   Thumb Code    90  main.o(i.SystemClock_Config)
    SystemInit                               0x08002535   Thumb Code    56  system_stm32f1xx.o(i.SystemInit)
    TIM1_UP_IRQHandler                       0x0800257d   Thumb Code     6  stm32f1xx_it.o(i.TIM1_UP_IRQHandler)
    TIM_Base_SetConfig                       0x08002589   Thumb Code   120  stm32f1xx_hal_tim.o(i.TIM_Base_SetConfig)
    TIM_CCxChannelCmd                        0x08002615   Thumb Code    22  stm32f1xx_hal_tim.o(i.TIM_CCxChannelCmd)
    TIM_OC2_SetConfig                        0x080026b1   Thumb Code    98  stm32f1xx_hal_tim.o(i.TIM_OC2_SetConfig)
    USART1_IRQHandler                        0x08002b15   Thumb Code     6  stm32f1xx_it.o(i.USART1_IRQHandler)
    USART2_IRQHandler                        0x08002b21   Thumb Code     6  stm32f1xx_it.o(i.USART2_IRQHandler)
    USART3_IRQHandler                        0x08002b2d   Thumb Code     6  stm32f1xx_it.o(i.USART3_IRQHandler)
    UsageFault_Handler                       0x08002b39   Thumb Code     2  stm32f1xx_it.o(i.UsageFault_Handler)
    __0printf                                0x08002b3d   Thumb Code    22  printfa.o(i.__0printf)
    __1printf                                0x08002b3d   Thumb Code     0  printfa.o(i.__0printf)
    __2printf                                0x08002b3d   Thumb Code     0  printfa.o(i.__0printf)
    __c89printf                              0x08002b3d   Thumb Code     0  printfa.o(i.__0printf)
    printf                                   0x08002b3d   Thumb Code     0  printfa.o(i.__0printf)
    __ARM_fpclassifyf                        0x08002b5d   Thumb Code    38  fpclassifyf.o(i.__ARM_fpclassifyf)
    __mathlib_flt_infnan                     0x08002b83   Thumb Code     6  funder.o(i.__mathlib_flt_infnan)
    __mathlib_flt_invalid                    0x08002b89   Thumb Code     8  funder.o(i.__mathlib_flt_invalid)
    __mathlib_flt_underflow                  0x08002b91   Thumb Code    10  funder.o(i.__mathlib_flt_underflow)
    __mathlib_rredf2                         0x08002b9d   Thumb Code   344  rredf.o(i.__mathlib_rredf2)
    __scatterload_copy                       0x08002d05   Thumb Code    14  handlers.o(i.__scatterload_copy)
    __scatterload_null                       0x08002d13   Thumb Code     2  handlers.o(i.__scatterload_null)
    __scatterload_zeroinit                   0x08002d15   Thumb Code    14  handlers.o(i.__scatterload_zeroinit)
    __set_errno                              0x08002d25   Thumb Code     6  errno.o(i.__set_errno)
    computeIntersection                      0x080035c3   Thumb Code   110  findroad.o(i.computeIntersection)
    coreGetCarMove                           0x08003631   Thumb Code   318  findroad.o(i.coreGetCarMove)
    cosf                                     0x08003771   Thumb Code   328  cosf.o(i.cosf)
    crossProduct                             0x080038ed   Thumb Code    32  findroad.o(i.crossProduct)
    deleteEdgeList                           0x0800390d   Thumb Code    22  findroad.o(i.deleteEdgeList)
    deleteMoveList                           0x08003925   Thumb Code    24  findroad.o(i.deleteMoveList)
    dijkstra                                 0x08003941   Thumb Code   268  findroad.o(i.dijkstra)
    find_road                                0x08003a6d   Thumb Code   666  findroad.o(i.find_road)
    fputc                                    0x08003d91   Thumb Code    26  utils.o(i.fputc)
    free                                     0x08003db1   Thumb Code    76  malloc.o(i.free)
    getCarMoveFromPoints                     0x08003e01   Thumb Code    70  findroad.o(i.getCarMoveFromPoints)
    getDis                                   0x08003e55   Thumb Code    28  findroad.o(i.getDis)
    get_next_move                            0x08003e71   Thumb Code   114  findroad.o(i.get_next_move)
    initDis                                  0x08003f21   Thumb Code   134  findroad.o(i.initDis)
    initEdgeList                             0x08003fbd   Thumb Code    32  findroad.o(i.initEdgeList)
    initMoveList                             0x08004009   Thumb Code    36  findroad.o(i.initMoveList)
    main                                     0x08004055   Thumb Code   540  main.o(i.main)
    malloc                                   0x080042f9   Thumb Code    92  malloc.o(i.malloc)
    myCos                                    0x08004365   Thumb Code    22  findroad.o(i.myCos)
    mySin                                    0x08004385   Thumb Code    22  findroad.o(i.mySin)
    setInitHandle                            0x080043a5   Thumb Code     6  utils.o(i.setInitHandle)
    sinf                                     0x080043b1   Thumb Code   338  sinf.o(i.sinf)
    sqrt                                     0x08004539   Thumb Code    76  sqrt.o(i.sqrt)
    sqrtf                                    0x08004585   Thumb Code    44  sqrtf.o(i.sqrtf)
    AHBPrescTable                            0x080045b0   Data          16  system_stm32f1xx.o(.constdata)
    APBPrescTable                            0x080045c0   Data           8  system_stm32f1xx.o(.constdata)
    points_x                                 0x080045c8   Data         224  index_map.o(.constdata)
    points_y                                 0x080046a8   Data         224  index_map.o(.constdata)
    e_be                                     0x08004788   Data          85  index_map.o(.constdata)
    e_ed                                     0x080047dd   Data          85  index_map.o(.constdata)
    points_angle                             0x08004832   Data         112  index_map.o(.constdata)
    use_map                                  0x080048a2   Data       72900  index_map.o(.constdata)
    Region$$Table$$Base                      0x08016588   Number         0  anon$$obj.o(Region$$Table)
    Region$$Table$$Limit                     0x080165a8   Number         0  anon$$obj.o(Region$$Table)
    SystemCoreClock                          0x20000000   Data           4  system_stm32f1xx.o(.data)
    refreshed                                0x20000004   Data           1  main.o(.data)
    pirefreshed                              0x20000005   Data           1  main.o(.data)
    receive                                  0x20000006   Data           1  main.o(.data)
    current                                  0x20000008   Data           4  main.o(.data)
    leftfre                                  0x2000000c   Data           4  main.o(.data)
    rightfre                                 0x20000010   Data           4  main.o(.data)
    this_handle                              0x20000018   Data           4  utils.o(.data)
    uwTick                                   0x2000001c   Data           4  stm32f1xx_hal.o(.data)
    __stdout                                 0x20000020   Data           4  stdout.o(.data)
    __microlib_freelist                      0x20000024   Data           4  mvars.o(.data)
    __microlib_freelist_initialised          0x20000028   Data           4  mvars.o(.data)
    hi2c1                                    0x20000070   Data          84  main.o(.bss)
    htim1                                    0x200000c4   Data          64  main.o(.bss)
    htim2                                    0x20000104   Data          64  main.o(.bss)
    htim3                                    0x20000144   Data          64  main.o(.bss)
    htim4                                    0x20000184   Data          64  main.o(.bss)
    huart1                                   0x200001c4   Data          64  main.o(.bss)
    huart2                                   0x20000204   Data          64  main.o(.bss)
    huart3                                   0x20000244   Data          64  main.o(.bss)
    temptext                                 0x20000284   Data          75  main.o(.bss)
    text                                     0x200002cf   Data          70  main.o(.bss)
    pitext                                   0x20000315   Data          20  main.o(.bss)
    edgeMap                                  0x2000032c   Data        6498  findroad.o(.bss)
    movePool                                 0x20001c90   Data        2800  findroad.o(.bss)
    vis                                      0x20002780   Data          57  findroad.o(.bss)
    minDis                                   0x200027ba   Data         114  findroad.o(.bss)
    preNode                                  0x2000282c   Data         228  findroad.o(.bss)
    __heap_base                              0x20002910   Data           0  startup_stm32f103xe.o(HEAP)
    __heap_limit                             0x20002d10   Data           0  startup_stm32f103xe.o(HEAP)
    __initial_sp                             0x20003110   Data           0  startup_stm32f103xe.o(STACK)



==============================================================================

Memory Map of the image

  Image Entry point : 0x08000131

  Load Region LR_IROM1 (Base: 0x08000000, Size: 0x000165d8, Max: 0x00040000, ABSOLUTE)

    Execution Region ER_IROM1 (Base: 0x08000000, Size: 0x000165a8, Max: 0x00040000, ABSOLUTE)

    Base Addr    Size         Type   Attr      Idx    E Section Name        Object

    0x08000000   0x00000130   Data   RO            3    RESET               startup_stm32f103xe.o
    0x08000130   0x00000000   Code   RO         3199  * .ARM.Collect$$$$00000000  mc_w.l(entry.o)
    0x08000130   0x00000004   Code   RO         3562    .ARM.Collect$$$$00000001  mc_w.l(entry2.o)
    0x08000134   0x00000004   Code   RO         3565    .ARM.Collect$$$$00000004  mc_w.l(entry5.o)
    0x08000138   0x00000000   Code   RO         3567    .ARM.Collect$$$$00000008  mc_w.l(entry7b.o)
    0x08000138   0x00000000   Code   RO         3569    .ARM.Collect$$$$0000000A  mc_w.l(entry8b.o)
    0x08000138   0x00000008   Code   RO         3570    .ARM.Collect$$$$0000000B  mc_w.l(entry9a.o)
    0x08000140   0x00000000   Code   RO         3572    .ARM.Collect$$$$0000000D  mc_w.l(entry10a.o)
    0x08000140   0x00000000   Code   RO         3574    .ARM.Collect$$$$0000000F  mc_w.l(entry11a.o)
    0x08000140   0x00000004   Code   RO         3563    .ARM.Collect$$$$00002712  mc_w.l(entry2.o)
    0x08000144   0x00000024   Code   RO            4    .text               startup_stm32f103xe.o
    0x08000168   0x00000020   Code   RO         3202    .text               mc_w.l(llushr.o)
    0x08000188   0x00000024   Code   RO         3204    .text               mc_w.l(memcpya.o)
    0x080001ac   0x00000024   Code   RO         3206    .text               mc_w.l(memseta.o)
    0x080001d0   0x000000b0   Code   RO         3499    .text               mf_w.l(fadd.o)
    0x08000280   0x00000064   Code   RO         3501    .text               mf_w.l(fmul.o)
    0x080002e4   0x0000007c   Code   RO         3503    .text               mf_w.l(fdiv.o)
    0x08000360   0x00000018   Code   RO         3505    .text               mf_w.l(fscalb.o)
    0x08000378   0x0000014e   Code   RO         3507    .text               mf_w.l(dadd.o)
    0x080004c6   0x000000e4   Code   RO         3509    .text               mf_w.l(dmul.o)
    0x080005aa   0x000000de   Code   RO         3511    .text               mf_w.l(ddiv.o)
    0x08000688   0x00000012   Code   RO         3513    .text               mf_w.l(fflti.o)
    0x0800069a   0x00000022   Code   RO         3515    .text               mf_w.l(dflti.o)
    0x080006bc   0x00000032   Code   RO         3517    .text               mf_w.l(ffixi.o)
    0x080006ee   0x0000003e   Code   RO         3519    .text               mf_w.l(dfixi.o)
    0x0800072c   0x00000026   Code   RO         3521    .text               mf_w.l(f2d.o)
    0x08000752   0x0000002c   Code   RO         3577    .text               mc_w.l(uidiv.o)
    0x0800077e   0x00000062   Code   RO         3579    .text               mc_w.l(uldiv.o)
    0x080007e0   0x0000001e   Code   RO         3581    .text               mc_w.l(llshl.o)
    0x080007fe   0x00000024   Code   RO         3583    .text               mc_w.l(llsshr.o)
    0x08000822   0x00000000   Code   RO         3594    .text               mc_w.l(iusefp.o)
    0x08000822   0x0000006e   Code   RO         3595    .text               mf_w.l(fepilogue.o)
    0x08000890   0x0000005e   Code   RO         3597    .text               mf_w.l(fsqrt.o)
    0x080008ee   0x0000003c   Code   RO         3599    .text               mf_w.l(frnd.o)
    0x0800092a   0x000000ba   Code   RO         3601    .text               mf_w.l(depilogue.o)
    0x080009e4   0x000000a2   Code   RO         3605    .text               mf_w.l(dsqrt.o)
    0x08000a86   0x00000030   Code   RO         3607    .text               mf_w.l(dfixul.o)
    0x08000ab6   0x00000002   PAD
    0x08000ab8   0x00000030   Code   RO         3611    .text               mf_w.l(cdrcmple.o)
    0x08000ae8   0x00000024   Code   RO         3613    .text               mc_w.l(init.o)
    0x08000b0c   0x0000000a   Code   RO         3615    .text               mf_w.l(ffltui.o)
    0x08000b16   0x00000002   Code   RO          132    i.BusFault_Handler  stm32f1xx_it.o
    0x08000b18   0x00000002   Code   RO          133    i.DebugMon_Handler  stm32f1xx_it.o
    0x08000b1a   0x00000006   Code   RO          134    i.EXTI0_IRQHandler  stm32f1xx_it.o
    0x08000b20   0x00000006   Code   RO          135    i.EXTI1_IRQHandler  stm32f1xx_it.o
    0x08000b26   0x00000018   Code   RO          478    i.EuclideanDis      findroad.o
    0x08000b3e   0x00000002   PAD
    0x08000b40   0x000000e8   Code   RO          479    i.GetNextMove       findroad.o
    0x08000c28   0x00000130   Code   RO         2218    i.HAL_DMA_Abort_IT  stm32f1xx_hal_dma.o
    0x08000d58   0x00000002   Code   RO          338    i.HAL_GPIO_EXTI_Callback  main.o
    0x08000d5a   0x00000002   PAD
    0x08000d5c   0x00000018   Code   RO         2152    i.HAL_GPIO_EXTI_IRQHandler  stm32f1xx_hal_gpio.o
    0x08000d74   0x000001e8   Code   RO         2153    i.HAL_GPIO_Init     stm32f1xx_hal_gpio.o
    0x08000f5c   0x0000000a   Code   RO         2155    i.HAL_GPIO_ReadPin  stm32f1xx_hal_gpio.o
    0x08000f66   0x0000000a   Code   RO         2157    i.HAL_GPIO_WritePin  stm32f1xx_hal_gpio.o
    0x08000f70   0x0000000c   Code   RO         1918    i.HAL_GetTick       stm32f1xx_hal.o
    0x08000f7c   0x00000108   Code   RO         2773    i.HAL_I2C_Init      stm32f1xx_hal_i2c.o
    0x08001084   0x00000054   Code   RO          249    i.HAL_I2C_MspInit   stm32f1xx_hal_msp.o
    0x080010d8   0x00000010   Code   RO         1920    i.HAL_IncTick       stm32f1xx_hal.o
    0x080010e8   0x00000024   Code   RO         1921    i.HAL_Init          stm32f1xx_hal.o
    0x0800110c   0x00000028   Code   RO         1922    i.HAL_InitTick      stm32f1xx_hal.o
    0x08001134   0x00000084   Code   RO          250    i.HAL_MspInit       stm32f1xx_hal_msp.o
    0x080011b8   0x00000016   Code   RO         1792    i.HAL_NVIC_EnableIRQ  stm32f1xx_hal_cortex.o
    0x080011ce   0x00000002   PAD
    0x080011d0   0x00000040   Code   RO         1798    i.HAL_NVIC_SetPriority  stm32f1xx_hal_cortex.o
    0x08001210   0x00000024   Code   RO         1799    i.HAL_NVIC_SetPriorityGrouping  stm32f1xx_hal_cortex.o
    0x08001234   0x00000154   Code   RO         2049    i.HAL_RCC_ClockConfig  stm32f1xx_hal_rcc.o
    0x08001388   0x0000000c   Code   RO         2054    i.HAL_RCC_GetHCLKFreq  stm32f1xx_hal_rcc.o
    0x08001394   0x00000020   Code   RO         2056    i.HAL_RCC_GetPCLK1Freq  stm32f1xx_hal_rcc.o
    0x080013b4   0x00000020   Code   RO         2057    i.HAL_RCC_GetPCLK2Freq  stm32f1xx_hal_rcc.o
    0x080013d4   0x0000006c   Code   RO         2058    i.HAL_RCC_GetSysClockFreq  stm32f1xx_hal_rcc.o
    0x08001440   0x00000304   Code   RO         2061    i.HAL_RCC_OscConfig  stm32f1xx_hal_rcc.o
    0x08001744   0x00000018   Code   RO         1801    i.HAL_SYSTICK_CLKSourceConfig  stm32f1xx_hal_cortex.o
    0x0800175c   0x00000002   Code   RO         1802    i.HAL_SYSTICK_Callback  stm32f1xx_hal_cortex.o
    0x0800175e   0x00000028   Code   RO         1803    i.HAL_SYSTICK_Config  stm32f1xx_hal_cortex.o
    0x08001786   0x00000008   Code   RO         1804    i.HAL_SYSTICK_IRQHandler  stm32f1xx_hal_cortex.o
    0x0800178e   0x00000002   Code   RO          666    i.HAL_TIMEx_BreakCallback  stm32f1xx_hal_tim_ex.o
    0x08001790   0x00000002   Code   RO          667    i.HAL_TIMEx_CommutationCallback  stm32f1xx_hal_tim_ex.o
    0x08001792   0x00000050   Code   RO          683    i.HAL_TIMEx_MasterConfigSynchronization  stm32f1xx_hal_tim_ex.o
    0x080017e2   0x00000036   Code   RO         1161    i.HAL_TIM_Base_Init  stm32f1xx_hal_tim.o
    0x08001818   0x0000003c   Code   RO          252    i.HAL_TIM_Base_MspInit  stm32f1xx_hal_msp.o
    0x08001854   0x00000018   Code   RO         1166    i.HAL_TIM_Base_Start_IT  stm32f1xx_hal_tim.o
    0x0800186c   0x000000f2   Code   RO         1170    i.HAL_TIM_ConfigClockSource  stm32f1xx_hal_tim.o
    0x0800195e   0x00000096   Code   RO         1179    i.HAL_TIM_Encoder_Init  stm32f1xx_hal_tim.o
    0x080019f4   0x0000005c   Code   RO          254    i.HAL_TIM_Encoder_MspInit  stm32f1xx_hal_msp.o
    0x08001a50   0x00000034   Code   RO         1182    i.HAL_TIM_Encoder_Start  stm32f1xx_hal_tim.o
    0x08001a84   0x00000002   Code   RO         1190    i.HAL_TIM_IC_CaptureCallback  stm32f1xx_hal_tim.o
    0x08001a86   0x00000166   Code   RO         1203    i.HAL_TIM_IRQHandler  stm32f1xx_hal_tim.o
    0x08001bec   0x00000028   Code   RO          255    i.HAL_TIM_MspPostInit  stm32f1xx_hal_msp.o
    0x08001c14   0x00000002   Code   RO         1206    i.HAL_TIM_OC_DelayElapsedCallback  stm32f1xx_hal_tim.o
    0x08001c16   0x000000d0   Code   RO         1227    i.HAL_TIM_PWM_ConfigChannel  stm32f1xx_hal_tim.o
    0x08001ce6   0x00000036   Code   RO         1230    i.HAL_TIM_PWM_Init  stm32f1xx_hal_tim.o
    0x08001d1c   0x00000028   Code   RO          257    i.HAL_TIM_PWM_MspInit  stm32f1xx_hal_msp.o
    0x08001d44   0x00000002   Code   RO         1233    i.HAL_TIM_PWM_PulseFinishedCallback  stm32f1xx_hal_tim.o
    0x08001d46   0x00000002   PAD
    0x08001d48   0x00000038   Code   RO         1234    i.HAL_TIM_PWM_Start  stm32f1xx_hal_tim.o
    0x08001d80   0x00000064   Code   RO          339    i.HAL_TIM_PeriodElapsedCallback  main.o
    0x08001de4   0x00000002   Code   RO         1244    i.HAL_TIM_TriggerCallback  stm32f1xx_hal_tim.o
    0x08001de6   0x00000002   Code   RO         2457    i.HAL_UART_ErrorCallback  stm32f1xx_hal_uart.o
    0x08001de8   0x00000110   Code   RO         2460    i.HAL_UART_IRQHandler  stm32f1xx_hal_uart.o
    0x08001ef8   0x00000062   Code   RO         2461    i.HAL_UART_Init     stm32f1xx_hal_uart.o
    0x08001f5a   0x00000002   PAD
    0x08001f5c   0x00000110   Code   RO          259    i.HAL_UART_MspInit  stm32f1xx_hal_msp.o
    0x0800206c   0x00000052   Code   RO         2466    i.HAL_UART_Receive_IT  stm32f1xx_hal_uart.o
    0x080020be   0x00000002   PAD
    0x080020c0   0x0000009c   Code   RO          340    i.HAL_UART_RxCpltCallback  main.o
    0x0800215c   0x000000ba   Code   RO         2469    i.HAL_UART_Transmit  stm32f1xx_hal_uart.o
    0x08002216   0x00000002   Code   RO         2472    i.HAL_UART_TxCpltCallback  stm32f1xx_hal_uart.o
    0x08002218   0x00000002   Code   RO          136    i.HardFault_Handler  stm32f1xx_it.o
    0x0800221a   0x00000002   PAD
    0x0800221c   0x000000c0   Code   RO          341    i.MX_GPIO_Init      main.o
    0x080022dc   0x00000038   Code   RO          342    i.MX_I2C1_Init      main.o
    0x08002314   0x00000058   Code   RO          343    i.MX_TIM1_Init      main.o
    0x0800236c   0x00000058   Code   RO          344    i.MX_TIM2_Init      main.o
    0x080023c4   0x0000005c   Code   RO          345    i.MX_TIM3_Init      main.o
    0x08002420   0x0000006c   Code   RO          346    i.MX_TIM4_Init      main.o
    0x0800248c   0x00000002   Code   RO          137    i.MemManage_Handler  stm32f1xx_it.o
    0x0800248e   0x00000002   Code   RO          138    i.NMI_Handler       stm32f1xx_it.o
    0x08002490   0x00000020   Code   RO         1805    i.NVIC_SetPriority  stm32f1xx_hal_cortex.o
    0x080024b0   0x00000018   Code   RO          348    i.PIDInit           main.o
    0x080024c8   0x00000002   Code   RO          139    i.PendSV_Handler    stm32f1xx_it.o
    0x080024ca   0x00000002   Code   RO          140    i.SVC_Handler       stm32f1xx_it.o
    0x080024cc   0x0000000e   Code   RO          141    i.SysTick_Handler   stm32f1xx_it.o
    0x080024da   0x0000005a   Code   RO          349    i.SystemClock_Config  main.o
    0x08002534   0x00000048   Code   RO           14    i.SystemInit        system_stm32f1xx.o
    0x0800257c   0x0000000c   Code   RO          142    i.TIM1_UP_IRQHandler  stm32f1xx_it.o
    0x08002588   0x0000008c   Code   RO         1245    i.TIM_Base_SetConfig  stm32f1xx_hal_tim.o
    0x08002614   0x00000016   Code   RO         1246    i.TIM_CCxChannelCmd  stm32f1xx_hal_tim.o
    0x0800262a   0x00000014   Code   RO         1252    i.TIM_ETR_SetConfig  stm32f1xx_hal_tim.o
    0x0800263e   0x00000010   Code   RO         1253    i.TIM_ITRx_SetConfig  stm32f1xx_hal_tim.o
    0x0800264e   0x00000002   PAD
    0x08002650   0x00000060   Code   RO         1254    i.TIM_OC1_SetConfig  stm32f1xx_hal_tim.o
    0x080026b0   0x0000006c   Code   RO         1255    i.TIM_OC2_SetConfig  stm32f1xx_hal_tim.o
    0x0800271c   0x00000068   Code   RO         1256    i.TIM_OC3_SetConfig  stm32f1xx_hal_tim.o
    0x08002784   0x00000050   Code   RO         1257    i.TIM_OC4_SetConfig  stm32f1xx_hal_tim.o
    0x080027d4   0x00000022   Code   RO         1259    i.TIM_TI1_ConfigInputStage  stm32f1xx_hal_tim.o
    0x080027f6   0x00000024   Code   RO         1261    i.TIM_TI2_ConfigInputStage  stm32f1xx_hal_tim.o
    0x0800281a   0x00000010   Code   RO         2474    i.UART_DMAAbortOnError  stm32f1xx_hal_uart.o
    0x0800282a   0x0000001c   Code   RO         2484    i.UART_EndRxTransfer  stm32f1xx_hal_uart.o
    0x08002846   0x00000096   Code   RO         2486    i.UART_Receive_IT   stm32f1xx_hal_uart.o
    0x080028dc   0x00000170   Code   RO         2487    i.UART_SetConfig    stm32f1xx_hal_uart.o
    0x08002a4c   0x00000062   Code   RO         2488    i.UART_Transmit_IT  stm32f1xx_hal_uart.o
    0x08002aae   0x00000064   Code   RO         2489    i.UART_WaitOnFlagUntilTimeout  stm32f1xx_hal_uart.o
    0x08002b12   0x00000002   PAD
    0x08002b14   0x0000000c   Code   RO          143    i.USART1_IRQHandler  stm32f1xx_it.o
    0x08002b20   0x0000000c   Code   RO          144    i.USART2_IRQHandler  stm32f1xx_it.o
    0x08002b2c   0x0000000c   Code   RO          145    i.USART3_IRQHandler  stm32f1xx_it.o
    0x08002b38   0x00000002   Code   RO          146    i.UsageFault_Handler  stm32f1xx_it.o
    0x08002b3a   0x00000002   PAD
    0x08002b3c   0x00000020   Code   RO         3443    i.__0printf         mc_w.l(printfa.o)
    0x08002b5c   0x00000026   Code   RO         3541    i.__ARM_fpclassifyf  m_ws.l(fpclassifyf.o)
    0x08002b82   0x00000006   Code   RO         3544    i.__mathlib_flt_infnan  m_ws.l(funder.o)
    0x08002b88   0x00000008   Code   RO         3546    i.__mathlib_flt_invalid  m_ws.l(funder.o)
    0x08002b90   0x0000000a   Code   RO         3549    i.__mathlib_flt_underflow  m_ws.l(funder.o)
    0x08002b9a   0x00000002   PAD
    0x08002b9c   0x00000168   Code   RO         3559    i.__mathlib_rredf2  m_ws.l(rredf.o)
    0x08002d04   0x0000000e   Code   RO         3619    i.__scatterload_copy  mc_w.l(handlers.o)
    0x08002d12   0x00000002   Code   RO         3620    i.__scatterload_null  mc_w.l(handlers.o)
    0x08002d14   0x0000000e   Code   RO         3621    i.__scatterload_zeroinit  mc_w.l(handlers.o)
    0x08002d22   0x00000002   PAD
    0x08002d24   0x0000000c   Code   RO         3589    i.__set_errno       mc_w.l(errno.o)
    0x08002d30   0x00000164   Code   RO         3450    i._fp_digits        mc_w.l(printfa.o)
    0x08002e94   0x000006dc   Code   RO         3451    i._printf_core      mc_w.l(printfa.o)
    0x08003570   0x00000024   Code   RO         3452    i._printf_post_padding  mc_w.l(printfa.o)
    0x08003594   0x0000002e   Code   RO         3453    i._printf_pre_padding  mc_w.l(printfa.o)
    0x080035c2   0x0000006e   Code   RO          481    i.computeIntersection  findroad.o
    0x08003630   0x0000013e   Code   RO          482    i.coreGetCarMove    findroad.o
    0x0800376e   0x00000002   PAD
    0x08003770   0x0000017c   Code   RO         3168    i.cosf              m_ws.l(cosf.o)
    0x080038ec   0x00000020   Code   RO          483    i.crossProduct      findroad.o
    0x0800390c   0x00000016   Code   RO          484    i.deleteEdgeList    findroad.o
    0x08003922   0x00000002   PAD
    0x08003924   0x0000001c   Code   RO          485    i.deleteMoveList    findroad.o
    0x08003940   0x0000012c   Code   RO          486    i.dijkstra          findroad.o
    0x08003a6c   0x00000324   Code   RO          487    i.find_road         findroad.o
    0x08003d90   0x00000020   Code   RO          630    i.fputc             utils.o
    0x08003db0   0x00000050   Code   RO         3471    i.free              mc_w.l(malloc.o)
    0x08003e00   0x00000054   Code   RO          488    i.getCarMoveFromPoints  findroad.o
    0x08003e54   0x0000001c   Code   RO          489    i.getDis            findroad.o
    0x08003e70   0x000000b0   Code   RO          491    i.get_next_move     findroad.o
    0x08003f20   0x0000009c   Code   RO          492    i.initDis           findroad.o
    0x08003fbc   0x0000004c   Code   RO          493    i.initEdgeList      findroad.o
    0x08004008   0x0000004c   Code   RO          494    i.initMoveList      findroad.o
    0x08004054   0x000002a4   Code   RO          355    i.main              main.o
    0x080042f8   0x0000006c   Code   RO         3472    i.malloc            mc_w.l(malloc.o)
    0x08004364   0x00000020   Code   RO          496    i.myCos             findroad.o
    0x08004384   0x00000020   Code   RO          497    i.mySin             findroad.o
    0x080043a4   0x0000000c   Code   RO          631    i.setInitHandle     utils.o
    0x080043b0   0x00000188   Code   RO         3176    i.sinf              m_ws.l(sinf.o)
    0x08004538   0x0000004c   Code   RO         3184    i.sqrt              m_ws.l(sqrt.o)
    0x08004584   0x0000002c   Code   RO         3192    i.sqrtf             m_ws.l(sqrtf.o)
    0x080045b0   0x00000010   Data   RO           15    .constdata          system_stm32f1xx.o
    0x080045c0   0x00000008   Data   RO           16    .constdata          system_stm32f1xx.o
    0x080045c8   0x000000e0   Data   RO          610    .constdata          index_map.o
    0x080046a8   0x000000e0   Data   RO          611    .constdata          index_map.o
    0x08004788   0x00000055   Data   RO          612    .constdata          index_map.o
    0x080047dd   0x00000055   Data   RO          613    .constdata          index_map.o
    0x08004832   0x00000070   Data   RO          614    .constdata          index_map.o
    0x080048a2   0x00011cc4   Data   RO          615    .constdata          index_map.o
    0x08016566   0x00000002   PAD
    0x08016568   0x00000020   Data   RO         3560    .constdata          m_ws.l(rredf.o)
    0x08016588   0x00000020   Data   RO         3617    Region$$Table       anon$$obj.o


    Execution Region RW_IRAM1 (Base: 0x20000000, Size: 0x00003110, Max: 0x0000c000, ABSOLUTE)

    Base Addr    Size         Type   Attr      Idx    E Section Name        Object

    0x20000000   0x00000004   Data   RW           17    .data               system_stm32f1xx.o
    0x20000004   0x00000010   Data   RW          358    .data               main.o
    0x20000014   0x00000004   Data   RW          500    .data               findroad.o
    0x20000018   0x00000004   Data   RW          632    .data               utils.o
    0x2000001c   0x00000004   Data   RW         1927    .data               stm32f1xx_hal.o
    0x20000020   0x00000004   Data   RW         3576    .data               mc_w.l(stdout.o)
    0x20000024   0x00000004   Data   RW         3585    .data               mc_w.l(mvars.o)
    0x20000028   0x00000004   Data   RW         3586    .data               mc_w.l(mvars.o)
    0x2000002c   0x00000004   Data   RW         3590    .data               mc_w.l(errno.o)
    0x20000030   0x000002f9   Zero   RW          357    .bss                main.o
    0x20000329   0x00000003   PAD
    0x2000032c   0x000025e4   Zero   RW          498    .bss                findroad.o
    0x20002910   0x00000400   Zero   RW            2    HEAP                startup_stm32f103xe.o
    0x20002d10   0x00000400   Zero   RW            1    STACK               startup_stm32f103xe.o


==============================================================================

Image component sizes


      Code (inc. data)   RO Data    RW Data    ZI Data      Debug   Object Name

      2530        420          0          4       9700      12090   findroad.o
         0          0      73630          0          0        779   index_map.o
      1672        240          0         16        761      10585   main.o
        36          8        304          0       2048        776   startup_stm32f103xe.o
       104         22          0          4          0       2903   stm32f1xx_hal.o
       228         14          0          0          0      26781   stm32f1xx_hal_cortex.o
       304          8          0          0          0       1047   stm32f1xx_hal_dma.o
       532         48          0          0          0       3570   stm32f1xx_hal_gpio.o
       264         10          0          0          0       2699   stm32f1xx_hal_i2c.o
       720         98          0          0          0       4420   stm32f1xx_hal_msp.o
      1296        104          0          0          0       5240   stm32f1xx_hal_rcc.o
      1862         64          0          0          0      14881   stm32f1xx_hal_tim.o
        84          0          0          0          0       2170   stm32f1xx_hal_tim_ex.o
      1402         10          0          0          0       8095   stm32f1xx_hal_uart.o
        90         24          0          0          0       5993   stm32f1xx_it.o
        72         16         24          4          0     484119   system_stm32f1xx.o
        44         12          0          4          0       1302   utils.o

    ----------------------------------------------------------------------
     11264       1098      73992         32      12512     587450   Object Totals
         0          0         32          0          0          0   (incl. Generated)
        24          0          2          0          3          0   (incl. Padding)

    ----------------------------------------------------------------------

      Code (inc. data)   RO Data    RW Data    ZI Data      Debug   Library Member Name

       380         52          0          0          0        124   cosf.o
        38          0          0          0          0         68   fpclassifyf.o
        24          0          0          0          0        204   funder.o
       360         16         32          0          0         88   rredf.o
       392         54          0          0          0        124   sinf.o
        76          0          0          0          0         84   sqrt.o
        44          0          0          0          0         80   sqrtf.o
         0          0          0          0          0          0   entry.o
         0          0          0          0          0          0   entry10a.o
         0          0          0          0          0          0   entry11a.o
         8          4          0          0          0          0   entry2.o
         4          0          0          0          0          0   entry5.o
         0          0          0          0          0          0   entry7b.o
         0          0          0          0          0          0   entry8b.o
         8          4          0          0          0          0   entry9a.o
        12          6          0          4          0         68   errno.o
        30          0          0          0          0          0   handlers.o
        36          8          0          0          0         68   init.o
         0          0          0          0          0          0   iusefp.o
        30          0          0          0          0         68   llshl.o
        36          0          0          0          0         68   llsshr.o
        32          0          0          0          0         68   llushr.o
       188         20          0          0          0        160   malloc.o
        36          0          0          0          0         68   memcpya.o
        36          0          0          0          0        108   memseta.o
         0          0          0          8          0          0   mvars.o
      2226         90          0          0          0        444   printfa.o
         0          0          0          4          0          0   stdout.o
        44          0          0          0          0         80   uidiv.o
        98          0          0          0          0         92   uldiv.o
        48          0          0          0          0         68   cdrcmple.o
       334          0          0          0          0        148   dadd.o
       222          0          0          0          0        100   ddiv.o
       186          0          0          0          0        176   depilogue.o
        62          0          0          0          0         80   dfixi.o
        48          0          0          0          0         68   dfixul.o
        34          0          0          0          0         76   dflti.o
       228          0          0          0          0         96   dmul.o
       162          0          0          0          0        100   dsqrt.o
        38          0          0          0          0         68   f2d.o
       176          0          0          0          0        140   fadd.o
       124          0          0          0          0         88   fdiv.o
       110          0          0          0          0        168   fepilogue.o
        50          0          0          0          0         68   ffixi.o
        18          0          0          0          0         68   fflti.o
        10          0          0          0          0         68   ffltui.o
       100          0          0          0          0         76   fmul.o
        60          0          0          0          0         76   frnd.o
        24          0          0          0          0         68   fscalb.o
        94          0          0          0          0         96   fsqrt.o

    ----------------------------------------------------------------------
      6272        254         32         16          0       3960   Library Totals
         6          0          0          0          0          0   (incl. Padding)

    ----------------------------------------------------------------------

      Code (inc. data)   RO Data    RW Data    ZI Data      Debug   Library Name

      1314        122         32          0          0        772   m_ws.l
      2824        132          0         16          0       1292   mc_w.l
      2128          0          0          0          0       1896   mf_w.l

    ----------------------------------------------------------------------
      6272        254         32         16          0       3960   Library Totals

    ----------------------------------------------------------------------

==============================================================================


      Code (inc. data)   RO Data    RW Data    ZI Data      Debug   

     17536       1352      74024         48      12512     583502   Grand Totals
     17536       1352      74024         48      12512     583502   ELF Image Totals
     17536       1352      74024         48          0          0   ROM Totals

==============================================================================

    Total RO  Size (Code + RO Data)                91560 (  89.41kB)
    Total RW  Size (RW Data + ZI Data)             12560 (  12.27kB)
    Total ROM Size (Code + RO Data + RW Data)      91608 (  89.46kB)

==============================================================================

