<html>
<body>
<pre>
<h1>礦ision Build Log</h1>
<h2>Tool Versions:</h2>
IDE-Version: μVision V5.14.0.0
Copyright (C) 2015 ARM Ltd and ARM Germany GmbH. All rights reserved.
License Information: yang yujie, jack, LIC=ATTHL-0DNYB-00KN9-44NLZ-VMY3N-SR9AD
 
Tool Versions:
Toolchain:       MDK-ARM Standard  Version: 5.14.0.0
Toolchain Path:  D:\MySoftwares\dianshe\ARM\ARMCC\Bin
C Compiler:      Armcc.exe V5.05 update 1 (build 106)
Assembler:       Armasm.exe V5.05 update 1 (build 106)
Linker/Locator:  ArmLink.exe V5.05 update 1 (build 106)
Library Manager: ArmAr.exe V5.05 update 1 (build 106)
Hex Converter:   FromElf.exe V5.05 update 1 (build 106)
CPU DLL:         SARMCM3.DLL V5.14.0.0
Dialog DLL:      DCM.DLL V1.13.1.0
Target DLL:      STLink\ST-LINKIII-KEIL_SWO.dll V2.0.14.0_KEIL
Dialog DLL:      TCM.DLL V1.14.4.0
 
<h2>Project:</h2>
E:\大二上\电设\yyj_寻路\MDK-ARM\yyj.uvprojx
Project File Date:  11/21/2018

<h2>Output:</h2>
Build target 'yyj'
compiling main.c...
../Src/utils.h(11): warning:  #1-D: last line of file ends without a newline
  #endif
../Src/main.c(358): warning:  #177-D: variable "pretype" was declared but never referenced
                uint8_t pretype=carmove->type;
../Src/main.c(269): warning:  #550-D: variable "x" was set but never used
        int x[5],y[5];  //current and previous position
../Src/main.c(269): warning:  #550-D: variable "y" was set but never used
        int x[5],y[5];  //current and previous position
../Src/main.c(273): warning:  #177-D: variable "angle_error" was declared but never referenced
        float angle_error;
../Src/main.c(281): warning:  #177-D: variable "ldu" was declared but never referenced
        int ldu=0,rdu=0;
../Src/main.c(281): warning:  #177-D: variable "rdu" was declared but never referenced
        int ldu=0,rdu=0;
../Src/main.c: 7 warnings, 0 errors
linking...
Program Size: Code=17484 RO-data=74024 RW-data=48 ZI-data=12000  
"yyj\yyj.axf" - 0 Error(s), 7 Warning(s).

<h2>Software Packages used:</h2>

Package Vendor: ARM
                http://www.keil.com/pack/ARM.CMSIS.4.2.0.pack
                ARM::CMSIS:CORE:3.40.0
                CMSIS (Cortex Microcontroller Software Interface Standard)
   * Component: CORE Version: 3.40.0

<h2>Collection of Component include folders:</h2>
  E:\大二上\电设\yyj_寻路\MDK-ARM\RTE
  D:\MySoftwares\dianshe\ARM\PACK\ARM\CMSIS\4.2.0\CMSIS\Include
  D:\MySoftwares\dianshe\ARM\PACK\Keil\STM32F1xx_DFP\2.2.0

<h2>Collection of Component Files used:</h2>

   * Component: ARM::CMSIS:CORE:3.40.0
      Source file:   CMSIS\UserCodeTemplates\ARM\ITM_Retarget.c
</pre>
</body>
</html>
