Component: ARM Compiler 5.05 update 1 (build 106) Tool: armlink [4d0efa]

==============================================================================

Section Cross References

    startup_stm32f103xe.o(RESET) refers to startup_stm32f103xe.o(STACK) for __initial_sp
    startup_stm32f103xe.o(RESET) refers to startup_stm32f103xe.o(.text) for Reset_Handler
    startup_stm32f103xe.o(RESET) refers to stm32f1xx_it.o(i.NMI_Handler) for NMI_Handler
    startup_stm32f103xe.o(RESET) refers to stm32f1xx_it.o(i.HardFault_Handler) for HardFault_Handler
    startup_stm32f103xe.o(RESET) refers to stm32f1xx_it.o(i.MemManage_Handler) for MemManage_Handler
    startup_stm32f103xe.o(RESET) refers to stm32f1xx_it.o(i.BusFault_Handler) for BusFault_Handler
    startup_stm32f103xe.o(RESET) refers to stm32f1xx_it.o(i.UsageFault_Handler) for UsageFault_Handler
    startup_stm32f103xe.o(RESET) refers to stm32f1xx_it.o(i.SVC_Handler) for SVC_Handler
    startup_stm32f103xe.o(RESET) refers to stm32f1xx_it.o(i.DebugMon_Handler) for DebugMon_Handler
    startup_stm32f103xe.o(RESET) refers to stm32f1xx_it.o(i.PendSV_Handler) for PendSV_Handler
    startup_stm32f103xe.o(RESET) refers to stm32f1xx_it.o(i.SysTick_Handler) for SysTick_Handler
    startup_stm32f103xe.o(RESET) refers to stm32f1xx_it.o(i.EXTI0_IRQHandler) for EXTI0_IRQHandler
    startup_stm32f103xe.o(RESET) refers to stm32f1xx_it.o(i.EXTI1_IRQHandler) for EXTI1_IRQHandler
    startup_stm32f103xe.o(RESET) refers to stm32f1xx_it.o(i.TIM1_UP_IRQHandler) for TIM1_UP_IRQHandler
    startup_stm32f103xe.o(RESET) refers to stm32f1xx_it.o(i.USART1_IRQHandler) for USART1_IRQHandler
    startup_stm32f103xe.o(RESET) refers to stm32f1xx_it.o(i.USART2_IRQHandler) for USART2_IRQHandler
    startup_stm32f103xe.o(RESET) refers to stm32f1xx_it.o(i.USART3_IRQHandler) for USART3_IRQHandler
    startup_stm32f103xe.o(.text) refers to system_stm32f1xx.o(i.SystemInit) for SystemInit
    startup_stm32f103xe.o(.text) refers to entry.o(.ARM.Collect$$$$00000000) for __main
    system_stm32f1xx.o(i.SystemCoreClockUpdate) refers to system_stm32f1xx.o(.data) for .data
    system_stm32f1xx.o(i.SystemCoreClockUpdate) refers to system_stm32f1xx.o(.constdata) for .constdata
    stm32f1xx_it.o(i.EXTI0_IRQHandler) refers to stm32f1xx_hal_gpio.o(i.HAL_GPIO_EXTI_IRQHandler) for HAL_GPIO_EXTI_IRQHandler
    stm32f1xx_it.o(i.EXTI1_IRQHandler) refers to stm32f1xx_hal_gpio.o(i.HAL_GPIO_EXTI_IRQHandler) for HAL_GPIO_EXTI_IRQHandler
    stm32f1xx_it.o(i.SysTick_Handler) refers to stm32f1xx_hal.o(i.HAL_IncTick) for HAL_IncTick
    stm32f1xx_it.o(i.SysTick_Handler) refers to stm32f1xx_hal_cortex.o(i.HAL_SYSTICK_IRQHandler) for HAL_SYSTICK_IRQHandler
    stm32f1xx_it.o(i.TIM1_UP_IRQHandler) refers to stm32f1xx_hal_tim.o(i.HAL_TIM_IRQHandler) for HAL_TIM_IRQHandler
    stm32f1xx_it.o(i.TIM1_UP_IRQHandler) refers to main.o(.bss) for htim1
    stm32f1xx_it.o(i.USART1_IRQHandler) refers to stm32f1xx_hal_uart.o(i.HAL_UART_IRQHandler) for HAL_UART_IRQHandler
    stm32f1xx_it.o(i.USART1_IRQHandler) refers to main.o(.bss) for huart1
    stm32f1xx_it.o(i.USART2_IRQHandler) refers to stm32f1xx_hal_uart.o(i.HAL_UART_IRQHandler) for HAL_UART_IRQHandler
    stm32f1xx_it.o(i.USART2_IRQHandler) refers to main.o(.bss) for huart2
    stm32f1xx_it.o(i.USART3_IRQHandler) refers to stm32f1xx_hal_uart.o(i.HAL_UART_IRQHandler) for HAL_UART_IRQHandler
    stm32f1xx_it.o(i.USART3_IRQHandler) refers to main.o(.bss) for huart3
    stm32f1xx_hal_msp.o(i.HAL_I2C_MspDeInit) refers to stm32f1xx_hal_gpio.o(i.HAL_GPIO_DeInit) for HAL_GPIO_DeInit
    stm32f1xx_hal_msp.o(i.HAL_I2C_MspInit) refers to stm32f1xx_hal_gpio.o(i.HAL_GPIO_Init) for HAL_GPIO_Init
    stm32f1xx_hal_msp.o(i.HAL_MspInit) refers to stm32f1xx_hal_cortex.o(i.HAL_NVIC_SetPriorityGrouping) for HAL_NVIC_SetPriorityGrouping
    stm32f1xx_hal_msp.o(i.HAL_MspInit) refers to stm32f1xx_hal_cortex.o(i.HAL_NVIC_SetPriority) for HAL_NVIC_SetPriority
    stm32f1xx_hal_msp.o(i.HAL_TIM_Base_MspDeInit) refers to stm32f1xx_hal_cortex.o(i.HAL_NVIC_DisableIRQ) for HAL_NVIC_DisableIRQ
    stm32f1xx_hal_msp.o(i.HAL_TIM_Base_MspInit) refers to stm32f1xx_hal_cortex.o(i.HAL_NVIC_SetPriority) for HAL_NVIC_SetPriority
    stm32f1xx_hal_msp.o(i.HAL_TIM_Base_MspInit) refers to stm32f1xx_hal_cortex.o(i.HAL_NVIC_EnableIRQ) for HAL_NVIC_EnableIRQ
    stm32f1xx_hal_msp.o(i.HAL_TIM_Encoder_MspDeInit) refers to stm32f1xx_hal_gpio.o(i.HAL_GPIO_DeInit) for HAL_GPIO_DeInit
    stm32f1xx_hal_msp.o(i.HAL_TIM_Encoder_MspInit) refers to stm32f1xx_hal_gpio.o(i.HAL_GPIO_Init) for HAL_GPIO_Init
    stm32f1xx_hal_msp.o(i.HAL_TIM_MspPostInit) refers to stm32f1xx_hal_gpio.o(i.HAL_GPIO_Init) for HAL_GPIO_Init
    stm32f1xx_hal_msp.o(i.HAL_UART_MspDeInit) refers to stm32f1xx_hal_gpio.o(i.HAL_GPIO_DeInit) for HAL_GPIO_DeInit
    stm32f1xx_hal_msp.o(i.HAL_UART_MspDeInit) refers to stm32f1xx_hal_cortex.o(i.HAL_NVIC_DisableIRQ) for HAL_NVIC_DisableIRQ
[...]
    cdrcmple.s                               0x00000000   Number         0  cdrcmple.o ABSOLUTE
    cfcmple.s                                0x00000000   Number         0  cfcmple.o ABSOLUTE
    cfrcmple.s                               0x00000000   Number         0  cfrcmple.o ABSOLUTE
    dc.s                                     0x00000000   Number         0  dc.o ABSOLUTE
    handlers.s                               0x00000000   Number         0  handlers.o ABSOLUTE
    init.s                                   0x00000000   Number         0  init.o ABSOLUTE
    startup_stm32f103xe.s                    0x00000000   Number         0  startup_stm32f103xe.o ABSOLUTE
    RESET                                    0x08000000   Section      304  startup_stm32f103xe.o(RESET)
    .ARM.Collect$$$$00000000                 0x08000130   Section        0  entry.o(.ARM.Collect$$$$00000000)
    .ARM.Collect$$$$00000001                 0x08000130   Section        4  entry2.o(.ARM.Collect$$$$00000001)
    .ARM.Collect$$$$00000004                 0x08000134   Section        4  entry5.o(.ARM.Collect$$$$00000004)
    .ARM.Collect$$$$00000008                 0x08000138   Section        0  entry7b.o(.ARM.Collect$$$$00000008)
    .ARM.Collect$$$$0000000A                 0x08000138   Section        0  entry8b.o(.ARM.Collect$$$$0000000A)
    .ARM.Collect$$$$0000000B                 0x08000138   Section        8  entry9a.o(.ARM.Collect$$$$0000000B)
    .ARM.Collect$$$$0000000D                 0x08000140   Section        0  entry10a.o(.ARM.Collect$$$$0000000D)
    .ARM.Collect$$$$0000000F                 0x08000140   Section        0  entry11a.o(.ARM.Collect$$$$0000000F)
    .ARM.Collect$$$$00002712                 0x08000140   Section        4  entry2.o(.ARM.Collect$$$$00002712)
    __lit__00000000                          0x08000140   Data           4  entry2.o(.ARM.Collect$$$$00002712)
    .text                                    0x08000144   Section       36  startup_stm32f103xe.o(.text)
    .text                                    0x08000168   Section        0  llushr.o(.text)
    .text                                    0x08000188   Section        0  memcpya.o(.text)
    .text                                    0x080001ac   Section        0  memseta.o(.text)
    .text                                    0x080001d0   Section        0  fadd.o(.text)
    .text                                    0x08000280   Section        0  fmul.o(.text)
    .text                                    0x080002e4   Section        0  fdiv.o(.text)
    .text                                    0x08000360   Section        0  fscalb.o(.text)
    .text                                    0x08000378   Section        0  dadd.o(.text)
    .text                                    0x080004c6   Section        0  dmul.o(.text)
    .text                                    0x080005aa   Section        0  ddiv.o(.text)
    .text                                    0x08000688   Section        0  dscalb.o(.text)
    .text                                    0x080006b6   Section        0  fflti.o(.text)
    .text                                    0x080006c8   Section        0  dflti.o(.text)
    .text                                    0x080006ea   Section        0  ffixi.o(.text)
    .text                                    0x0800071c   Section        0  dfixi.o(.text)
    .text                                    0x0800075a   Section        0  f2d.o(.text)
    .text                                    0x08000780   Section        0  d2f.o(.text)
    .text                                    0x080007b8   Section       20  cfcmple.o(.text)
    .text                                    0x080007cc   Section       20  cfrcmple.o(.text)
    .text                                    0x080007e0   Section        0  uidiv.o(.text)
    .text                                    0x0800080c   Section        0  uldiv.o(.text)
    .text                                    0x0800086e   Section        0  llshl.o(.text)
    .text                                    0x0800088c   Section        0  llsshr.o(.text)
    .text                                    0x080008b0   Section        0  fepilogue.o(.text)
    .text                                    0x080008b0   Section        0  iusefp.o(.text)
    .text                                    0x0800091e   Section        0  fsqrt.o(.text)
    .text                                    0x0800097c   Section        0  frnd.o(.text)
    .text                                    0x080009b8   Section        0  depilogue.o(.text)
    .text                                    0x08000a72   Section        0  dsqrt.o(.text)
    .text                                    0x08000b14   Section        0  dfixul.o(.text)
    .text                                    0x08000b44   Section       48  cdrcmple.o(.text)
    .text                                    0x08000b74   Section       36  init.o(.text)
    .text                                    0x08000b98   Section        0  ffltui.o(.text)
    i.BusFault_Handler                       0x08000ba2   Section        0  stm32f1xx_it.o(i.BusFault_Handler)
    i.DebugMon_Handler                       0x08000ba4   Section        0  stm32f1xx_it.o(i.DebugMon_Handler)
    i.EXTI0_IRQHandler                       0x08000ba6   Section        0  stm32f1xx_it.o(i.EXTI0_IRQHandler)
    i.EXTI1_IRQHandler                       0x08000bac   Section        0  stm32f1xx_it.o(i.EXTI1_IRQHandler)
    i.EuclideanDis                           0x08000bb2   Section        0  findroad.o(i.EuclideanDis)
    i.GetNextMove                            0x08000bca   Section        0  findroad.o(i.GetNextMove)
    i.Get_MPU_Data                           0x08000c78   Section        0  main.o(i.Get_MPU_Data)
    i.HAL_DMA_Abort_IT                       0x08000c94   Section        0  stm32f1xx_hal_dma.o(i.HAL_DMA_Abort_IT)
    i.HAL_Delay                              0x08000dc4   Section        0  stm32f1xx_hal.o(i.HAL_Delay)
    i.HAL_GPIO_EXTI_Callback                 0x08000de0   Section        0  main.o(i.HAL_GPIO_EXTI_Callback)
    i.HAL_GPIO_EXTI_IRQHandler               0x08000de4   Section        0  stm32f1xx_hal_gpio.o(i.HAL_GPIO_EXTI_IRQHandler)
    i.HAL_GPIO_Init                          0x08000dfc   Section        0  stm32f1xx_hal_gpio.o(i.HAL_GPIO_Init)
    i.HAL_GPIO_ReadPin                       0x08000fe4   Section        0  stm32f1xx_hal_gpio.o(i.HAL_GPIO_ReadPin)
    i.HAL_GPIO_WritePin                      0x08000fee   Section        0  stm32f1xx_hal_gpio.o(i.HAL_GPIO_WritePin)
    i.HAL_GetTick                            0x08000ff8   Section        0  stm32f1xx_hal.o(i.HAL_GetTick)
    i.HAL_I2C_Init                           0x08001004   Section        0  stm32f1xx_hal_i2c.o(i.HAL_I2C_Init)
    i.HAL_I2C_Mem_Read                       0x0800110c   Section        0  stm32f1xx_hal_i2c.o(i.HAL_I2C_Mem_Read)
    i.HAL_I2C_Mem_Write                      0x0800132c   Section        0  stm32f1xx_hal_i2c.o(i.HAL_I2C_Mem_Write)
    i.HAL_I2C_MspInit                        0x08001468   Section        0  stm32f1xx_hal_msp.o(i.HAL_I2C_MspInit)
    i.HAL_IncTick                            0x080014bc   Section        0  stm32f1xx_hal.o(i.HAL_IncTick)
    i.HAL_Init                               0x080014cc   Section        0  stm32f1xx_hal.o(i.HAL_Init)
    i.HAL_InitTick                           0x080014f0   Section        0  stm32f1xx_hal.o(i.HAL_InitTick)
    i.HAL_MspInit                            0x08001518   Section        0  stm32f1xx_hal_msp.o(i.HAL_MspInit)
    i.HAL_NVIC_EnableIRQ                     0x0800159c   Section        0  stm32f1xx_hal_cortex.o(i.HAL_NVIC_EnableIRQ)
    i.HAL_NVIC_SetPriority                   0x080015b4   Section        0  stm32f1xx_hal_cortex.o(i.HAL_NVIC_SetPriority)
    i.HAL_NVIC_SetPriorityGrouping           0x080015f4   Section        0  stm32f1xx_hal_cortex.o(i.HAL_NVIC_SetPriorityGrouping)
    i.HAL_RCC_ClockConfig                    0x08001618   Section        0  stm32f1xx_hal_rcc.o(i.HAL_RCC_ClockConfig)
    i.HAL_RCC_GetHCLKFreq                    0x0800176c   Section        0  stm32f1xx_hal_rcc.o(i.HAL_RCC_GetHCLKFreq)
    i.HAL_RCC_GetPCLK1Freq                   0x08001778   Section        0  stm32f1xx_hal_rcc.o(i.HAL_RCC_GetPCLK1Freq)
    i.HAL_RCC_GetPCLK2Freq                   0x08001798   Section        0  stm32f1xx_hal_rcc.o(i.HAL_RCC_GetPCLK2Freq)
    i.HAL_RCC_GetSysClockFreq                0x080017b8   Section        0  stm32f1xx_hal_rcc.o(i.HAL_RCC_GetSysClockFreq)
    i.HAL_RCC_OscConfig                      0x08001824   Section        0  stm32f1xx_hal_rcc.o(i.HAL_RCC_OscConfig)
    i.HAL_SYSTICK_CLKSourceConfig            0x08001b28   Section        0  stm32f1xx_hal_cortex.o(i.HAL_SYSTICK_CLKSourceConfig)
    i.HAL_SYSTICK_Callback                   0x08001b40   Section        0  stm32f1xx_hal_cortex.o(i.HAL_SYSTICK_Callback)
    i.HAL_SYSTICK_Config                     0x08001b42   Section        0  stm32f1xx_hal_cortex.o(i.HAL_SYSTICK_Config)
    i.HAL_SYSTICK_IRQHandler                 0x08001b6a   Section        0  stm32f1xx_hal_cortex.o(i.HAL_SYSTICK_IRQHandler)
    i.HAL_TIMEx_BreakCallback                0x08001b72   Section        0  stm32f1xx_hal_tim_ex.o(i.HAL_TIMEx_BreakCallback)
    i.HAL_TIMEx_CommutationCallback          0x08001b74   Section        0  stm32f1xx_hal_tim_ex.o(i.HAL_TIMEx_CommutationCallback)
    i.HAL_TIMEx_MasterConfigSynchronization  0x08001b76   Section        0  stm32f1xx_hal_tim_ex.o(i.HAL_TIMEx_MasterConfigSynchronization)
    i.HAL_TIM_Base_Init                      0x08001bc6   Section        0  stm32f1xx_hal_tim.o(i.HAL_TIM_Base_Init)
    i.HAL_TIM_Base_MspInit                   0x08001bfc   Section        0  stm32f1xx_hal_msp.o(i.HAL_TIM_Base_MspInit)
    i.HAL_TIM_Base_Start_IT                  0x08001c38   Section        0  stm32f1xx_hal_tim.o(i.HAL_TIM_Base_Start_IT)
    i.HAL_TIM_ConfigClockSource              0x08001c50   Section        0  stm32f1xx_hal_tim.o(i.HAL_TIM_ConfigClockSource)
    i.HAL_TIM_Encoder_Init                   0x08001d42   Section        0  stm32f1xx_hal_tim.o(i.HAL_TIM_Encoder_Init)
    i.HAL_TIM_Encoder_MspInit                0x08001dd8   Section        0  stm32f1xx_hal_msp.o(i.HAL_TIM_Encoder_MspInit)
    i.HAL_TIM_Encoder_Start                  0x08001e34   Section        0  stm32f1xx_hal_tim.o(i.HAL_TIM_Encoder_Start)
    i.HAL_TIM_IC_CaptureCallback             0x08001e68   Section        0  stm32f1xx_hal_tim.o(i.HAL_TIM_IC_CaptureCallback)
    i.HAL_TIM_IRQHandler                     0x08001e6a   Section        0  stm32f1xx_hal_tim.o(i.HAL_TIM_IRQHandler)
    i.HAL_TIM_MspPostInit                    0x08001fd0   Section        0  stm32f1xx_hal_msp.o(i.HAL_TIM_MspPostInit)
    i.HAL_TIM_OC_DelayElapsedCallback        0x08001ff8   Section        0  stm32f1xx_hal_tim.o(i.HAL_TIM_OC_DelayElapsedCallback)
    i.HAL_TIM_PWM_ConfigChannel              0x08001ffa   Section        0  stm32f1xx_hal_tim.o(i.HAL_TIM_PWM_ConfigChannel)
    i.HAL_TIM_PWM_Init                       0x080020ca   Section        0  stm32f1xx_hal_tim.o(i.HAL_TIM_PWM_Init)
    i.HAL_TIM_PWM_MspInit                    0x08002100   Section        0  stm32f1xx_hal_msp.o(i.HAL_TIM_PWM_MspInit)
    i.HAL_TIM_PWM_PulseFinishedCallback      0x08002128   Section        0  stm32f1xx_hal_tim.o(i.HAL_TIM_PWM_PulseFinishedCallback)
    i.HAL_TIM_PWM_Start                      0x0800212c   Section        0  stm32f1xx_hal_tim.o(i.HAL_TIM_PWM_Start)
    i.HAL_TIM_PeriodElapsedCallback          0x08002164   Section        0  main.o(i.HAL_TIM_PeriodElapsedCallback)
    i.HAL_TIM_TriggerCallback                0x080021c8   Section        0  stm32f1xx_hal_tim.o(i.HAL_TIM_TriggerCallback)
    i.HAL_UART_ErrorCallback                 0x080021ca   Section        0  stm32f1xx_hal_uart.o(i.HAL_UART_ErrorCallback)
    i.HAL_UART_IRQHandler                    0x080021cc   Section        0  stm32f1xx_hal_uart.o(i.HAL_UART_IRQHandler)
    i.HAL_UART_Init                          0x080022dc   Section        0  stm32f1xx_hal_uart.o(i.HAL_UART_Init)
    i.HAL_UART_MspInit                       0x08002340   Section        0  stm32f1xx_hal_msp.o(i.HAL_UART_MspInit)
    i.HAL_UART_Receive_IT                    0x08002450   Section        0  stm32f1xx_hal_uart.o(i.HAL_UART_Receive_IT)
    i.HAL_UART_RxCpltCallback                0x080024a4   Section        0  main.o(i.HAL_UART_RxCpltCallback)
    i.HAL_UART_Transmit                      0x08002530   Section        0  stm32f1xx_hal_uart.o(i.HAL_UART_Transmit)
    i.HAL_UART_TxCpltCallback                0x080025ea   Section        0  stm32f1xx_hal_uart.o(i.HAL_UART_TxCpltCallback)
    i.HardFault_Handler                      0x080025ec   Section        0  stm32f1xx_it.o(i.HardFault_Handler)
    i.I2C_IsAcknowledgeFailed                0x080025ee   Section        0  stm32f1xx_hal_i2c.o(i.I2C_IsAcknowledgeFailed)
    I2C_IsAcknowledgeFailed                  0x080025ef   Thumb Code    40  stm32f1xx_hal_i2c.o(i.I2C_IsAcknowledgeFailed)
    i.I2C_RequestMemoryRead                  0x08002616   Section        0  stm32f1xx_hal_i2c.o(i.I2C_RequestMemoryRead)
    I2C_RequestMemoryRead                    0x08002617   Thumb Code   240  stm32f1xx_hal_i2c.o(i.I2C_RequestMemoryRead)
    i.I2C_RequestMemoryWrite                 0x08002708   Section        0  stm32f1xx_hal_i2c.o(i.I2C_RequestMemoryWrite)
    I2C_RequestMemoryWrite                   0x08002709   Thumb Code   156  stm32f1xx_hal_i2c.o(i.I2C_RequestMemoryWrite)
    i.I2C_WaitOnBTFFlagUntilTimeout          0x080027a8   Section        0  stm32f1xx_hal_i2c.o(i.I2C_WaitOnBTFFlagUntilTimeout)
    I2C_WaitOnBTFFlagUntilTimeout            0x080027a9   Thumb Code    78  stm32f1xx_hal_i2c.o(i.I2C_WaitOnBTFFlagUntilTimeout)
    i.I2C_WaitOnFlagUntilTimeout             0x080027f6   Section        0  stm32f1xx_hal_i2c.o(i.I2C_WaitOnFlagUntilTimeout)
    I2C_WaitOnFlagUntilTimeout               0x080027f7   Thumb Code    96  stm32f1xx_hal_i2c.o(i.I2C_WaitOnFlagUntilTimeout)
    i.I2C_WaitOnMasterAddressFlagUntilTimeout 0x08002858   Section        0  stm32f1xx_hal_i2c.o(i.I2C_WaitOnMasterAddressFlagUntilTimeout)
    I2C_WaitOnMasterAddressFlagUntilTimeout  0x08002859   Thumb Code   136  stm32f1xx_hal_i2c.o(i.I2C_WaitOnMasterAddressFlagUntilTimeout)
    i.I2C_WaitOnRXNEFlagUntilTimeout         0x080028e0   Section        0  stm32f1xx_hal_i2c.o(i.I2C_WaitOnRXNEFlagUntilTimeout)
    I2C_WaitOnRXNEFlagUntilTimeout           0x080028e1   Thumb Code    98  stm32f1xx_hal_i2c.o(i.I2C_WaitOnRXNEFlagUntilTimeout)
    i.I2C_WaitOnTXEFlagUntilTimeout          0x08002942   Section        0  stm32f1xx_hal_i2c.o(i.I2C_WaitOnTXEFlagUntilTimeout)
    I2C_WaitOnTXEFlagUntilTimeout            0x08002943   Thumb Code    78  stm32f1xx_hal_i2c.o(i.I2C_WaitOnTXEFlagUntilTimeout)
    i.InitMPU6050                            0x08002990   Section        0  main.o(i.InitMPU6050)
    i.MX_GPIO_Init                           0x08002a30   Section        0  main.o(i.MX_GPIO_Init)
    MX_GPIO_Init                             0x08002a31   Thumb Code   174  main.o(i.MX_GPIO_Init)
    i.MX_I2C1_Init                           0x08002af0   Section        0  main.o(i.MX_I2C1_Init)
    MX_I2C1_Init                             0x08002af1   Thumb Code    44  main.o(i.MX_I2C1_Init)
    i.MX_TIM1_Init                           0x08002b28   Section        0  main.o(i.MX_TIM1_Init)
    MX_TIM1_Init                             0x08002b29   Thumb Code    80  main.o(i.MX_TIM1_Init)
    i.MX_TIM2_Init                           0x08002b80   Section        0  main.o(i.MX_TIM2_Init)
    MX_TIM2_Init                             0x08002b81   Thumb Code    84  main.o(i.MX_TIM2_Init)
    i.MX_TIM3_Init                           0x08002bd8   Section        0  main.o(i.MX_TIM3_Init)
    MX_TIM3_Init                             0x08002bd9   Thumb Code    82  main.o(i.MX_TIM3_Init)
    i.MX_TIM4_Init                           0x08002c34   Section        0  main.o(i.MX_TIM4_Init)
    MX_TIM4_Init                             0x08002c35   Thumb Code    98  main.o(i.MX_TIM4_Init)
    i.MemManage_Handler                      0x08002ca0   Section        0  stm32f1xx_it.o(i.MemManage_Handler)
    i.NMI_Handler                            0x08002ca2   Section        0  stm32f1xx_it.o(i.NMI_Handler)
    i.NVIC_SetPriority                       0x08002ca4   Section        0  stm32f1xx_hal_cortex.o(i.NVIC_SetPriority)
    NVIC_SetPriority                         0x08002ca5   Thumb Code    32  stm32f1xx_hal_cortex.o(i.NVIC_SetPriority)
    i.PIDInit                                0x08002cc4   Section        0  main.o(i.PIDInit)
    i.PendSV_Handler                         0x08002cdc   Section        0  stm32f1xx_it.o(i.PendSV_Handler)
    i.SVC_Handler                            0x08002cde   Section        0  stm32f1xx_it.o(i.SVC_Handler)
    i.Single_ReadI2C                         0x08002ce0   Section        0  main.o(i.Single_ReadI2C)
    i.Single_WriteI2C                        0x08002d08   Section        0  main.o(i.Single_WriteI2C)
    i.SysTick_Handler                        0x08002d2c   Section        0  stm32f1xx_it.o(i.SysTick_Handler)
    i.SystemClock_Config                     0x08002d3a   Section        0  main.o(i.SystemClock_Config)
    i.SystemInit                             0x08002d94   Section        0  system_stm32f1xx.o(i.SystemInit)
    i.TIM1_UP_IRQHandler                     0x08002ddc   Section        0  stm32f1xx_it.o(i.TIM1_UP_IRQHandler)
    i.TIM_Base_SetConfig                     0x08002de8   Section        0  stm32f1xx_hal_tim.o(i.TIM_Base_SetConfig)
    i.TIM_CCxChannelCmd                      0x08002e74   Section        0  stm32f1xx_hal_tim.o(i.TIM_CCxChannelCmd)
    i.TIM_ETR_SetConfig                      0x08002e8a   Section        0  stm32f1xx_hal_tim.o(i.TIM_ETR_SetConfig)
    TIM_ETR_SetConfig                        0x08002e8b   Thumb Code    20  stm32f1xx_hal_tim.o(i.TIM_ETR_SetConfig)
    i.TIM_ITRx_SetConfig                     0x08002e9e   Section        0  stm32f1xx_hal_tim.o(i.TIM_ITRx_SetConfig)
    TIM_ITRx_SetConfig                       0x08002e9f   Thumb Code    16  stm32f1xx_hal_tim.o(i.TIM_ITRx_SetConfig)
    i.TIM_OC1_SetConfig                      0x08002eb0   Section        0  stm32f1xx_hal_tim.o(i.TIM_OC1_SetConfig)
    TIM_OC1_SetConfig                        0x08002eb1   Thumb Code    88  stm32f1xx_hal_tim.o(i.TIM_OC1_SetConfig)
    i.TIM_OC2_SetConfig                      0x08002f10   Section        0  stm32f1xx_hal_tim.o(i.TIM_OC2_SetConfig)
    i.TIM_OC3_SetConfig                      0x08002f7c   Section        0  stm32f1xx_hal_tim.o(i.TIM_OC3_SetConfig)
    TIM_OC3_SetConfig                        0x08002f7d   Thumb Code    96  stm32f1xx_hal_tim.o(i.TIM_OC3_SetConfig)
    i.TIM_OC4_SetConfig                      0x08002fe4   Section        0  stm32f1xx_hal_tim.o(i.TIM_OC4_SetConfig)
    TIM_OC4_SetConfig                        0x08002fe5   Thumb Code    70  stm32f1xx_hal_tim.o(i.TIM_OC4_SetConfig)
    i.TIM_TI1_ConfigInputStage               0x08003034   Section        0  stm32f1xx_hal_tim.o(i.TIM_TI1_ConfigInputStage)
    TIM_TI1_ConfigInputStage                 0x08003035   Thumb Code    34  stm32f1xx_hal_tim.o(i.TIM_TI1_ConfigInputStage)
    i.TIM_TI2_ConfigInputStage               0x08003056   Section        0  stm32f1xx_hal_tim.o(i.TIM_TI2_ConfigInputStage)
    TIM_TI2_ConfigInputStage                 0x08003057   Thumb Code    36  stm32f1xx_hal_tim.o(i.TIM_TI2_ConfigInputStage)
    i.UART_DMAAbortOnError                   0x0800307a   Section        0  stm32f1xx_hal_uart.o(i.UART_DMAAbortOnError)
    UART_DMAAbortOnError                     0x0800307b   Thumb Code    16  stm32f1xx_hal_uart.o(i.UART_DMAAbortOnError)
    i.UART_EndRxTransfer                     0x0800308a   Section        0  stm32f1xx_hal_uart.o(i.UART_EndRxTransfer)
    UART_EndRxTransfer                       0x0800308b   Thumb Code    28  stm32f1xx_hal_uart.o(i.UART_EndRxTransfer)
    i.UART_Receive_IT                        0x080030a6   Section        0  stm32f1xx_hal_uart.o(i.UART_Receive_IT)
    UART_Receive_IT                          0x080030a7   Thumb Code   150  stm32f1xx_hal_uart.o(i.UART_Receive_IT)
    i.UART_SetConfig                         0x0800313c   Section        0  stm32f1xx_hal_uart.o(i.UART_SetConfig)
    UART_SetConfig                           0x0800313d   Thumb Code   364  stm32f1xx_hal_uart.o(i.UART_SetConfig)
    i.UART_Transmit_IT                       0x080032ac   Section        0  stm32f1xx_hal_uart.o(i.UART_Transmit_IT)
    UART_Transmit_IT                         0x080032ad   Thumb Code    98  stm32f1xx_hal_uart.o(i.UART_Transmit_IT)
    i.UART_WaitOnFlagUntilTimeout            0x0800330e   Section        0  stm32f1xx_hal_uart.o(i.UART_WaitOnFlagUntilTimeout)
    UART_WaitOnFlagUntilTimeout              0x0800330f   Thumb Code   100  stm32f1xx_hal_uart.o(i.UART_WaitOnFlagUntilTimeout)
    i.USART1_IRQHandler                      0x08003374   Section        0  stm32f1xx_it.o(i.USART1_IRQHandler)
    i.USART2_IRQHandler                      0x08003380   Section        0  stm32f1xx_it.o(i.USART2_IRQHandler)
    i.USART3_IRQHandler                      0x0800338c   Section        0  stm32f1xx_it.o(i.USART3_IRQHandler)
    i.UsageFault_Handler                     0x08003398   Section        0  stm32f1xx_it.o(i.UsageFault_Handler)
    i.__0printf                              0x0800339c   Section        0  printfa.o(i.__0printf)
    i.__ARM_fpclassify                       0x080033bc   Section        0  fpclassify.o(i.__ARM_fpclassify)
    i.__ARM_fpclassifyf                      0x080033e4   Section        0  fpclassifyf.o(i.__ARM_fpclassifyf)
    i.__kernel_poly                          0x0800340a   Section        0  poly.o(i.__kernel_poly)
    i.__mathlib_dbl_infnan                   0x080034b4   Section        0  dunder.o(i.__mathlib_dbl_infnan)
    i.__mathlib_dbl_underflow                0x080034bc   Section        0  dunder.o(i.__mathlib_dbl_underflow)
    i.__mathlib_flt_infnan                   0x080034cc   Section        0  funder.o(i.__mathlib_flt_infnan)
    i.__mathlib_flt_invalid                  0x080034d2   Section        0  funder.o(i.__mathlib_flt_invalid)
    i.__mathlib_flt_underflow                0x080034da   Section        0  funder.o(i.__mathlib_flt_underflow)
    i.__mathlib_rredf2                       0x080034e4   Section        0  rredf.o(i.__mathlib_rredf2)
    i.__scatterload_copy                     0x0800364c   Section       14  handlers.o(i.__scatterload_copy)
    i.__scatterload_null                     0x0800365a   Section        2  handlers.o(i.__scatterload_null)
    i.__scatterload_zeroinit                 0x0800365c   Section       14  handlers.o(i.__scatterload_zeroinit)
    i.__set_errno                            0x0800366c   Section        0  errno.o(i.__set_errno)
    i._fp_digits                             0x08003678   Section        0  printfa.o(i._fp_digits)
    _fp_digits                               0x08003679   Thumb Code   334  printfa.o(i._fp_digits)
    i._printf_core                           0x080037dc   Section        0  printfa.o(i._printf_core)
    _printf_core                             0x080037dd   Thumb Code  1744  printfa.o(i._printf_core)
    i._printf_post_padding                   0x08003eb8   Section        0  printfa.o(i._printf_post_padding)
    _printf_post_padding                     0x08003eb9   Thumb Code    36  printfa.o(i._printf_post_padding)
    i._printf_pre_padding                    0x08003edc   Section        0  printfa.o(i._printf_pre_padding)
    _printf_pre_padding                      0x08003edd   Thumb Code    46  printfa.o(i._printf_pre_padding)
    i.atan                                   0x08003f0c   Section        0  atan.o(i.atan)
    i.cal_myangle                            0x0800412c   Section        0  main.o(i.cal_myangle)
    i.cal_vecangle                           0x08004254   Section        0  main.o(i.cal_vecangle)
    i.change                                 0x08004330   Section        0  main.o(i.change)
    i.computeIntersection                    0x0800434e   Section        0  findroad.o(i.computeIntersection)
    i.coreGetCarMove                         0x080043bc   Section        0  findroad.o(i.coreGetCarMove)
    i.cosf                                   0x080044fc   Section        0  cosf.o(i.cosf)
    i.crossProduct                           0x08004678   Section        0  findroad.o(i.crossProduct)
    i.deleteMoveList                         0x08004698   Section        0  findroad.o(i.deleteMoveList)
    i.dijkstra                               0x080046b0   Section        0  findroad.o(i.dijkstra)
    i.find_road                              0x080047bc   Section        0  findroad.o(i.find_road)
    i.fputc                                  0x08004a4c   Section        0  main.o(i.fputc)
    i.free                                   0x08004a68   Section        0  malloc.o(i.free)
    i.getCarMoveFromPoints                   0x08004ab8   Section        0  findroad.o(i.getCarMoveFromPoints)
    i.getDis                                 0x08004b0c   Section        0  findroad.o(i.getDis)
    i.get_next_move                          0x08004b28   Section        0  findroad.o(i.get_next_move)
    i.initDis                                0x08004b7c   Section        0  findroad.o(i.initDis)
    i.initEdgeList                           0x08004c18   Section        0  findroad.o(i.initEdgeList)
    i.initMoveList                           0x08004c2e   Section        0  findroad.o(i.initMoveList)
    i.main                                   0x08004c44   Section        0  main.o(i.main)
    i.malloc                                 0x080051b8   Section        0  malloc.o(i.malloc)
    i.msgrefresh                             0x08005224   Section        0  main.o(i.msgrefresh)
    i.myCos                                  0x08005370   Section        0  findroad.o(i.myCos)
    i.mySin                                  0x08005390   Section        0  findroad.o(i.mySin)
    i.sinf                                   0x080053b0   Section        0  sinf.o(i.sinf)
    i.sqrt                                   0x08005538   Section        0  sqrt.o(i.sqrt)
    i.sqrtf                                  0x08005584   Section        0  sqrtf.o(i.sqrtf)
    .constdata                               0x080055b0   Section       16  system_stm32f1xx.o(.constdata)
    .constdata                               0x080055c0   Section        8  system_stm32f1xx.o(.constdata)
    .constdata                               0x080055c8   Section      224  index_map.o(.constdata)
    .constdata                               0x080056a8   Section      224  index_map.o(.constdata)
    .constdata                               0x08005788   Section       85  index_map.o(.constdata)
    .constdata                               0x080057dd   Section       85  index_map.o(.constdata)
    .constdata                               0x08005832   Section      112  index_map.o(.constdata)
    .constdata                               0x080058a2   Section    72900  index_map.o(.constdata)
    .constdata                               0x08017568   Section      152  atan.o(.constdata)
    atanhi                                   0x08017568   Data          32  atan.o(.constdata)
    atanlo                                   0x08017588   Data          32  atan.o(.constdata)
    aTodd                                    0x080175a8   Data          40  atan.o(.constdata)
    aTeven                                   0x080175d0   Data          48  atan.o(.constdata)
    .constdata                               0x08017600   Section       32  rredf.o(.constdata)
    twooverpi                                0x08017600   Data          32  rredf.o(.constdata)
    .data                                    0x20000000   Section        4  system_stm32f1xx.o(.data)
    .data                                    0x20000004   Section       32  main.o(.data)
    .data                                    0x20000024   Section        4  stm32f1xx_hal.o(.data)
    .data                                    0x20000028   Section        4  stdout.o(.data)
    .data                                    0x2000002c   Section        4  mvars.o(.data)
    .data                                    0x20000030   Section        4  mvars.o(.data)
    .data                                    0x20000034   Section        4  errno.o(.data)
    _errno                                   0x20000034   Data           4  errno.o(.data)
    .bss                                     0x20000038   Section      761  main.o(.bss)
    a                                        0x20000038   Data          64  main.o(.bss)
    .bss                                     0x20000334   Section     6900  findroad.o(.bss)
    HEAP                                     0x20001e28   Section      512  startup_stm32f103xe.o(HEAP)
    STACK                                    0x20002028   Section     1024  startup_stm32f103xe.o(STACK)

    Global Symbols

    Symbol Name                              Value     Ov Type        Size  Object(Section)

    BuildAttributes$$THM_ISAv4$P$D$K$B$S$PE$A:L22UL41UL21$X:L11$S22US41US21$IEEE1$IW$USESV6$~STKCKD$USESV7$~SHL$OTIME$ROPI$IEEEX$EBA8$MICROLIB$REQ8$PRES8$EABIv2 0x00000000   Number         0  anon$$obj.o ABSOLUTE
    __ARM_use_no_argv                        0x00000000   Number         0  main.o ABSOLUTE
    _printf_a                                0x00000000   Number         0  stubs.o ABSOLUTE
    _printf_c                                0x00000000   Number         0  stubs.o ABSOLUTE
    _printf_charcount                        0x00000000   Number         0  stubs.o ABSOLUTE
    _printf_d                                0x00000000   Number         0  stubs.o ABSOLUTE
    _printf_e                                0x00000000   Number         0  stubs.o ABSOLUTE
    _printf_f                                0x00000000   Number         0  stubs.o ABSOLUTE
    _printf_flags                            0x00000000   Number         0  stubs.o ABSOLUTE
    _printf_fp_dec                           0x00000000   Number         0  stubs.o ABSOLUTE
    _printf_fp_hex                           0x00000000   Number         0  stubs.o ABSOLUTE
    _printf_g                                0x00000000   Number         0  stubs.o ABSOLUTE
    _printf_i                                0x00000000   Number         0  stubs.o ABSOLUTE
    _printf_int_dec                          0x00000000   Number         0  stubs.o ABSOLUTE
    _printf_l                                0x00000000   Number         0  stubs.o ABSOLUTE
    _printf_lc                               0x00000000   Number         0  stubs.o ABSOLUTE
    _printf_ll                               0x00000000   Number         0  stubs.o ABSOLUTE
    _printf_lld                              0x00000000   Number         0  stubs.o ABSOLUTE
    _printf_lli                              0x00000000   Number         0  stubs.o ABSOLUTE
    _printf_llo                              0x00000000   Number         0  stubs.o ABSOLUTE
    _printf_llu                              0x00000000   Number         0  stubs.o ABSOLUTE
    _printf_llx                              0x00000000   Number         0  stubs.o ABSOLUTE
    _printf_longlong_dec                     0x00000000   Number         0  stubs.o ABSOLUTE
    _printf_longlong_hex                     0x00000000   Number         0  stubs.o ABSOLUTE
    _printf_longlong_oct                     0x00000000   Number         0  stubs.o ABSOLUTE
    _printf_ls                               0x00000000   Number         0  stubs.o ABSOLUTE
    _printf_mbtowc                           0x00000000   Number         0  stubs.o ABSOLUTE
    _printf_n                                0x00000000   Number         0  stubs.o ABSOLUTE
    _printf_o                                0x00000000   Number         0  stubs.o ABSOLUTE
    _printf_p                                0x00000000   Number         0  stubs.o ABSOLUTE
    _printf_percent                          0x00000000   Number         0  stubs.o ABSOLUTE
    _printf_pre_padding                      0x00000000   Number         0  stubs.o ABSOLUTE
    _printf_return_value                     0x00000000   Number         0  stubs.o ABSOLUTE
    _printf_s                                0x00000000   Number         0  stubs.o ABSOLUTE
    _printf_sizespec                         0x00000000   Number         0  stubs.o ABSOLUTE
    _printf_str                              0x00000000   Number         0  stubs.o ABSOLUTE
    _printf_truncate_signed                  0x00000000   Number         0  stubs.o ABSOLUTE
    _printf_truncate_unsigned                0x00000000   Number         0  stubs.o ABSOLUTE
    _printf_u                                0x00000000   Number         0  stubs.o ABSOLUTE
    _printf_wc                               0x00000000   Number         0  stubs.o ABSOLUTE
    _printf_wctomb                           0x00000000   Number         0  stubs.o ABSOLUTE
    _printf_widthprec                        0x00000000   Number         0  stubs.o ABSOLUTE
    _printf_x                                0x00000000   Number         0  stubs.o ABSOLUTE
    __cpp_initialize__aeabi_                  - Undefined Weak Reference
    __cxa_finalize                            - Undefined Weak Reference
    __decompress                              - Undefined Weak Reference
    _clock_init                               - Undefined Weak Reference
    _microlib_exit                            - Undefined Weak Reference
    __Vectors_Size                           0x00000130   Number         0  startup_stm32f103xe.o ABSOLUTE
    __Vectors                                0x08000000   Data           4  startup_stm32f103xe.o(RESET)
    __Vectors_End                            0x08000130   Data           0  startup_stm32f103xe.o(RESET)
    __main                                   0x08000131   Thumb Code     0  entry.o(.ARM.Collect$$$$00000000)
    _main_stk                                0x08000131   Thumb Code     0  entry2.o(.ARM.Collect$$$$00000001)
    _main_scatterload                        0x08000135   Thumb Code     0  entry5.o(.ARM.Collect$$$$00000004)
    __main_after_scatterload                 0x08000139   Thumb Code     0  entry5.o(.ARM.Collect$$$$00000004)
    _main_clock                              0x08000139   Thumb Code     0  entry7b.o(.ARM.Collect$$$$00000008)
    _main_cpp_init                           0x08000139   Thumb Code     0  entry8b.o(.ARM.Collect$$$$0000000A)
    _main_init                               0x08000139   Thumb Code     0  entry9a.o(.ARM.Collect$$$$0000000B)
    __rt_final_cpp                           0x08000141   Thumb Code     0  entry10a.o(.ARM.Collect$$$$0000000D)
    __rt_final_exit                          0x08000141   Thumb Code     0  entry11a.o(.ARM.Collect$$$$0000000F)
    Reset_Handler                            0x08000145   Thumb Code     8  startup_stm32f103xe.o(.text)
    ADC1_2_IRQHandler                        0x0800015f   Thumb Code     0  startup_stm32f103xe.o(.text)
    ADC3_IRQHandler                          0x0800015f   Thumb Code     0  startup_stm32f103xe.o(.text)
    CAN1_RX1_IRQHandler                      0x0800015f   Thumb Code     0  startup_stm32f103xe.o(.text)
    CAN1_SCE_IRQHandler                      0x0800015f   Thumb Code     0  startup_stm32f103xe.o(.text)
    DMA1_Channel1_IRQHandler                 0x0800015f   Thumb Code     0  startup_stm32f103xe.o(.text)
    DMA1_Channel2_IRQHandler                 0x0800015f   Thumb Code     0  startup_stm32f103xe.o(.text)
    DMA1_Channel3_IRQHandler                 0x0800015f   Thumb Code     0  startup_stm32f103xe.o(.text)
    DMA1_Channel4_IRQHandler                 0x0800015f   Thumb Code     0  startup_stm32f103xe.o(.text)
    DMA1_Channel5_IRQHandler                 0x0800015f   Thumb Code     0  startup_stm32f103xe.o(.text)
    DMA1_Channel6_IRQHandler                 0x0800015f   Thumb Code     0  startup_stm32f103xe.o(.text)
    DMA1_Channel7_IRQHandler                 0x0800015f   Thumb Code     0  startup_stm32f103xe.o(.text)
    DMA2_Channel1_IRQHandler                 0x0800015f   Thumb Code     0  startup_stm32f103xe.o(.text)
    DMA2_Channel2_IRQHandler                 0x0800015f   Thumb Code     0  startup_stm32f103xe.o(.text)
    DMA2_Channel3_IRQHandler                 0x0800015f   Thumb Code     0  startup_stm32f103xe.o(.text)
    DMA2_Channel4_5_IRQHandler               0x0800015f   Thumb Code     0  startup_stm32f103xe.o(.text)
    EXTI15_10_IRQHandler                     0x0800015f   Thumb Code     0  startup_stm32f103xe.o(.text)
    EXTI2_IRQHandler                         0x0800015f   Thumb Code     0  startup_stm32f103xe.o(.text)
    EXTI3_IRQHandler                         0x0800015f   Thumb Code     0  startup_stm32f103xe.o(.text)
    EXTI4_IRQHandler                         0x0800015f   Thumb Code     0  startup_stm32f103xe.o(.text)
    EXTI9_5_IRQHandler                       0x0800015f   Thumb Code     0  startup_stm32f103xe.o(.text)
    FLASH_IRQHandler                         0x0800015f   Thumb Code     0  startup_stm32f103xe.o(.text)
    FSMC_IRQHandler                          0x0800015f   Thumb Code     0  startup_stm32f103xe.o(.text)
    I2C1_ER_IRQHandler                       0x0800015f   Thumb Code     0  startup_stm32f103xe.o(.text)
    I2C1_EV_IRQHandler                       0x0800015f   Thumb Code     0  startup_stm32f103xe.o(.text)
    I2C2_ER_IRQHandler                       0x0800015f   Thumb Code     0  startup_stm32f103xe.o(.text)
    I2C2_EV_IRQHandler                       0x0800015f   Thumb Code     0  startup_stm32f103xe.o(.text)
    PVD_IRQHandler                           0x0800015f   Thumb Code     0  startup_stm32f103xe.o(.text)
    RCC_IRQHandler                           0x0800015f   Thumb Code     0  startup_stm32f103xe.o(.text)
    RTC_Alarm_IRQHandler                     0x0800015f   Thumb Code     0  startup_stm32f103xe.o(.text)
    RTC_IRQHandler                           0x0800015f   Thumb Code     0  startup_stm32f103xe.o(.text)
    SDIO_IRQHandler                          0x0800015f   Thumb Code     0  startup_stm32f103xe.o(.text)
    SPI1_IRQHandler                          0x0800015f   Thumb Code     0  startup_stm32f103xe.o(.text)
    SPI2_IRQHandler                          0x0800015f   Thumb Code     0  startup_stm32f103xe.o(.text)
    SPI3_IRQHandler                          0x0800015f   Thumb Code     0  startup_stm32f103xe.o(.text)
    TAMPER_IRQHandler                        0x0800015f   Thumb Code     0  startup_stm32f103xe.o(.text)
    TIM1_BRK_IRQHandler                      0x0800015f   Thumb Code     0  startup_stm32f103xe.o(.text)
    TIM1_CC_IRQHandler                       0x0800015f   Thumb Code     0  startup_stm32f103xe.o(.text)
    TIM1_TRG_COM_IRQHandler                  0x0800015f   Thumb Code     0  startup_stm32f103xe.o(.text)
    TIM2_IRQHandler                          0x0800015f   Thumb Code     0  startup_stm32f103xe.o(.text)
    TIM3_IRQHandler                          0x0800015f   Thumb Code     0  startup_stm32f103xe.o(.text)
    TIM4_IRQHandler                          0x0800015f   Thumb Code     0  startup_stm32f103xe.o(.text)
    TIM5_IRQHandler                          0x0800015f   Thumb Code     0  startup_stm32f103xe.o(.text)
    TIM6_IRQHandler                          0x0800015f   Thumb Code     0  startup_stm32f103xe.o(.text)
    TIM7_IRQHandler                          0x0800015f   Thumb Code     0  startup_stm32f103xe.o(.text)
    TIM8_BRK_IRQHandler                      0x0800015f   Thumb Code     0  startup_stm32f103xe.o(.text)
    TIM8_CC_IRQHandler                       0x0800015f   Thumb Code     0  startup_stm32f103xe.o(.text)
    TIM8_TRG_COM_IRQHandler                  0x0800015f   Thumb Code     0  startup_stm32f103xe.o(.text)
    TIM8_UP_IRQHandler                       0x0800015f   Thumb Code     0  startup_stm32f103xe.o(.text)
    UART4_IRQHandler                         0x0800015f   Thumb Code     0  startup_stm32f103xe.o(.text)
    UART5_IRQHandler                         0x0800015f   Thumb Code     0  startup_stm32f103xe.o(.text)
    USBWakeUp_IRQHandler                     0x0800015f   Thumb Code     0  startup_stm32f103xe.o(.text)
    USB_HP_CAN1_TX_IRQHandler                0x0800015f   Thumb Code     0  startup_stm32f103xe.o(.text)
    USB_LP_CAN1_RX0_IRQHandler               0x0800015f   Thumb Code     0  startup_stm32f103xe.o(.text)
    WWDG_IRQHandler                          0x0800015f   Thumb Code     0  startup_stm32f103xe.o(.text)
    __aeabi_llsr                             0x08000169   Thumb Code    32  llushr.o(.text)
    _ll_ushift_r                             0x08000169   Thumb Code     0  llushr.o(.text)
    __aeabi_memcpy                           0x08000189   Thumb Code    36  memcpya.o(.text)
    __aeabi_memcpy4                          0x08000189   Thumb Code     0  memcpya.o(.text)
    __aeabi_memcpy8                          0x08000189   Thumb Code     0  memcpya.o(.text)
    __aeabi_memset                           0x080001ad   Thumb Code    14  memseta.o(.text)
    __aeabi_memset4                          0x080001ad   Thumb Code     0  memseta.o(.text)
    __aeabi_memset8                          0x080001ad   Thumb Code     0  memseta.o(.text)
    __aeabi_memclr                           0x080001bb   Thumb Code     4  memseta.o(.text)
    __aeabi_memclr4                          0x080001bb   Thumb Code     0  memseta.o(.text)
    __aeabi_memclr8                          0x080001bb   Thumb Code     0  memseta.o(.text)
    _memset$wrapper                          0x080001bf   Thumb Code    18  memseta.o(.text)
    __aeabi_fadd                             0x080001d1   Thumb Code   164  fadd.o(.text)
    __aeabi_fsub                             0x08000275   Thumb Code     6  fadd.o(.text)
    __aeabi_frsub                            0x0800027b   Thumb Code     6  fadd.o(.text)
    __aeabi_fmul                             0x08000281   Thumb Code   100  fmul.o(.text)
    __aeabi_fdiv                             0x080002e5   Thumb Code   124  fdiv.o(.text)
    __ARM_scalbnf                            0x08000361   Thumb Code    24  fscalb.o(.text)
    scalbnf                                  0x08000361   Thumb Code     0  fscalb.o(.text)
    __aeabi_dadd                             0x08000379   Thumb Code   322  dadd.o(.text)
    __aeabi_dsub                             0x080004bb   Thumb Code     6  dadd.o(.text)
    __aeabi_drsub                            0x080004c1   Thumb Code     6  dadd.o(.text)
    __aeabi_dmul                             0x080004c7   Thumb Code   228  dmul.o(.text)
    __aeabi_ddiv                             0x080005ab   Thumb Code   222  ddiv.o(.text)
    __ARM_scalbn                             0x08000689   Thumb Code    46  dscalb.o(.text)
    scalbn                                   0x08000689   Thumb Code     0  dscalb.o(.text)
    __aeabi_i2f                              0x080006b7   Thumb Code    18  fflti.o(.text)
    __aeabi_i2d                              0x080006c9   Thumb Code    34  dflti.o(.text)
    __aeabi_f2iz                             0x080006eb   Thumb Code    50  ffixi.o(.text)
    __aeabi_d2iz                             0x0800071d   Thumb Code    62  dfixi.o(.text)
    __aeabi_f2d                              0x0800075b   Thumb Code    38  f2d.o(.text)
    __aeabi_d2f                              0x08000781   Thumb Code    56  d2f.o(.text)
    __aeabi_cfcmpeq                          0x080007b9   Thumb Code     0  cfcmple.o(.text)
    __aeabi_cfcmple                          0x080007b9   Thumb Code    20  cfcmple.o(.text)
    __aeabi_cfrcmple                         0x080007cd   Thumb Code    20  cfrcmple.o(.text)
    __aeabi_uidiv                            0x080007e1   Thumb Code     0  uidiv.o(.text)
    __aeabi_uidivmod                         0x080007e1   Thumb Code    44  uidiv.o(.text)
    __aeabi_uldivmod                         0x0800080d   Thumb Code    98  uldiv.o(.text)
    __aeabi_llsl                             0x0800086f   Thumb Code    30  llshl.o(.text)
    _ll_shift_l                              0x0800086f   Thumb Code     0  llshl.o(.text)
    __aeabi_lasr                             0x0800088d   Thumb Code    36  llsshr.o(.text)
    _ll_sshift_r                             0x0800088d   Thumb Code     0  llsshr.o(.text)
    __I$use$fp                               0x080008b1   Thumb Code     0  iusefp.o(.text)
    _float_round                             0x080008b1   Thumb Code    18  fepilogue.o(.text)
    _float_epilogue                          0x080008c3   Thumb Code    92  fepilogue.o(.text)
    _fsqrt                                   0x0800091f   Thumb Code    94  fsqrt.o(.text)
    _frnd                                    0x0800097d   Thumb Code    60  frnd.o(.text)
    _double_round                            0x080009b9   Thumb Code    30  depilogue.o(.text)
    _double_epilogue                         0x080009d7   Thumb Code   156  depilogue.o(.text)
    _dsqrt                                   0x08000a73   Thumb Code   162  dsqrt.o(.text)
    __aeabi_d2ulz                            0x08000b15   Thumb Code    48  dfixul.o(.text)
    __aeabi_cdrcmple                         0x08000b45   Thumb Code    48  cdrcmple.o(.text)
    __scatterload                            0x08000b75   Thumb Code    28  init.o(.text)
    __scatterload_rt2                        0x08000b75   Thumb Code     0  init.o(.text)
    __aeabi_ui2f                             0x08000b99   Thumb Code    10  ffltui.o(.text)
    BusFault_Handler                         0x08000ba3   Thumb Code     2  stm32f1xx_it.o(i.BusFault_Handler)
    DebugMon_Handler                         0x08000ba5   Thumb Code     2  stm32f1xx_it.o(i.DebugMon_Handler)
    EXTI0_IRQHandler                         0x08000ba7   Thumb Code     6  stm32f1xx_it.o(i.EXTI0_IRQHandler)
    EXTI1_IRQHandler                         0x08000bad   Thumb Code     6  stm32f1xx_it.o(i.EXTI1_IRQHandler)
    EuclideanDis                             0x08000bb3   Thumb Code    24  findroad.o(i.EuclideanDis)
    GetNextMove                              0x08000bcb   Thumb Code   174  findroad.o(i.GetNextMove)
    Get_MPU_Data                             0x08000c79   Thumb Code    26  main.o(i.Get_MPU_Data)
    HAL_DMA_Abort_IT                         0x08000c95   Thumb Code   296  stm32f1xx_hal_dma.o(i.HAL_DMA_Abort_IT)
    HAL_Delay                                0x08000dc5   Thumb Code    28  stm32f1xx_hal.o(i.HAL_Delay)
    HAL_GPIO_EXTI_Callback                   0x08000de1   Thumb Code     2  main.o(i.HAL_GPIO_EXTI_Callback)
    HAL_GPIO_EXTI_IRQHandler                 0x08000de5   Thumb Code    18  stm32f1xx_hal_gpio.o(i.HAL_GPIO_EXTI_IRQHandler)
    HAL_GPIO_Init                            0x08000dfd   Thumb Code   446  stm32f1xx_hal_gpio.o(i.HAL_GPIO_Init)
    HAL_GPIO_ReadPin                         0x08000fe5   Thumb Code    10  stm32f1xx_hal_gpio.o(i.HAL_GPIO_ReadPin)
    HAL_GPIO_WritePin                        0x08000fef   Thumb Code    10  stm32f1xx_hal_gpio.o(i.HAL_GPIO_WritePin)
    HAL_GetTick                              0x08000ff9   Thumb Code     6  stm32f1xx_hal.o(i.HAL_GetTick)
    HAL_I2C_Init                             0x08001005   Thumb Code   254  stm32f1xx_hal_i2c.o(i.HAL_I2C_Init)
    HAL_I2C_Mem_Read                         0x0800110d   Thumb Code   530  stm32f1xx_hal_i2c.o(i.HAL_I2C_Mem_Read)
    HAL_I2C_Mem_Write                        0x0800132d   Thumb Code   306  stm32f1xx_hal_i2c.o(i.HAL_I2C_Mem_Write)
    HAL_I2C_MspInit                          0x08001469   Thumb Code    66  stm32f1xx_hal_msp.o(i.HAL_I2C_MspInit)
    HAL_IncTick                              0x080014bd   Thumb Code    10  stm32f1xx_hal.o(i.HAL_IncTick)
    HAL_Init                                 0x080014cd   Thumb Code    32  stm32f1xx_hal.o(i.HAL_Init)
    HAL_InitTick                             0x080014f1   Thumb Code    34  stm32f1xx_hal.o(i.HAL_InitTick)
    HAL_MspInit                              0x08001519   Thumb Code   122  stm32f1xx_hal_msp.o(i.HAL_MspInit)
    HAL_NVIC_EnableIRQ                       0x0800159d   Thumb Code    22  stm32f1xx_hal_cortex.o(i.HAL_NVIC_EnableIRQ)
    HAL_NVIC_SetPriority                     0x080015b5   Thumb Code    60  stm32f1xx_hal_cortex.o(i.HAL_NVIC_SetPriority)
    HAL_NVIC_SetPriorityGrouping             0x080015f5   Thumb Code    26  stm32f1xx_hal_cortex.o(i.HAL_NVIC_SetPriorityGrouping)
    HAL_RCC_ClockConfig                      0x08001619   Thumb Code   322  stm32f1xx_hal_rcc.o(i.HAL_RCC_ClockConfig)
    HAL_RCC_GetHCLKFreq                      0x0800176d   Thumb Code     6  stm32f1xx_hal_rcc.o(i.HAL_RCC_GetHCLKFreq)
    HAL_RCC_GetPCLK1Freq                     0x08001779   Thumb Code    20  stm32f1xx_hal_rcc.o(i.HAL_RCC_GetPCLK1Freq)
    HAL_RCC_GetPCLK2Freq                     0x08001799   Thumb Code    20  stm32f1xx_hal_rcc.o(i.HAL_RCC_GetPCLK2Freq)
    HAL_RCC_GetSysClockFreq                  0x080017b9   Thumb Code    74  stm32f1xx_hal_rcc.o(i.HAL_RCC_GetSysClockFreq)
    HAL_RCC_OscConfig                        0x08001825   Thumb Code   750  stm32f1xx_hal_rcc.o(i.HAL_RCC_OscConfig)
    HAL_SYSTICK_CLKSourceConfig              0x08001b29   Thumb Code    24  stm32f1xx_hal_cortex.o(i.HAL_SYSTICK_CLKSourceConfig)
    HAL_SYSTICK_Callback                     0x08001b41   Thumb Code     2  stm32f1xx_hal_cortex.o(i.HAL_SYSTICK_Callback)
    HAL_SYSTICK_Config                       0x08001b43   Thumb Code    40  stm32f1xx_hal_cortex.o(i.HAL_SYSTICK_Config)
    HAL_SYSTICK_IRQHandler                   0x08001b6b   Thumb Code     8  stm32f1xx_hal_cortex.o(i.HAL_SYSTICK_IRQHandler)
    HAL_TIMEx_BreakCallback                  0x08001b73   Thumb Code     2  stm32f1xx_hal_tim_ex.o(i.HAL_TIMEx_BreakCallback)
    HAL_TIMEx_CommutationCallback            0x08001b75   Thumb Code     2  stm32f1xx_hal_tim_ex.o(i.HAL_TIMEx_CommutationCallback)
    HAL_TIMEx_MasterConfigSynchronization    0x08001b77   Thumb Code    80  stm32f1xx_hal_tim_ex.o(i.HAL_TIMEx_MasterConfigSynchronization)
    HAL_TIM_Base_Init                        0x08001bc7   Thumb Code    54  stm32f1xx_hal_tim.o(i.HAL_TIM_Base_Init)
    HAL_TIM_Base_MspInit                     0x08001bfd   Thumb Code    50  stm32f1xx_hal_msp.o(i.HAL_TIM_Base_MspInit)
    HAL_TIM_Base_Start_IT                    0x08001c39   Thumb Code    24  stm32f1xx_hal_tim.o(i.HAL_TIM_Base_Start_IT)
    HAL_TIM_ConfigClockSource                0x08001c51   Thumb Code   242  stm32f1xx_hal_tim.o(i.HAL_TIM_ConfigClockSource)
    HAL_TIM_Encoder_Init                     0x08001d43   Thumb Code   150  stm32f1xx_hal_tim.o(i.HAL_TIM_Encoder_Init)
    HAL_TIM_Encoder_MspInit                  0x08001dd9   Thumb Code    80  stm32f1xx_hal_msp.o(i.HAL_TIM_Encoder_MspInit)
    HAL_TIM_Encoder_Start                    0x08001e35   Thumb Code    52  stm32f1xx_hal_tim.o(i.HAL_TIM_Encoder_Start)
    HAL_TIM_IC_CaptureCallback               0x08001e69   Thumb Code     2  stm32f1xx_hal_tim.o(i.HAL_TIM_IC_CaptureCallback)
    HAL_TIM_IRQHandler                       0x08001e6b   Thumb Code   358  stm32f1xx_hal_tim.o(i.HAL_TIM_IRQHandler)
    HAL_TIM_MspPostInit                      0x08001fd1   Thumb Code    30  stm32f1xx_hal_msp.o(i.HAL_TIM_MspPostInit)
    HAL_TIM_OC_DelayElapsedCallback          0x08001ff9   Thumb Code     2  stm32f1xx_hal_tim.o(i.HAL_TIM_OC_DelayElapsedCallback)
    HAL_TIM_PWM_ConfigChannel                0x08001ffb   Thumb Code   208  stm32f1xx_hal_tim.o(i.HAL_TIM_PWM_ConfigChannel)
    HAL_TIM_PWM_Init                         0x080020cb   Thumb Code    54  stm32f1xx_hal_tim.o(i.HAL_TIM_PWM_Init)
    HAL_TIM_PWM_MspInit                      0x08002101   Thumb Code    30  stm32f1xx_hal_msp.o(i.HAL_TIM_PWM_MspInit)
    HAL_TIM_PWM_PulseFinishedCallback        0x08002129   Thumb Code     2  stm32f1xx_hal_tim.o(i.HAL_TIM_PWM_PulseFinishedCallback)
    HAL_TIM_PWM_Start                        0x0800212d   Thumb Code    48  stm32f1xx_hal_tim.o(i.HAL_TIM_PWM_Start)
    HAL_TIM_PeriodElapsedCallback            0x08002165   Thumb Code    82  main.o(i.HAL_TIM_PeriodElapsedCallback)
    HAL_TIM_TriggerCallback                  0x080021c9   Thumb Code     2  stm32f1xx_hal_tim.o(i.HAL_TIM_TriggerCallback)
    HAL_UART_ErrorCallback                   0x080021cb   Thumb Code     2  stm32f1xx_hal_uart.o(i.HAL_UART_ErrorCallback)
    HAL_UART_IRQHandler                      0x080021cd   Thumb Code   266  stm32f1xx_hal_uart.o(i.HAL_UART_IRQHandler)
    HAL_UART_Init                            0x080022dd   Thumb Code    98  stm32f1xx_hal_uart.o(i.HAL_UART_Init)
    HAL_UART_MspInit                         0x08002341   Thumb Code   244  stm32f1xx_hal_msp.o(i.HAL_UART_MspInit)
    HAL_UART_Receive_IT                      0x08002451   Thumb Code    82  stm32f1xx_hal_uart.o(i.HAL_UART_Receive_IT)
    HAL_UART_RxCpltCallback                  0x080024a5   Thumb Code   124  main.o(i.HAL_UART_RxCpltCallback)
    HAL_UART_Transmit                        0x08002531   Thumb Code   186  stm32f1xx_hal_uart.o(i.HAL_UART_Transmit)
    HAL_UART_TxCpltCallback                  0x080025eb   Thumb Code     2  stm32f1xx_hal_uart.o(i.HAL_UART_TxCpltCallback)
    HardFault_Handler                        0x080025ed   Thumb Code     2  stm32f1xx_it.o(i.HardFault_Handler)
    InitMPU6050                              0x08002991   Thumb Code   124  main.o(i.InitMPU6050)
    MemManage_Handler                        0x08002ca1   Thumb Code     2  stm32f1xx_it.o(i.MemManage_Handler)
    NMI_Handler                              0x08002ca3   Thumb Code     2  stm32f1xx_it.o(i.NMI_Handler)
    PIDInit                                  0x08002cc5   Thumb Code    18  main.o(i.PIDInit)
    PendSV_Handler                           0x08002cdd   Thumb Code     2  stm32f1xx_it.o(i.PendSV_Handler)
    SVC_Handler                              0x08002cdf   Thumb Code     2  stm32f1xx_it.o(i.SVC_Handler)
    Single_ReadI2C                           0x08002ce1   Thumb Code    34  main.o(i.Single_ReadI2C)
    Single_WriteI2C                          0x08002d09   Thumb Code    32  main.o(i.Single_WriteI2C)
    SysTick_Handler                          0x08002d2d   Thumb Code    14  stm32f1xx_it.o(i.SysTick_Handler)
    SystemClock_Config                       0x08002d3b   Thumb Code    90  main.o(i.SystemClock_Config)
    SystemInit                               0x08002d95   Thumb Code    56  system_stm32f1xx.o(i.SystemInit)
    TIM1_UP_IRQHandler                       0x08002ddd   Thumb Code     6  stm32f1xx_it.o(i.TIM1_UP_IRQHandler)
    TIM_Base_SetConfig                       0x08002de9   Thumb Code   120  stm32f1xx_hal_tim.o(i.TIM_Base_SetConfig)
    TIM_CCxChannelCmd                        0x08002e75   Thumb Code    22  stm32f1xx_hal_tim.o(i.TIM_CCxChannelCmd)
    TIM_OC2_SetConfig                        0x08002f11   Thumb Code    98  stm32f1xx_hal_tim.o(i.TIM_OC2_SetConfig)
    USART1_IRQHandler                        0x08003375   Thumb Code     6  stm32f1xx_it.o(i.USART1_IRQHandler)
    USART2_IRQHandler                        0x08003381   Thumb Code     6  stm32f1xx_it.o(i.USART2_IRQHandler)
    USART3_IRQHandler                        0x0800338d   Thumb Code     6  stm32f1xx_it.o(i.USART3_IRQHandler)
    UsageFault_Handler                       0x08003399   Thumb Code     2  stm32f1xx_it.o(i.UsageFault_Handler)
    __0printf                                0x0800339d   Thumb Code    22  printfa.o(i.__0printf)
    __1printf                                0x0800339d   Thumb Code     0  printfa.o(i.__0printf)
    __2printf                                0x0800339d   Thumb Code     0  printfa.o(i.__0printf)
    __c89printf                              0x0800339d   Thumb Code     0  printfa.o(i.__0printf)
    printf                                   0x0800339d   Thumb Code     0  printfa.o(i.__0printf)
    __ARM_fpclassify                         0x080033bd   Thumb Code    40  fpclassify.o(i.__ARM_fpclassify)
    __ARM_fpclassifyf                        0x080033e5   Thumb Code    38  fpclassifyf.o(i.__ARM_fpclassifyf)
    __kernel_poly                            0x0800340b   Thumb Code   170  poly.o(i.__kernel_poly)
    __mathlib_dbl_infnan                     0x080034b5   Thumb Code     6  dunder.o(i.__mathlib_dbl_infnan)
    __mathlib_dbl_underflow                  0x080034bd   Thumb Code    10  dunder.o(i.__mathlib_dbl_underflow)
    __mathlib_flt_infnan                     0x080034cd   Thumb Code     6  funder.o(i.__mathlib_flt_infnan)
    __mathlib_flt_invalid                    0x080034d3   Thumb Code     8  funder.o(i.__mathlib_flt_invalid)
    __mathlib_flt_underflow                  0x080034db   Thumb Code    10  funder.o(i.__mathlib_flt_underflow)
    __mathlib_rredf2                         0x080034e5   Thumb Code   344  rredf.o(i.__mathlib_rredf2)
    __scatterload_copy                       0x0800364d   Thumb Code    14  handlers.o(i.__scatterload_copy)
    __scatterload_null                       0x0800365b   Thumb Code     2  handlers.o(i.__scatterload_null)
    __scatterload_zeroinit                   0x0800365d   Thumb Code    14  handlers.o(i.__scatterload_zeroinit)
    __set_errno                              0x0800366d   Thumb Code     6  errno.o(i.__set_errno)
    atan                                     0x08003f0d   Thumb Code   474  atan.o(i.atan)
    cal_myangle                              0x0800412d   Thumb Code   260  main.o(i.cal_myangle)
    cal_vecangle                             0x08004255   Thumb Code   198  main.o(i.cal_vecangle)
    change                                   0x08004331   Thumb Code    30  main.o(i.change)
    computeIntersection                      0x0800434f   Thumb Code   110  findroad.o(i.computeIntersection)
    coreGetCarMove                           0x080043bd   Thumb Code   318  findroad.o(i.coreGetCarMove)
    cosf                                     0x080044fd   Thumb Code   328  cosf.o(i.cosf)
    crossProduct                             0x08004679   Thumb Code    32  findroad.o(i.crossProduct)
    deleteMoveList                           0x08004699   Thumb Code    22  findroad.o(i.deleteMoveList)
    dijkstra                                 0x080046b1   Thumb Code   260  findroad.o(i.dijkstra)
    find_road                                0x080047bd   Thumb Code   630  findroad.o(i.find_road)
    fputc                                    0x08004a4d   Thumb Code    24  main.o(i.fputc)
    free                                     0x08004a69   Thumb Code    76  malloc.o(i.free)
    getCarMoveFromPoints                     0x08004ab9   Thumb Code    70  findroad.o(i.getCarMoveFromPoints)
    getDis                                   0x08004b0d   Thumb Code    28  findroad.o(i.getDis)
    get_next_move                            0x08004b29   Thumb Code    84  findroad.o(i.get_next_move)
    initDis                                  0x08004b7d   Thumb Code   134  findroad.o(i.initDis)
    initEdgeList                             0x08004c19   Thumb Code    22  findroad.o(i.initEdgeList)
    initMoveList                             0x08004c2f   Thumb Code    22  findroad.o(i.initMoveList)
    main                                     0x08004c45   Thumb Code  1394  main.o(i.main)
    malloc                                   0x080051b9   Thumb Code    92  malloc.o(i.malloc)
    msgrefresh                               0x08005225   Thumb Code   326  main.o(i.msgrefresh)
    myCos                                    0x08005371   Thumb Code    22  findroad.o(i.myCos)
    mySin                                    0x08005391   Thumb Code    22  findroad.o(i.mySin)
    sinf                                     0x080053b1   Thumb Code   338  sinf.o(i.sinf)
    sqrt                                     0x08005539   Thumb Code    76  sqrt.o(i.sqrt)
    sqrtf                                    0x08005585   Thumb Code    44  sqrtf.o(i.sqrtf)
    AHBPrescTable                            0x080055b0   Data          16  system_stm32f1xx.o(.constdata)
    APBPrescTable                            0x080055c0   Data           8  system_stm32f1xx.o(.constdata)
    points_x                                 0x080055c8   Data         224  index_map.o(.constdata)
    points_y                                 0x080056a8   Data         224  index_map.o(.constdata)
    e_be                                     0x08005788   Data          85  index_map.o(.constdata)
    e_ed                                     0x080057dd   Data          85  index_map.o(.constdata)
    points_angle                             0x08005832   Data         112  index_map.o(.constdata)
    use_map                                  0x080058a2   Data       72900  index_map.o(.constdata)
    Region$$Table$$Base                      0x08017620   Number         0  anon$$obj.o(Region$$Table)
    Region$$Table$$Limit                     0x08017640   Number         0  anon$$obj.o(Region$$Table)
    SystemCoreClock                          0x20000000   Data           4  system_stm32f1xx.o(.data)
    refreshed                                0x20000004   Data           1  main.o(.data)
    pirefreshed                              0x20000005   Data           1  main.o(.data)
    receive                                  0x20000006   Data           1  main.o(.data)
    data                                     0x20000008   Data           2  main.o(.data)
    current                                  0x2000000c   Data           4  main.o(.data)
    leftfre                                  0x20000010   Data           4  main.o(.data)
    rightfre                                 0x20000014   Data           4  main.o(.data)
    angle                                    0x20000018   Data           4  main.o(.data)
    gyro_z_offset                            0x2000001c   Data           4  main.o(.data)
    angle_speed                              0x20000020   Data           4  main.o(.data)
    uwTick                                   0x20000024   Data           4  stm32f1xx_hal.o(.data)
    __stdout                                 0x20000028   Data           4  stdout.o(.data)
    __microlib_freelist                      0x2000002c   Data           4  mvars.o(.data)
    __microlib_freelist_initialised          0x20000030   Data           4  mvars.o(.data)
    hi2c1                                    0x20000078   Data          84  main.o(.bss)
    htim1                                    0x200000cc   Data          64  main.o(.bss)
    htim2                                    0x2000010c   Data          64  main.o(.bss)
    htim3                                    0x2000014c   Data          64  main.o(.bss)
    htim4                                    0x2000018c   Data          64  main.o(.bss)
    huart1                                   0x200001cc   Data          64  main.o(.bss)
    huart2                                   0x2000020c   Data          64  main.o(.bss)
    huart3                                   0x2000024c   Data          64  main.o(.bss)
    temptext                                 0x2000028c   Data          75  main.o(.bss)
    text                                     0x200002d7   Data          70  main.o(.bss)
    pitext                                   0x2000031d   Data          20  main.o(.bss)
    edgeMap                                  0x20000334   Data        6498  findroad.o(.bss)
    vis                                      0x20001c96   Data          57  findroad.o(.bss)
    minDis                                   0x20001cd0   Data         114  findroad.o(.bss)
    preNode                                  0x20001d44   Data         228  findroad.o(.bss)
    __heap_base                              0x20001e28   Data           0  startup_stm32f103xe.o(HEAP)
    __heap_limit                             0x20002028   Data           0  startup_stm32f103xe.o(HEAP)
    __initial_sp                             0x20002428   Data           0  startup_stm32f103xe.o(STACK)



==============================================================================

Memory Map of the image

  Image Entry point : 0x08000131

  Load Region LR_IROM1 (Base: 0x08000000, Size: 0x00017678, Max: 0x00040000, ABSOLUTE)

    Execution Region ER_IROM1 (Base: 0x08000000, Size: 0x00017640, Max: 0x00040000, ABSOLUTE)

    Base Addr    Size         Type   Attr      Idx    E Section Name        Object

    0x08000000   0x00000130   Data   RO            3    RESET               startup_stm32f103xe.o
    0x08000130   0x00000000   Code   RO         3184  * .ARM.Collect$$$$00000000  mc_w.l(entry.o)
    0x08000130   0x00000004   Code   RO         3553    .ARM.Collect$$$$00000001  mc_w.l(entry2.o)
    0x08000134   0x00000004   Code   RO         3556    .ARM.Collect$$$$00000004  mc_w.l(entry5.o)
    0x08000138   0x00000000   Code   RO         3558    .ARM.Collect$$$$00000008  mc_w.l(entry7b.o)
    0x08000138   0x00000000   Code   RO         3560    .ARM.Collect$$$$0000000A  mc_w.l(entry8b.o)
    0x08000138   0x00000008   Code   RO         3561    .ARM.Collect$$$$0000000B  mc_w.l(entry9a.o)
    0x08000140   0x00000000   Code   RO         3563    .ARM.Collect$$$$0000000D  mc_w.l(entry10a.o)
    0x08000140   0x00000000   Code   RO         3565    .ARM.Collect$$$$0000000F  mc_w.l(entry11a.o)
    0x08000140   0x00000004   Code   RO         3554    .ARM.Collect$$$$00002712  mc_w.l(entry2.o)
    0x08000144   0x00000024   Code   RO            4    .text               startup_stm32f103xe.o
    0x08000168   0x00000020   Code   RO         3187    .text               mc_w.l(llushr.o)
    0x08000188   0x00000024   Code   RO         3189    .text               mc_w.l(memcpya.o)
    0x080001ac   0x00000024   Code   RO         3191    .text               mc_w.l(memseta.o)
    0x080001d0   0x000000b0   Code   RO         3484    .text               mf_w.l(fadd.o)
    0x08000280   0x00000064   Code   RO         3486    .text               mf_w.l(fmul.o)
    0x080002e4   0x0000007c   Code   RO         3488    .text               mf_w.l(fdiv.o)
    0x08000360   0x00000018   Code   RO         3490    .text               mf_w.l(fscalb.o)
    0x08000378   0x0000014e   Code   RO         3492    .text               mf_w.l(dadd.o)
    0x080004c6   0x000000e4   Code   RO         3494    .text               mf_w.l(dmul.o)
    0x080005aa   0x000000de   Code   RO         3496    .text               mf_w.l(ddiv.o)
    0x08000688   0x0000002e   Code   RO         3498    .text               mf_w.l(dscalb.o)
    0x080006b6   0x00000012   Code   RO         3500    .text               mf_w.l(fflti.o)
    0x080006c8   0x00000022   Code   RO         3502    .text               mf_w.l(dflti.o)
    0x080006ea   0x00000032   Code   RO         3504    .text               mf_w.l(ffixi.o)
    0x0800071c   0x0000003e   Code   RO         3506    .text               mf_w.l(dfixi.o)
    0x0800075a   0x00000026   Code   RO         3508    .text               mf_w.l(f2d.o)
    0x08000780   0x00000038   Code   RO         3510    .text               mf_w.l(d2f.o)
    0x080007b8   0x00000014   Code   RO         3512    .text               mf_w.l(cfcmple.o)
    0x080007cc   0x00000014   Code   RO         3514    .text               mf_w.l(cfrcmple.o)
    0x080007e0   0x0000002c   Code   RO         3568    .text               mc_w.l(uidiv.o)
    0x0800080c   0x00000062   Code   RO         3570    .text               mc_w.l(uldiv.o)
    0x0800086e   0x0000001e   Code   RO         3572    .text               mc_w.l(llshl.o)
    0x0800088c   0x00000024   Code   RO         3574    .text               mc_w.l(llsshr.o)
    0x080008b0   0x00000000   Code   RO         3585    .text               mc_w.l(iusefp.o)
    0x080008b0   0x0000006e   Code   RO         3586    .text               mf_w.l(fepilogue.o)
    0x0800091e   0x0000005e   Code   RO         3588    .text               mf_w.l(fsqrt.o)
    0x0800097c   0x0000003c   Code   RO         3590    .text               mf_w.l(frnd.o)
    0x080009b8   0x000000ba   Code   RO         3592    .text               mf_w.l(depilogue.o)
    0x08000a72   0x000000a2   Code   RO         3594    .text               mf_w.l(dsqrt.o)
    0x08000b14   0x00000030   Code   RO         3596    .text               mf_w.l(dfixul.o)
    0x08000b44   0x00000030   Code   RO         3600    .text               mf_w.l(cdrcmple.o)
    0x08000b74   0x00000024   Code   RO         3602    .text               mc_w.l(init.o)
    0x08000b98   0x0000000a   Code   RO         3604    .text               mf_w.l(ffltui.o)
    0x08000ba2   0x00000002   Code   RO          132    i.BusFault_Handler  stm32f1xx_it.o
    0x08000ba4   0x00000002   Code   RO          133    i.DebugMon_Handler  stm32f1xx_it.o
    0x08000ba6   0x00000006   Code   RO          134    i.EXTI0_IRQHandler  stm32f1xx_it.o
    0x08000bac   0x00000006   Code   RO          135    i.EXTI1_IRQHandler  stm32f1xx_it.o
    0x08000bb2   0x00000018   Code   RO          501    i.EuclideanDis      findroad.o
    0x08000bca   0x000000ae   Code   RO          502    i.GetNextMove       findroad.o
    0x08000c78   0x0000001a   Code   RO          338    i.Get_MPU_Data      main.o
    0x08000c92   0x00000002   PAD
    0x08000c94   0x00000130   Code   RO         2203    i.HAL_DMA_Abort_IT  stm32f1xx_hal_dma.o
    0x08000dc4   0x0000001c   Code   RO         1899    i.HAL_Delay         stm32f1xx_hal.o
    0x08000de0   0x00000002   Code   RO          339    i.HAL_GPIO_EXTI_Callback  main.o
    0x08000de2   0x00000002   PAD
    0x08000de4   0x00000018   Code   RO         2137    i.HAL_GPIO_EXTI_IRQHandler  stm32f1xx_hal_gpio.o
    0x08000dfc   0x000001e8   Code   RO         2138    i.HAL_GPIO_Init     stm32f1xx_hal_gpio.o
    0x08000fe4   0x0000000a   Code   RO         2140    i.HAL_GPIO_ReadPin  stm32f1xx_hal_gpio.o
    0x08000fee   0x0000000a   Code   RO         2142    i.HAL_GPIO_WritePin  stm32f1xx_hal_gpio.o
    0x08000ff8   0x0000000c   Code   RO         1903    i.HAL_GetTick       stm32f1xx_hal.o
    0x08001004   0x00000108   Code   RO         2758    i.HAL_I2C_Init      stm32f1xx_hal_i2c.o
    0x0800110c   0x00000220   Code   RO         2774    i.HAL_I2C_Mem_Read  stm32f1xx_hal_i2c.o
    0x0800132c   0x0000013c   Code   RO         2777    i.HAL_I2C_Mem_Write  stm32f1xx_hal_i2c.o
    0x08001468   0x00000054   Code   RO          249    i.HAL_I2C_MspInit   stm32f1xx_hal_msp.o
    0x080014bc   0x00000010   Code   RO         1905    i.HAL_IncTick       stm32f1xx_hal.o
    0x080014cc   0x00000024   Code   RO         1906    i.HAL_Init          stm32f1xx_hal.o
    0x080014f0   0x00000028   Code   RO         1907    i.HAL_InitTick      stm32f1xx_hal.o
    0x08001518   0x00000084   Code   RO          250    i.HAL_MspInit       stm32f1xx_hal_msp.o
    0x0800159c   0x00000016   Code   RO         1777    i.HAL_NVIC_EnableIRQ  stm32f1xx_hal_cortex.o
    0x080015b2   0x00000002   PAD
    0x080015b4   0x00000040   Code   RO         1783    i.HAL_NVIC_SetPriority  stm32f1xx_hal_cortex.o
    0x080015f4   0x00000024   Code   RO         1784    i.HAL_NVIC_SetPriorityGrouping  stm32f1xx_hal_cortex.o
    0x08001618   0x00000154   Code   RO         2034    i.HAL_RCC_ClockConfig  stm32f1xx_hal_rcc.o
    0x0800176c   0x0000000c   Code   RO         2039    i.HAL_RCC_GetHCLKFreq  stm32f1xx_hal_rcc.o
    0x08001778   0x00000020   Code   RO         2041    i.HAL_RCC_GetPCLK1Freq  stm32f1xx_hal_rcc.o
    0x08001798   0x00000020   Code   RO         2042    i.HAL_RCC_GetPCLK2Freq  stm32f1xx_hal_rcc.o
    0x080017b8   0x0000006c   Code   RO         2043    i.HAL_RCC_GetSysClockFreq  stm32f1xx_hal_rcc.o
    0x08001824   0x00000304   Code   RO         2046    i.HAL_RCC_OscConfig  stm32f1xx_hal_rcc.o
    0x08001b28   0x00000018   Code   RO         1786    i.HAL_SYSTICK_CLKSourceConfig  stm32f1xx_hal_cortex.o
    0x08001b40   0x00000002   Code   RO         1787    i.HAL_SYSTICK_Callback  stm32f1xx_hal_cortex.o
    0x08001b42   0x00000028   Code   RO         1788    i.HAL_SYSTICK_Config  stm32f1xx_hal_cortex.o
    0x08001b6a   0x00000008   Code   RO         1789    i.HAL_SYSTICK_IRQHandler  stm32f1xx_hal_cortex.o
    0x08001b72   0x00000002   Code   RO          651    i.HAL_TIMEx_BreakCallback  stm32f1xx_hal_tim_ex.o
    0x08001b74   0x00000002   Code   RO          652    i.HAL_TIMEx_CommutationCallback  stm32f1xx_hal_tim_ex.o
    0x08001b76   0x00000050   Code   RO          668    i.HAL_TIMEx_MasterConfigSynchronization  stm32f1xx_hal_tim_ex.o
    0x08001bc6   0x00000036   Code   RO         1146    i.HAL_TIM_Base_Init  stm32f1xx_hal_tim.o
    0x08001bfc   0x0000003c   Code   RO          252    i.HAL_TIM_Base_MspInit  stm32f1xx_hal_msp.o
    0x08001c38   0x00000018   Code   RO         1151    i.HAL_TIM_Base_Start_IT  stm32f1xx_hal_tim.o
    0x08001c50   0x000000f2   Code   RO         1155    i.HAL_TIM_ConfigClockSource  stm32f1xx_hal_tim.o
    0x08001d42   0x00000096   Code   RO         1164    i.HAL_TIM_Encoder_Init  stm32f1xx_hal_tim.o
    0x08001dd8   0x0000005c   Code   RO          254    i.HAL_TIM_Encoder_MspInit  stm32f1xx_hal_msp.o
    0x08001e34   0x00000034   Code   RO         1167    i.HAL_TIM_Encoder_Start  stm32f1xx_hal_tim.o
    0x08001e68   0x00000002   Code   RO         1175    i.HAL_TIM_IC_CaptureCallback  stm32f1xx_hal_tim.o
    0x08001e6a   0x00000166   Code   RO         1188    i.HAL_TIM_IRQHandler  stm32f1xx_hal_tim.o
    0x08001fd0   0x00000028   Code   RO          255    i.HAL_TIM_MspPostInit  stm32f1xx_hal_msp.o
    0x08001ff8   0x00000002   Code   RO         1191    i.HAL_TIM_OC_DelayElapsedCallback  stm32f1xx_hal_tim.o
    0x08001ffa   0x000000d0   Code   RO         1212    i.HAL_TIM_PWM_ConfigChannel  stm32f1xx_hal_tim.o
    0x080020ca   0x00000036   Code   RO         1215    i.HAL_TIM_PWM_Init  stm32f1xx_hal_tim.o
    0x08002100   0x00000028   Code   RO          257    i.HAL_TIM_PWM_MspInit  stm32f1xx_hal_msp.o
    0x08002128   0x00000002   Code   RO         1218    i.HAL_TIM_PWM_PulseFinishedCallback  stm32f1xx_hal_tim.o
    0x0800212a   0x00000002   PAD
    0x0800212c   0x00000038   Code   RO         1219    i.HAL_TIM_PWM_Start  stm32f1xx_hal_tim.o
    0x08002164   0x00000064   Code   RO          340    i.HAL_TIM_PeriodElapsedCallback  main.o
    0x080021c8   0x00000002   Code   RO         1229    i.HAL_TIM_TriggerCallback  stm32f1xx_hal_tim.o
    0x080021ca   0x00000002   Code   RO         2442    i.HAL_UART_ErrorCallback  stm32f1xx_hal_uart.o
    0x080021cc   0x00000110   Code   RO         2445    i.HAL_UART_IRQHandler  stm32f1xx_hal_uart.o
    0x080022dc   0x00000062   Code   RO         2446    i.HAL_UART_Init     stm32f1xx_hal_uart.o
    0x0800233e   0x00000002   PAD
    0x08002340   0x00000110   Code   RO          259    i.HAL_UART_MspInit  stm32f1xx_hal_msp.o
    0x08002450   0x00000052   Code   RO         2451    i.HAL_UART_Receive_IT  stm32f1xx_hal_uart.o
    0x080024a2   0x00000002   PAD
    0x080024a4   0x0000008c   Code   RO          341    i.HAL_UART_RxCpltCallback  main.o
    0x08002530   0x000000ba   Code   RO         2454    i.HAL_UART_Transmit  stm32f1xx_hal_uart.o
    0x080025ea   0x00000002   Code   RO         2457    i.HAL_UART_TxCpltCallback  stm32f1xx_hal_uart.o
    0x080025ec   0x00000002   Code   RO          136    i.HardFault_Handler  stm32f1xx_it.o
    0x080025ee   0x00000028   Code   RO         2796    i.I2C_IsAcknowledgeFailed  stm32f1xx_hal_i2c.o
    0x08002616   0x000000f0   Code   RO         2805    i.I2C_RequestMemoryRead  stm32f1xx_hal_i2c.o
    0x08002706   0x00000002   PAD
    0x08002708   0x000000a0   Code   RO         2806    i.I2C_RequestMemoryWrite  stm32f1xx_hal_i2c.o
    0x080027a8   0x0000004e   Code   RO         2809    i.I2C_WaitOnBTFFlagUntilTimeout  stm32f1xx_hal_i2c.o
    0x080027f6   0x00000060   Code   RO         2810    i.I2C_WaitOnFlagUntilTimeout  stm32f1xx_hal_i2c.o
    0x08002856   0x00000002   PAD
    0x08002858   0x00000088   Code   RO         2811    i.I2C_WaitOnMasterAddressFlagUntilTimeout  stm32f1xx_hal_i2c.o
    0x080028e0   0x00000062   Code   RO         2812    i.I2C_WaitOnRXNEFlagUntilTimeout  stm32f1xx_hal_i2c.o
    0x08002942   0x0000004e   Code   RO         2813    i.I2C_WaitOnTXEFlagUntilTimeout  stm32f1xx_hal_i2c.o
    0x08002990   0x000000a0   Code   RO          342    i.InitMPU6050       main.o
    0x08002a30   0x000000c0   Code   RO          343    i.MX_GPIO_Init      main.o
    0x08002af0   0x00000038   Code   RO          344    i.MX_I2C1_Init      main.o
    0x08002b28   0x00000058   Code   RO          345    i.MX_TIM1_Init      main.o
    0x08002b80   0x00000058   Code   RO          346    i.MX_TIM2_Init      main.o
    0x08002bd8   0x0000005c   Code   RO          347    i.MX_TIM3_Init      main.o
    0x08002c34   0x0000006c   Code   RO          348    i.MX_TIM4_Init      main.o
    0x08002ca0   0x00000002   Code   RO          137    i.MemManage_Handler  stm32f1xx_it.o
    0x08002ca2   0x00000002   Code   RO          138    i.NMI_Handler       stm32f1xx_it.o
    0x08002ca4   0x00000020   Code   RO         1790    i.NVIC_SetPriority  stm32f1xx_hal_cortex.o
    0x08002cc4   0x00000018   Code   RO          350    i.PIDInit           main.o
    0x08002cdc   0x00000002   Code   RO          139    i.PendSV_Handler    stm32f1xx_it.o
    0x08002cde   0x00000002   Code   RO          140    i.SVC_Handler       stm32f1xx_it.o
    0x08002ce0   0x00000028   Code   RO          351    i.Single_ReadI2C    main.o
    0x08002d08   0x00000024   Code   RO          352    i.Single_WriteI2C   main.o
    0x08002d2c   0x0000000e   Code   RO          141    i.SysTick_Handler   stm32f1xx_it.o
    0x08002d3a   0x0000005a   Code   RO          353    i.SystemClock_Config  main.o
    0x08002d94   0x00000048   Code   RO           14    i.SystemInit        system_stm32f1xx.o
    0x08002ddc   0x0000000c   Code   RO          142    i.TIM1_UP_IRQHandler  stm32f1xx_it.o
    0x08002de8   0x0000008c   Code   RO         1230    i.TIM_Base_SetConfig  stm32f1xx_hal_tim.o
    0x08002e74   0x00000016   Code   RO         1231    i.TIM_CCxChannelCmd  stm32f1xx_hal_tim.o
    0x08002e8a   0x00000014   Code   RO         1237    i.TIM_ETR_SetConfig  stm32f1xx_hal_tim.o
    0x08002e9e   0x00000010   Code   RO         1238    i.TIM_ITRx_SetConfig  stm32f1xx_hal_tim.o
    0x08002eae   0x00000002   PAD
    0x08002eb0   0x00000060   Code   RO         1239    i.TIM_OC1_SetConfig  stm32f1xx_hal_tim.o
    0x08002f10   0x0000006c   Code   RO         1240    i.TIM_OC2_SetConfig  stm32f1xx_hal_tim.o
    0x08002f7c   0x00000068   Code   RO         1241    i.TIM_OC3_SetConfig  stm32f1xx_hal_tim.o
    0x08002fe4   0x00000050   Code   RO         1242    i.TIM_OC4_SetConfig  stm32f1xx_hal_tim.o
    0x08003034   0x00000022   Code   RO         1244    i.TIM_TI1_ConfigInputStage  stm32f1xx_hal_tim.o
    0x08003056   0x00000024   Code   RO         1246    i.TIM_TI2_ConfigInputStage  stm32f1xx_hal_tim.o
    0x0800307a   0x00000010   Code   RO         2459    i.UART_DMAAbortOnError  stm32f1xx_hal_uart.o
    0x0800308a   0x0000001c   Code   RO         2469    i.UART_EndRxTransfer  stm32f1xx_hal_uart.o
    0x080030a6   0x00000096   Code   RO         2471    i.UART_Receive_IT   stm32f1xx_hal_uart.o
    0x0800313c   0x00000170   Code   RO         2472    i.UART_SetConfig    stm32f1xx_hal_uart.o
    0x080032ac   0x00000062   Code   RO         2473    i.UART_Transmit_IT  stm32f1xx_hal_uart.o
    0x0800330e   0x00000064   Code   RO         2474    i.UART_WaitOnFlagUntilTimeout  stm32f1xx_hal_uart.o
    0x08003372   0x00000002   PAD
    0x08003374   0x0000000c   Code   RO          143    i.USART1_IRQHandler  stm32f1xx_it.o
    0x08003380   0x0000000c   Code   RO          144    i.USART2_IRQHandler  stm32f1xx_it.o
    0x0800338c   0x0000000c   Code   RO          145    i.USART3_IRQHandler  stm32f1xx_it.o
    0x08003398   0x00000002   Code   RO          146    i.UsageFault_Handler  stm32f1xx_it.o
    0x0800339a   0x00000002   PAD
    0x0800339c   0x00000020   Code   RO         3428    i.__0printf         mc_w.l(printfa.o)
    0x080033bc   0x00000028   Code   RO         3530    i.__ARM_fpclassify  m_ws.l(fpclassify.o)
    0x080033e4   0x00000026   Code   RO         3532    i.__ARM_fpclassifyf  m_ws.l(fpclassifyf.o)
    0x0800340a   0x000000aa   Code   RO         3548    i.__kernel_poly     m_ws.l(poly.o)
    0x080034b4   0x00000006   Code   RO         3517    i.__mathlib_dbl_infnan  m_ws.l(dunder.o)
    0x080034ba   0x00000002   PAD
    0x080034bc   0x00000010   Code   RO         3522    i.__mathlib_dbl_underflow  m_ws.l(dunder.o)
    0x080034cc   0x00000006   Code   RO         3535    i.__mathlib_flt_infnan  m_ws.l(funder.o)
    0x080034d2   0x00000008   Code   RO         3537    i.__mathlib_flt_invalid  m_ws.l(funder.o)
    0x080034da   0x0000000a   Code   RO         3540    i.__mathlib_flt_underflow  m_ws.l(funder.o)
    0x080034e4   0x00000168   Code   RO         3550    i.__mathlib_rredf2  m_ws.l(rredf.o)
    0x0800364c   0x0000000e   Code   RO         3608    i.__scatterload_copy  mc_w.l(handlers.o)
    0x0800365a   0x00000002   Code   RO         3609    i.__scatterload_null  mc_w.l(handlers.o)
    0x0800365c   0x0000000e   Code   RO         3610    i.__scatterload_zeroinit  mc_w.l(handlers.o)
    0x0800366a   0x00000002   PAD
    0x0800366c   0x0000000c   Code   RO         3580    i.__set_errno       mc_w.l(errno.o)
    0x08003678   0x00000164   Code   RO         3435    i._fp_digits        mc_w.l(printfa.o)
    0x080037dc   0x000006dc   Code   RO         3436    i._printf_core      mc_w.l(printfa.o)
    0x08003eb8   0x00000024   Code   RO         3437    i._printf_post_padding  mc_w.l(printfa.o)
    0x08003edc   0x0000002e   Code   RO         3438    i._printf_pre_padding  mc_w.l(printfa.o)
    0x08003f0a   0x00000002   PAD
    0x08003f0c   0x00000220   Code   RO         3143    i.atan              m_ws.l(atan.o)
    0x0800412c   0x00000128   Code   RO          355    i.cal_myangle       main.o
    0x08004254   0x000000dc   Code   RO          356    i.cal_vecangle      main.o
    0x08004330   0x0000001e   Code   RO          357    i.change            main.o
    0x0800434e   0x0000006e   Code   RO          504    i.computeIntersection  findroad.o
    0x080043bc   0x0000013e   Code   RO          505    i.coreGetCarMove    findroad.o
    0x080044fa   0x00000002   PAD
    0x080044fc   0x0000017c   Code   RO         3153    i.cosf              m_ws.l(cosf.o)
    0x08004678   0x00000020   Code   RO          506    i.crossProduct      findroad.o
    0x08004698   0x00000016   Code   RO          508    i.deleteMoveList    findroad.o
    0x080046ae   0x00000002   PAD
    0x080046b0   0x0000010c   Code   RO          509    i.dijkstra          findroad.o
    0x080047bc   0x00000290   Code   RO          510    i.find_road         findroad.o
    0x08004a4c   0x0000001c   Code   RO          358    i.fputc             main.o
    0x08004a68   0x00000050   Code   RO         3456    i.free              mc_w.l(malloc.o)
    0x08004ab8   0x00000054   Code   RO          511    i.getCarMoveFromPoints  findroad.o
    0x08004b0c   0x0000001c   Code   RO          512    i.getDis            findroad.o
    0x08004b28   0x00000054   Code   RO          514    i.get_next_move     findroad.o
    0x08004b7c   0x0000009c   Code   RO          515    i.initDis           findroad.o
    0x08004c18   0x00000016   Code   RO          516    i.initEdgeList      findroad.o
    0x08004c2e   0x00000016   Code   RO          517    i.initMoveList      findroad.o
    0x08004c44   0x00000572   Code   RO          360    i.main              main.o
    0x080051b6   0x00000002   PAD
    0x080051b8   0x0000006c   Code   RO         3457    i.malloc            mc_w.l(malloc.o)
    0x08005224   0x0000014c   Code   RO          361    i.msgrefresh        main.o
    0x08005370   0x00000020   Code   RO          519    i.myCos             findroad.o
    0x08005390   0x00000020   Code   RO          520    i.mySin             findroad.o
    0x080053b0   0x00000188   Code   RO         3161    i.sinf              m_ws.l(sinf.o)
    0x08005538   0x0000004c   Code   RO         3169    i.sqrt              m_ws.l(sqrt.o)
    0x08005584   0x0000002c   Code   RO         3177    i.sqrtf             m_ws.l(sqrtf.o)
    0x080055b0   0x00000010   Data   RO           15    .constdata          system_stm32f1xx.o
    0x080055c0   0x00000008   Data   RO           16    .constdata          system_stm32f1xx.o
    0x080055c8   0x000000e0   Data   RO          631    .constdata          index_map.o
    0x080056a8   0x000000e0   Data   RO          632    .constdata          index_map.o
    0x08005788   0x00000055   Data   RO          633    .constdata          index_map.o
    0x080057dd   0x00000055   Data   RO          634    .constdata          index_map.o
    0x08005832   0x00000070   Data   RO          635    .constdata          index_map.o
    0x080058a2   0x00011cc4   Data   RO          636    .constdata          index_map.o
    0x08017566   0x00000002   PAD
    0x08017568   0x00000098   Data   RO         3144    .constdata          m_ws.l(atan.o)
    0x08017600   0x00000020   Data   RO         3551    .constdata          m_ws.l(rredf.o)
    0x08017620   0x00000020   Data   RO         3606    Region$$Table       anon$$obj.o


    Execution Region RW_IRAM1 (Base: 0x20000000, Size: 0x00002428, Max: 0x0000c000, ABSOLUTE)

    Base Addr    Size         Type   Attr      Idx    E Section Name        Object

    0x20000000   0x00000004   Data   RW           17    .data               system_stm32f1xx.o
    0x20000004   0x00000020   Data   RW          363    .data               main.o
    0x20000024   0x00000004   Data   RW         1912    .data               stm32f1xx_hal.o
    0x20000028   0x00000004   Data   RW         3567    .data               mc_w.l(stdout.o)
    0x2000002c   0x00000004   Data   RW         3576    .data               mc_w.l(mvars.o)
    0x20000030   0x00000004   Data   RW         3577    .data               mc_w.l(mvars.o)
    0x20000034   0x00000004   Data   RW         3581    .data               mc_w.l(errno.o)
    0x20000038   0x000002f9   Zero   RW          362    .bss                main.o
    0x20000331   0x00000003   PAD
    0x20000334   0x00001af4   Zero   RW          521    .bss                findroad.o
    0x20001e28   0x00000200   Zero   RW            2    HEAP                startup_stm32f103xe.o
    0x20002028   0x00000400   Zero   RW            1    STACK               startup_stm32f103xe.o


==============================================================================

Image component sizes


      Code (inc. data)   RO Data    RW Data    ZI Data      Debug   Object Name

      2064         90          0          0       6900      11510   findroad.o
         0          0      73630          0          0        787   index_map.o
      3542        516          0         32        761      15776   main.o
        36          8        304          0       1536        780   startup_stm32f103xe.o
       132         22          0          4          0       3459   stm32f1xx_hal.o
       228         14          0          0          0      26821   stm32f1xx_hal_cortex.o
       304          8          0          0          0       1055   stm32f1xx_hal_dma.o
       532         48          0          0          0       3590   stm32f1xx_hal_gpio.o
      2050         38          0          0          0      10434   stm32f1xx_hal_i2c.o
       720         98          0          0          0       4444   stm32f1xx_hal_msp.o
      1296        104          0          0          0       5252   stm32f1xx_hal_rcc.o
      1862         64          0          0          0      14953   stm32f1xx_hal_tim.o
        84          0          0          0          0       2182   stm32f1xx_hal_tim_ex.o
      1402         10          0          0          0       8139   stm32f1xx_hal_uart.o
        90         24          0          0          0       6033   stm32f1xx_it.o
        72         16         24          4          0     484223   system_stm32f1xx.o

    ----------------------------------------------------------------------
     14442       1060      73992         40       9200     599438   Object Totals
         0          0         32          0          0          0   (incl. Generated)
        28          0          2          0          3          0   (incl. Padding)

    ----------------------------------------------------------------------

      Code (inc. data)   RO Data    RW Data    ZI Data      Debug   Library Member Name

       544         70        152          0          0        124   atan.o
       380         52          0          0          0        124   cosf.o
        22          6          0          0          0        136   dunder.o
        40          0          0          0          0         68   fpclassify.o
        38          0          0          0          0         68   fpclassifyf.o
        24          0          0          0          0        204   funder.o
       170          0          0          0          0         96   poly.o
       360         16         32          0          0         88   rredf.o
       392         54          0          0          0        124   sinf.o
        76          0          0          0          0         84   sqrt.o
        44          0          0          0          0         80   sqrtf.o
         0          0          0          0          0          0   entry.o
         0          0          0          0          0          0   entry10a.o
         0          0          0          0          0          0   entry11a.o
         8          4          0          0          0          0   entry2.o
         4          0          0          0          0          0   entry5.o
         0          0          0          0          0          0   entry7b.o
         0          0          0          0          0          0   entry8b.o
         8          4          0          0          0          0   entry9a.o
        12          6          0          4          0         68   errno.o
        30          0          0          0          0          0   handlers.o
        36          8          0          0          0         68   init.o
         0          0          0          0          0          0   iusefp.o
        30          0          0          0          0         68   llshl.o
        36          0          0          0          0         68   llsshr.o
        32          0          0          0          0         68   llushr.o
       188         20          0          0          0        160   malloc.o
        36          0          0          0          0         68   memcpya.o
        36          0          0          0          0        108   memseta.o
         0          0          0          8          0          0   mvars.o
      2226         90          0          0          0        444   printfa.o
         0          0          0          4          0          0   stdout.o
        44          0          0          0          0         80   uidiv.o
        98          0          0          0          0         92   uldiv.o
        48          0          0          0          0         68   cdrcmple.o
        20          0          0          0          0         68   cfcmple.o
        20          0          0          0          0         68   cfrcmple.o
        56          0          0          0          0         88   d2f.o
       334          0          0          0          0        148   dadd.o
       222          0          0          0          0        100   ddiv.o
       186          0          0          0          0        176   depilogue.o
        62          0          0          0          0         80   dfixi.o
        48          0          0          0          0         68   dfixul.o
        34          0          0          0          0         76   dflti.o
       228          0          0          0          0         96   dmul.o
        46          0          0          0          0         80   dscalb.o
       162          0          0          0          0        100   dsqrt.o
        38          0          0          0          0         68   f2d.o
       176          0          0          0          0        140   fadd.o
       124          0          0          0          0         88   fdiv.o
       110          0          0          0          0        168   fepilogue.o
        50          0          0          0          0         68   ffixi.o
        18          0          0          0          0         68   fflti.o
        10          0          0          0          0         68   ffltui.o
       100          0          0          0          0         76   fmul.o
        60          0          0          0          0         76   frnd.o
        24          0          0          0          0         68   fscalb.o
        94          0          0          0          0         96   fsqrt.o

    ----------------------------------------------------------------------
      7190        330        184         16          0       4688   Library Totals
         6          0          0          0          0          0   (incl. Padding)

    ----------------------------------------------------------------------

      Code (inc. data)   RO Data    RW Data    ZI Data      Debug   Library Name

      2090        198        184          0          0       1196   m_ws.l
      2824        132          0         16          0       1292   mc_w.l
      2270          0          0          0          0       2200   mf_w.l

    ----------------------------------------------------------------------
      7190        330        184         16          0       4688   Library Totals

    ----------------------------------------------------------------------

==============================================================================


      Code (inc. data)   RO Data    RW Data    ZI Data      Debug   

     21632       1390      74176         56       9200     594866   Grand Totals
     21632       1390      74176         56       9200     594866   ELF Image Totals
     21632       1390      74176         56          0          0   ROM Totals

==============================================================================

    Total RO  Size (Code + RO Data)                95808 (  93.56kB)
    Total RW  Size (RW Data + ZI Data)              9256 (   9.04kB)
    Total ROM Size (Code + RO Data + RW Data)      95864 (  93.62kB)

==============================================================================

